warning: 'businessmath': found 22 file(s) which are unhandled; explicitly declare them as resources or exclude from the target
    /Users/jpurnell/Dropbox/Computer/Development/Swift/Playgrounds/Math/BusinessMath/Tests/BusinessMathTests/Error Handling Tests/ErrorHandlingTests.swift.before_final_fix
    /Users/jpurnell/Dropbox/Computer/Development/Swift/Playgrounds/Math/BusinessMath/Tests/BusinessMathTests/MonteCarlo/CorrelationMatrixTests.swift.disabled
    /Users/jpurnell/Dropbox/Computer/Development/Swift/Playgrounds/Math/BusinessMath/Tests/BusinessMathTests/Performance Tests/CachingOptimizationTests.swift.disabled
    /Users/jpurnell/Dropbox/Computer/Development/Swift/Playgrounds/Math/BusinessMath/Tests/BusinessMathTests/Performance Tests/PerformanceOptimizationTests.swift.disabled
    /Users/jpurnell/Dropbox/Computer/Development/Swift/Playgrounds/Math/BusinessMath/Tests/BusinessMathTests/Developer Tools Tests/ModelInspectorTests.swift.disabled
    /Users/jpurnell/Dropbox/Computer/Development/Swift/Playgrounds/Math/BusinessMath/Tests/BusinessMathTests/MonteCarlo/PercentilesTests.swift.bak
    /Users/jpurnell/Dropbox/Computer/Development/Swift/Playgrounds/Math/BusinessMath/Tests/BusinessMathTests/Optimization Tests/ConstraintTests.swift.bak3
    /Users/jpurnell/Dropbox/Computer/Development/Swift/Playgrounds/Math/BusinessMath/Tests/BusinessMathTests/Time Series Tests/PerformanceTests.swift.disabled
    /Users/jpurnell/Dropbox/Computer/Development/Swift/Playgrounds/Math/BusinessMath/Tests/BusinessMathTests/Error Handling Tests/ErrorHandlingTests.swift.backup
    /Users/jpurnell/Dropbox/Computer/Development/Swift/Playgrounds/Math/BusinessMath/Tests/BusinessMathTests/Integer Programming Tests/BranchAndCutTests.swift.disabled
    /Users/jpurnell/Dropbox/Computer/Development/Swift/Playgrounds/Math/BusinessMath/Tests/BusinessMathTests/MonteCarlo/CorrelatedNormalsTests.swift.bak
    /Users/jpurnell/Dropbox/Computer/Development/Swift/Playgrounds/Math/BusinessMath/Tests/BusinessMathTests/Optimization Tests/VectorSpaceTests.swift.comment
    /Users/jpurnell/Dropbox/Computer/Development/Swift/Playgrounds/Math/BusinessMath/Tests/BusinessMathTests/Optimization Tests/VectorSpaceTests.swift.backup
    /Users/jpurnell/Dropbox/Computer/Development/Swift/Playgrounds/Math/BusinessMath/Tests/BusinessMathTests/MonteCarlo/SimulationResultsTests.swift.bak
    /Users/jpurnell/Dropbox/Computer/Development/Swift/Playgrounds/Math/BusinessMath/Tests/BusinessMathTests/Diagnostics Tests/ModelDebuggerTests.swift.bak
    /Users/jpurnell/Dropbox/Computer/Development/Swift/Playgrounds/Math/BusinessMath/Tests/BusinessMathTests/MonteCarlo/SimulationStatisticsTests.swift.bak
    /Users/jpurnell/Dropbox/Computer/Development/Swift/Playgrounds/Math/BusinessMath/Tests/BusinessMathTests/Optimization Tests/VectorSpaceTests.swift.bak2
    /Users/jpurnell/Dropbox/Computer/Development/Swift/Playgrounds/Math/BusinessMath/Tests/BusinessMathTests/MonteCarlo/MultiVariableMonteCarloTests.swift.bak
    /Users/jpurnell/Dropbox/Computer/Development/Swift/Playgrounds/Math/BusinessMath/Tests/BusinessMathTests/Optimization Tests/VectorSpaceTests.swift.prob
    /Users/jpurnell/Dropbox/Computer/Development/Swift/Playgrounds/Math/BusinessMath/Tests/BusinessMathTests/Optimization Tests/VectorSpaceTests.swift.statfix
    /Users/jpurnell/Dropbox/Computer/Development/Swift/Playgrounds/Math/BusinessMath/Tests/BusinessMathTests/Optimization/MultivariateOptimizerIntegrationTests.swift.bak
    /Users/jpurnell/Dropbox/Computer/Development/Swift/Playgrounds/Math/BusinessMath/Tests/BusinessMathTests/Optimization Tests/VectorSpaceTests.swift.cleanup
warning: 'businessmath': found 17 file(s) which are unhandled; explicitly declare them as resources or exclude from the target
    /Users/jpurnell/Dropbox/Computer/Development/Swift/Playgrounds/Math/BusinessMath/Examples/Originals/DriverOptimizationExample.swift
    /Users/jpurnell/Dropbox/Computer/Development/Swift/Playgrounds/Math/BusinessMath/Examples/Originals/OptimizationExample.swift
    /Users/jpurnell/Dropbox/Computer/Development/Swift/Playgrounds/Math/BusinessMath/Examples/Originals/PolynomialRegressionValidationExample.swift
    /Users/jpurnell/Dropbox/Computer/Development/Swift/Playgrounds/Math/BusinessMath/Examples/Originals/ResourceAllocationExample.swift
    /Users/jpurnell/Dropbox/Computer/Development/Swift/Playgrounds/Math/BusinessMath/Examples/Originals/ProductionPlanningExample.swift
    /Users/jpurnell/Dropbox/Computer/Development/Swift/Playgrounds/Math/BusinessMath/Examples/Originals/PortfolioOptimizationExample.swift
    /Users/jpurnell/Dropbox/Computer/Development/Swift/Playgrounds/Math/BusinessMath/Examples/Originals/ReidsRaisinsDemo.swift
    /Users/jpurnell/Dropbox/Computer/Development/Swift/Playgrounds/Math/BusinessMath/Examples/Originals/VectorSpaceExample.swift
    /Users/jpurnell/Dropbox/Computer/Development/Swift/Playgrounds/Math/BusinessMath/Examples/README.md
    /Users/jpurnell/Dropbox/Computer/Development/Swift/Playgrounds/Math/BusinessMath/Examples/Originals/QuickStart.swift
    /Users/jpurnell/Dropbox/Computer/Development/Swift/Playgrounds/Math/BusinessMath/Examples/Originals/ConstrainedOptimizationExample.swift
    /Users/jpurnell/Dropbox/Computer/Development/Swift/Playgrounds/Math/BusinessMath/Examples/Originals/TemplateRegistryExample.swift
    /Users/jpurnell/Dropbox/Computer/Development/Swift/Playgrounds/Math/BusinessMath/Examples/Originals/ExponentialDecayValidationExample.swift
    /Users/jpurnell/Dropbox/Computer/Development/Swift/Playgrounds/Math/BusinessMath/Examples/Originals/GoalSeekExample.swift
    /Users/jpurnell/Dropbox/Computer/Development/Swift/Playgrounds/Math/BusinessMath/Examples/Originals/LinearRegressionValidationExample.swift
    /Users/jpurnell/Dropbox/Computer/Development/Swift/Playgrounds/Math/BusinessMath/Examples/PERFORMANCE.md
    /Users/jpurnell/Dropbox/Computer/Development/Swift/Playgrounds/Math/BusinessMath/Examples/Originals/FakeDataSimulationExample.swift
[0/1] Planning build
Building for debugging...
[0/6] Write swift-version--58304C5D6DBC2206.txt
Build complete! (0.60s)
Test Suite 'All tests' started at 2025-12-26 22:26:43.531.
Test Suite 'BusinessMathPackageTests.xctest' started at 2025-12-26 22:26:43.533.
Test Suite 'ModelValidationEdgeCaseTests' started at 2025-12-26 22:26:43.533.
Test Case '-[BusinessMathTests.ModelValidationEdgeCaseTests testNumericalGradient_DiscontiniousFunction]' started.
Test Case '-[BusinessMathTests.ModelValidationEdgeCaseTests testNumericalGradient_DiscontiniousFunction]' passed (0.002 seconds).
Test Case '-[BusinessMathTests.ModelValidationEdgeCaseTests testNumericalGradient_HighDimensional]' started.
Test Case '-[BusinessMathTests.ModelValidationEdgeCaseTests testNumericalGradient_HighDimensional]' passed (0.000 seconds).
Test Case '-[BusinessMathTests.ModelValidationEdgeCaseTests testNumericalGradient_LargeStepSize]' started.
Test Case '-[BusinessMathTests.ModelValidationEdgeCaseTests testNumericalGradient_LargeStepSize]' passed (0.000 seconds).
Test Case '-[BusinessMathTests.ModelValidationEdgeCaseTests testNumericalGradient_VerySmallStepSize]' started.
Test Case '-[BusinessMathTests.ModelValidationEdgeCaseTests testNumericalGradient_VerySmallStepSize]' passed (0.000 seconds).
Test Case '-[BusinessMathTests.ModelValidationEdgeCaseTests testParameterRecovery_ExactTolerance]' started.
Test Case '-[BusinessMathTests.ModelValidationEdgeCaseTests testParameterRecovery_ExactTolerance]' passed (0.102 seconds).
Test Case '-[BusinessMathTests.ModelValidationEdgeCaseTests testParameterRecovery_VeryStrictTolerance]' started.
Test Case '-[BusinessMathTests.ModelValidationEdgeCaseTests testParameterRecovery_VeryStrictTolerance]' passed (0.118 seconds).
Test Case '-[BusinessMathTests.ModelValidationEdgeCaseTests testParameterRecoveryReport_AllParametersPass]' started.
Test Case '-[BusinessMathTests.ModelValidationEdgeCaseTests testParameterRecoveryReport_AllParametersPass]' passed (0.887 seconds).
Test Case '-[BusinessMathTests.ModelValidationEdgeCaseTests testParameterRecoveryReport_EmptySummaryHandling]' started.
Test Case '-[BusinessMathTests.ModelValidationEdgeCaseTests testParameterRecoveryReport_EmptySummaryHandling]' passed (0.000 seconds).
Test Case '-[BusinessMathTests.ModelValidationEdgeCaseTests testReciprocalFitting_DifferentLearningRates]' started.
Test Case '-[BusinessMathTests.ModelValidationEdgeCaseTests testReciprocalFitting_DifferentLearningRates]' passed (0.045 seconds).
Test Case '-[BusinessMathTests.ModelValidationEdgeCaseTests testReciprocalFitting_ExtremeOutlier]' started.
/Users/jpurnell/Dropbox/Computer/Development/Swift/Playgrounds/Math/BusinessMath/Sources/BusinessMath/Optimization/Algorithms/MultivariateGradientDescent.swift:187: error: -[BusinessMathTests.ModelValidationEdgeCaseTests testReciprocalFitting_ExtremeOutlier] : failed: caught error: "nonFiniteValue(message: "Gradient norm is not finite")"
Test Case '-[BusinessMathTests.ModelValidationEdgeCaseTests testReciprocalFitting_ExtremeOutlier]' failed (0.044 seconds).
Test Case '-[BusinessMathTests.ModelValidationEdgeCaseTests testReciprocalFitting_IdenticalDataPoints]' started.
Test Case '-[BusinessMathTests.ModelValidationEdgeCaseTests testReciprocalFitting_IdenticalDataPoints]' passed (0.015 seconds).
Test Case '-[BusinessMathTests.ModelValidationEdgeCaseTests testReciprocalFitting_PoorInitialization]' started.
Test Case '-[BusinessMathTests.ModelValidationEdgeCaseTests testReciprocalFitting_PoorInitialization]' passed (0.222 seconds).
Test Case '-[BusinessMathTests.ModelValidationEdgeCaseTests testReciprocalFitting_SingleDataPoint]' started.
Test Case '-[BusinessMathTests.ModelValidationEdgeCaseTests testReciprocalFitting_SingleDataPoint]' passed (0.001 seconds).
Test Case '-[BusinessMathTests.ModelValidationEdgeCaseTests testReciprocalFitting_TwoDataPoints]' started.
Test Case '-[BusinessMathTests.ModelValidationEdgeCaseTests testReciprocalFitting_TwoDataPoints]' passed (0.006 seconds).
Test Case '-[BusinessMathTests.ModelValidationEdgeCaseTests testReciprocalModel_LargeX]' started.
Test Case '-[BusinessMathTests.ModelValidationEdgeCaseTests testReciprocalModel_LargeX]' passed (0.000 seconds).
Test Case '-[BusinessMathTests.ModelValidationEdgeCaseTests testReciprocalModel_VeryLargeParameters]' started.
Test Case '-[BusinessMathTests.ModelValidationEdgeCaseTests testReciprocalModel_VeryLargeParameters]' passed (0.000 seconds).
Test Case '-[BusinessMathTests.ModelValidationEdgeCaseTests testReciprocalModel_VerySmallParameters]' started.
Test Case '-[BusinessMathTests.ModelValidationEdgeCaseTests testReciprocalModel_VerySmallParameters]' passed (0.000 seconds).
Test Case '-[BusinessMathTests.ModelValidationEdgeCaseTests testReciprocalModel_XNearZero]' started.
Test Case '-[BusinessMathTests.ModelValidationEdgeCaseTests testReciprocalModel_XNearZero]' passed (0.000 seconds).
Test Case '-[BusinessMathTests.ModelValidationEdgeCaseTests testReciprocalRecovery_HighNoise]' started.
Test Case '-[BusinessMathTests.ModelValidationEdgeCaseTests testReciprocalRecovery_HighNoise]' passed (0.646 seconds).
Test Case '-[BusinessMathTests.ModelValidationEdgeCaseTests testReciprocalRecovery_NoNoise]' started.
Test Case '-[BusinessMathTests.ModelValidationEdgeCaseTests testReciprocalRecovery_NoNoise]' passed (0.331 seconds).
Test Case '-[BusinessMathTests.ModelValidationEdgeCaseTests testReciprocalSimulation_VeryNarrowXRange]' started.
Test Case '-[BusinessMathTests.ModelValidationEdgeCaseTests testReciprocalSimulation_VeryNarrowXRange]' passed (0.000 seconds).
Test Case '-[BusinessMathTests.ModelValidationEdgeCaseTests testReciprocalSimulation_VeryWideXRange]' started.
Test Case '-[BusinessMathTests.ModelValidationEdgeCaseTests testReciprocalSimulation_VeryWideXRange]' passed (0.000 seconds).
Test Suite 'ModelValidationEdgeCaseTests' failed at 2025-12-26 22:26:45.956.
	 Executed 22 tests, with 1 failure (1 unexpected) in 2.421 (2.423) seconds
Test Suite 'NonlinearRegressionTests' started at 2025-12-26 22:26:45.956.
Test Case '-[BusinessMathTests.NonlinearRegressionTests testNumericalGradient_AtMinimum]' started.
Test Case '-[BusinessMathTests.NonlinearRegressionTests testNumericalGradient_AtMinimum]' passed (0.000 seconds).
Test Case '-[BusinessMathTests.NonlinearRegressionTests testNumericalGradient_SimpleQuadratic]' started.
Test Case '-[BusinessMathTests.NonlinearRegressionTests testNumericalGradient_SimpleQuadratic]' passed (0.000 seconds).
Test Case '-[BusinessMathTests.NonlinearRegressionTests testNumericalGradient_ThreeDimensions]' started.
Test Case '-[BusinessMathTests.NonlinearRegressionTests testNumericalGradient_ThreeDimensions]' passed (0.000 seconds).
Test Case '-[BusinessMathTests.NonlinearRegressionTests testParameterRecoveryCheck_BasicRun]' started.
Test Case '-[BusinessMathTests.NonlinearRegressionTests testParameterRecoveryCheck_BasicRun]' passed (0.117 seconds).
Test Case '-[BusinessMathTests.NonlinearRegressionTests testParameterRecoveryCheck_EmptyReplicateSummary]' started.
Test Case '-[BusinessMathTests.NonlinearRegressionTests testParameterRecoveryCheck_EmptyReplicateSummary]' passed (0.000 seconds).
Test Case '-[BusinessMathTests.NonlinearRegressionTests testParameterRecoveryCheck_MultipleReplicates]' started.
Test Case '-[BusinessMathTests.NonlinearRegressionTests testParameterRecoveryCheck_MultipleReplicates]' passed (0.527 seconds).
Test Case '-[BusinessMathTests.NonlinearRegressionTests testParameterRecoveryCheck_ToleranceChecking]' started.
Test Case '-[BusinessMathTests.NonlinearRegressionTests testParameterRecoveryCheck_ToleranceChecking]' passed (0.862 seconds).
Test Case '-[BusinessMathTests.NonlinearRegressionTests testParameterRecoveryReport_SummaryFormat]' started.
Test Case '-[BusinessMathTests.NonlinearRegressionTests testParameterRecoveryReport_SummaryFormat]' passed (0.107 seconds).
Test Case '-[BusinessMathTests.NonlinearRegressionTests testReciprocalFitting_LogLikelihoodImproves]' started.
Test Case '-[BusinessMathTests.NonlinearRegressionTests testReciprocalFitting_LogLikelihoodImproves]' passed (0.115 seconds).
Test Case '-[BusinessMathTests.NonlinearRegressionTests testReciprocalFitting_RunsWithoutCrashing]' started.
Test Case '-[BusinessMathTests.NonlinearRegressionTests testReciprocalFitting_RunsWithoutCrashing]' passed (0.054 seconds).
Test Case '-[BusinessMathTests.NonlinearRegressionTests testReciprocalFitting_SmallSampleSize]' started.
Test Case '-[BusinessMathTests.NonlinearRegressionTests testReciprocalFitting_SmallSampleSize]' passed (0.029 seconds).
Test Case '-[BusinessMathTests.NonlinearRegressionTests testReciprocalModel_LogLikelihood]' started.
Test Case '-[BusinessMathTests.NonlinearRegressionTests testReciprocalModel_LogLikelihood]' passed (0.000 seconds).
Test Case '-[BusinessMathTests.NonlinearRegressionTests testReciprocalModel_PredictedMean]' started.
Test Case '-[BusinessMathTests.NonlinearRegressionTests testReciprocalModel_PredictedMean]' passed (0.000 seconds).
Test Case '-[BusinessMathTests.NonlinearRegressionTests testReciprocalModel_TotalLogLikelihood]' started.
Test Case '-[BusinessMathTests.NonlinearRegressionTests testReciprocalModel_TotalLogLikelihood]' passed (0.000 seconds).
Test Case '-[BusinessMathTests.NonlinearRegressionTests testReciprocalSimulation_GeneratesCorrectNumberOfPoints]' started.
Test Case '-[BusinessMathTests.NonlinearRegressionTests testReciprocalSimulation_GeneratesCorrectNumberOfPoints]' passed (0.000 seconds).
Test Case '-[BusinessMathTests.NonlinearRegressionTests testReciprocalSimulation_HighNoise]' started.
Test Case '-[BusinessMathTests.NonlinearRegressionTests testReciprocalSimulation_HighNoise]' passed (0.000 seconds).
Test Case '-[BusinessMathTests.NonlinearRegressionTests testReciprocalSimulation_WithSpecificXValues]' started.
Test Case '-[BusinessMathTests.NonlinearRegressionTests testReciprocalSimulation_WithSpecificXValues]' passed (0.000 seconds).
Test Case '-[BusinessMathTests.NonlinearRegressionTests testReciprocalSimulation_XValuesInRange]' started.
Test Case '-[BusinessMathTests.NonlinearRegressionTests testReciprocalSimulation_XValuesInRange]' passed (0.000 seconds).
Test Suite 'NonlinearRegressionTests' passed at 2025-12-26 22:26:47.771.
	 Executed 18 tests, with 0 failures (0 unexpected) in 1.814 (1.815) seconds
Test Suite 'BusinessMathPackageTests.xctest' failed at 2025-12-26 22:26:47.771.
	 Executed 40 tests, with 1 failure (1 unexpected) in 4.235 (4.238) seconds
Test Suite 'All tests' failed at 2025-12-26 22:26:47.771.
	 Executed 40 tests, with 1 failure (1 unexpected) in 4.235 (4.240) seconds
⚠ Optimizer did not improve (this can happen with gradient descent): 35.85371546581783 → -52.286160156097345
􀟈  Test run started.
􀄵  Testing Library Version: 1501
􀄵  Target Platform: arm64e-apple-macos14.0
􀟈  Suite "Financial Scenario Tests" started.
􀟈  Suite "Constrained Driver Additional Tests" started.
􀟈  Suite "Comprehensive Risk Metrics Tests" started.
􀟈  Suite "DuPont Analysis Tests" started.
􀟈  Suite "Financial Simulation Tests" started.
􀟈  Suite "Account Type Tests" started.
􀟈  Suite "Scenario Runner Error Propagation Tests" started.
􀟈  Suite "Gradient Descent Tests" started.
􀟈  Suite "SimulationInput Tests" started.
􀟈  Suite "Floating Point Formatter Tests" started.
􀟈  Suite "DocumentationExamplesTests" started.
􀟈  Suite "MultivariateOptimizer Performance Tests" started.
􀟈  Suite "Validation (Optional) - Disabled until implemented" started.
􀟈  Suite "SubscriptionBoxModelTests" started.
􀟈  Suite "CDS Pricing Tests" started.
􀟈  Suite "Additional Holt-Winters Tests" started.
􀟈  Suite "CommandLineVisualizationTests" started.
􀟈  Suite "Formatted Domain Results Tests" started.
􀟈  Suite ApproxHelpers started.
􀟈  Suite "Binomial descriptors - Edge cases" started.
􀟈  Suite "IRR Tests" started.
􀟈  Suite "DataExportTests" started.
􀟈  Suite "Validation Rule Tests" started.
􀟈  Suite "JSON Serialization Tests" started.
􁁛  Suite ApproxHelpers passed after 0.001 seconds.
􀟈  Suite "Descriptives Tests" started.
􀟈  Suite "Period Tests" started.
􀟈  Suite "Period Arithmetic Tests" started.
􀟈  Suite "Additional MigrationManager Tests" started.
􀟈  Suite "SimulationStatistics Tests" started.
􀟈  Suite "BusinessMathError Tests" started.
􀟈  Suite "CorrelatedNormals Tests" started.
􀟈  Suite "Visualization - Additional Tests (Swift Testing)" started.
􀟈  Suite "Financial Ratios Tests" started.
􀟈  Suite "Entity Tests" started.
􀟈  Suite "Portfolio Optimizer Tests" started.
􀟈  Suite "Model Validator Tests" started.
􀟈  Suite "Dispersion - Invariants and Edge Cases" started.
􀟈  Suite "Integer Specification Tests" started.
􀟈  Suite "Driver Projection Tests" started.
􀟈  Suite "TemplateRegistry Tests" started.
􀟈  Suite "DDM Performance Tests" started.
􀟈  Suite "Trend Model Tests" started.
􀟈  Suite "Unassorted Tests" started.
􀟈  Suite "Chesapeake Energy - Complete Financial Reporting" started.
􀟈  Suite "Account Tests" started.
􀟈  Suite "MonteCarloSimulation – Additional" started.
􀟈  Suite "Capital Allocation Additional Tests" started.
􀟈  Suite "Constraint Tests" started.
􀟈  Suite "Numerical Differentiation Tests" started.
􀟈  Suite "Operational Metrics Tests" started.
􀟈  Suite "SubscriptionBoxModel - Additional" started.
􀟈  Suite "Balance Sheet Tests" started.
􀟈  Suite "Simplex Solver Tests" started.
􀟈  Suite "Integration Tests" started.
􀟈  Suite RobustOptimizationTests started.
􀟈  Suite "XNPV and XIRR Tests" started.
􀟈  Suite "MarketplaceModel - Additional" started.
􀟈  Suite "CalculationTraceTests" started.
􀟈  Suite "Normal distribution" started.
􀟈  Suite "MultivariateOptimizer Protocol Tests" started.
􀟈  Suite "Cutting Plane Generation Tests" started.
􀟈  Suite "Efficiency Ratios Tests" started.
􀟈  Suite "ManufacturingModelTests" started.
􀟈  Suite "Black-Scholes Option Pricing Tests" started.
􀟈  Suite "Bond Valuation Integration Tests" started.
􀟈  Suite "Triangular Distribution Tests" started.
􀟈  Suite "Binomial Descriptor Tests" started.
􀟈  Suite "CSV Export Tests" started.
􀟈  Suite "TornadoDiagramVisualizationTests" started.
􀟈  Suite "Skewness - Properties" started.
􀟈  Suite "Deterministic Portfolio Tests" started.
􀟈  Suite "Risk Aggregation Additional Tests" started.
􀟈  Suite "Rayleigh Distribution Tests" started.
􀟈  Suite PerformanceBenchmarkTests started.
􀟈  Suite "RetailModelTests" started.
􀟈  Suite "CSV Import Tests" started.
􀟈  Suite "Parallel Optimizer Performance Tests" started.
􀟈  Suite "SimulationTests" started.
􀟈  Suite "Debt Covenants Extras" started.
􀟈  Suite MultiPeriodOptimizationTests started.
􀟈  Suite "Holt-Winters Forecasting Tests" started.
􀟈  Suite "Error Handling – Additional Tests" started.
􀟈  Suite "Bayes' Theorem Tests" started.
􀟈  Suite "Geometric Distribution Tests" started.
􀟈  Suite "LinearRegressionTests" started.
􀟈  Suite "SkewnessTests" started.
􀟈  Suite "t Distribution Tests" started.
􀟈  Suite "Financial Validation - Additional Tests" started.
􀟈  Suite AdditionalFinancialSimulationTests started.
􀟈  Suite "Financial Projection Tests" started.
􀟈  Suite "Uniform distribution" started.
􀟈  Suite "Cash Flow Statement Tests" started.
􀟈  Suite "VectorSpace Protocol" started.
􀟈  Suite "Multi-Variable Monte Carlo Tests" started.
􀟈  Suite "Standard Templates Tests" started.
􀟈  Suite "CorrelatedNormals – Additional" started.
􀟈  Suite "Inequality Optimizer Tests" started.
􀟈  Suite "Binomial Tree Option Pricing Tests" started.
􀟈  Suite "Hazard Rate Model Tests" started.
􀟈  Suite "Liquidity Ratios Tests" started.
􀟈  Suite "Credit Curve Tests" started.
􀟈  Suite "Residual Income Model Tests" started.
􀟈  Suite "Amortizing Bond Tests" started.
􀟈  Suite "Driver Projection Additional Tests" started.
􀟈  Suite "TimeSeries Analytics Tests" started.
􀟈  Suite "Parallel Multi-Start Optimizer Tests" started.
􀟈  Suite "Chi-Squared Distribution Tests" started.
􀟈  Suite "ScenarioAnalysis Tests" started.
􀟈  Suite "Normal Distribution Function Tests" started.
􀟈  Suite "FCFE Model Tests" started.
􀟈  Suite "Multivariate Newton-Raphson Tests" started.
􀟈  Suite "ModelBuilder DSL Tests" started.
􀟈  Suite "Tornado Diagram Tests" started.
􀟈  Suite "Logistic Distribution Tests" started.
􀟈  Suite "Anomaly Detection Tests" started.
􀟈  Suite "Data Cache Tests" started.
􀟈  Suite "Debug Branch and Bound" started.
􀟈  Suite "ManufacturingModel - Additional" started.
􀟈  Suite "Gamma Distribution Tests" started.
􀟈  Suite "InferenceTests" started.
􀟈  Suite "Risk Parity Optimization Tests" started.
􀟈  Suite "Time-Varying Driver Tests" started.
􀟈  Suite "SimulationStatistics – Additional" started.
􀟈  Suite "Sparse Matrix Tests" started.
􀟈  Suite "Risk Parity Deterministic Tests" started.
􀟈  Suite "MultivariateOptimizer Integration Tests" started.
􀟈  Suite "CovarianceandCorrelationTests" started.
􀟈  Suite "Newton-Raphson Tests" started.
􀟈  Suite "Real Options Analysis Tests" started.
􀟈  Suite "Profitability Ratios Tests" started.
􀟈  Suite "Enterprise Value Bridge Tests" started.
􀟈  Suite "Risk Aggregation Tests" started.
􀟈  Suite "RetailModel - Additional" started.
􀟈  Suite "Resource Allocation Tests" started.
􀟈  Suite "Equity Financing Tests" started.
􀟈  Suite "Percentiles – Additional" started.
􀟈  Suite "Capital Structure Tests" started.
􀟈  Suite "Formatted Optimization Result Tests" started.
􀟈  Suite "ModelDebugger Tests" started.
􀟈  Suite "Bond Pricing Tests" started.
􀟈  Suite "Stress Testing Additional Tests" started.
􀟈  Suite "Black-Scholes Additional Tests" started.
􀟈  Suite "Combination and Permutation Tests" started.
􀟈  Suite "Portfolio Optimization Tests" started.
􀟈  Suite "Credit Term Structure Tests" started.
􀟈  Suite "Optimizer Tests" started.
􀟈  Suite "TimeSeries Operations Tests" started.
􀟈  Suite RatioConvenienceFunctionsAdditionalTests started.
􀟈  Suite "Covariance and Correlation - Properties" started.
􀟈  Suite "Additional Moving Average Tests" started.
􀟈  Suite "PeriodType Tests" started.
􀟈  Suite "Exporter Equivalence (Swift Testing)" started.
􀟈  Suite "Pareto Distribution Tests" started.
􀟈  Suite "Seasonality Tests" started.
􀟈  Suite "Percentiles Tests" started.
􀟈  Suite "Linear Regression - Properties" started.
􀟈  Suite "Exponential Distribution Tests" started.
􀟈  Suite "Market Data Tests" started.
􀟈  Suite "AdvancedStatisticsTests" started.
􀟈  Suite "Merton Model Tests" started.
􀟈  Suite "Beta Distribution Tests" started.
􀟈  Suite "Scenario Sensitivity Analysis Tests" started.
􀟈  Suite "Production Planning Tests" started.
􀟈  Suite "Weibull Distribution Tests" started.
􀟈  Suite "FiscalCalendar Tests" started.
􀟈  Suite "Schema Migration Tests" started.
􀟈  Suite "LogNormal Distribution Tests" started.
􀟈  Suite "Tornado Diagram Additional Tests" started.
􀟈  Suite "Model Validator - Additional Tests" started.
􀟈  Suite "InvestmentBuilder DSL Tests" started.
􀟈  Suite "Normal Distribution Tests" started.
􀟈  Suite "CentralTendencyTests" started.
􀟈  Suite "NPV and Related Metrics Tests" started.
􀟈  Suite "Constrained Optimizer Tests" started.
􀟈  Suite "Audit Trail Tests" started.
􀟈  Suite "Equity Valuation Integration Tests" started.
􀟈  Suite "SimulationResults Tests" started.
􀟈  Suite "F-Distribution Tests" started.
􀟈  Suite "Logger Tests" started.
􀟈  Suite "Distribution Seeding Tests" started.
􀟈  Suite "PerformanceOptimizationTests" started.
􀟈  Suite "Operational Driver Tests" started.
􀟈  Suite "Callable Bond Tests" started.
􀟈  Suite "Financial Projection Additional Tests" started.
􀟈  Suite "Growth Rate Tests" started.
􀟈  Suite "Additional Anomaly Detection – Deterministic" started.
􀟈  Suite "Debt Covenants Tests" started.
􀟈  Suite "ErrorHandlingTests" started.
􀟈  Suite "SimulationResults – Additional" started.
􀟈  Suite "Future Value Tests" started.
􀟈  Suite "SaaSModel - Additional" started.
􀟈  Suite "Capital Allocation Tests" started.
􀟈  Suite "Driver Optimization Tests" started.
􀟈  Suite "TimeSeriesBuilder DSL Tests" started.
􀟈  Suite "Zero Coupon Bond Tests" started.
􀟈  Suite "Moving Average Forecast Tests" started.
􀟈  Suite AdaptiveOptimizerTests started.
􀟈  Suite "MarketplaceModelTests" started.
􀟈  Suite "Solvency Ratios Tests" started.
􀟈  Suite "Income Statement Tests" started.
􀟈  Suite "Multi-Period Report Tests" started.
􀟈  Suite "Payment Tests" started.
􀟈  Suite "Comprehensive Risk Metrics Additional Tests" started.
􀟈  Suite "Constrained Driver Tests" started.
􀟈  Suite "Additional DataSchema Tests" started.
􀟈  Suite "Valuation Metrics Tests" started.
􀟈  Suite "Integration Example Tests" started.
􀟈  Suite "Scenario Runner Tests" started.
􀟈  Suite StochasticOptimizationTests started.
􀟈  Suite "Sparse Matrix Performance Benchmarks" started.
􀟈  Suite "Multivariate Gradient Descent Tests" started.
􀟈  Suite "Binomial Tree Additional Tests" started.
􀟈  Suite "ModelProfiler Tests" started.
􀟈  Suite "Financial Validation Tests" started.
􀟈  Suite "Capital Structure Edge Cases" started.
􀟈  Suite "Data Schema Tests" started.
􀟈  Suite "Time-Varying Driver Additional Tests" started.
􀟈  Suite "SaaSModelTests" started.
􀟈  Suite "Convenience Methods (forecast and forecastWithConfidence)" started.
􀟈  Suite "DispersionAroundtheMeanTests" started.
􀟈  Suite "MonteCarloSimulation Tests" started.
􀟈  Suite "Triangular distribution" started.
􀟈  Suite "Lease Accounting Tests" started.
􀟈  Suite "Stress Testing Tests" started.
􀟈  Suite "Credit Metrics Tests" started.
􀟈  Suite DebtInstrumentTests started.
􀟈  Suite "TimeSeries Tests" started.
􀟈  Suite "Recovery Model Tests" started.
􀟈  Suite "Capital Budgeting Tests" started.
􀟈  Suite "Central Tendency - Properties" started.
􀟈  Suite "Present Value Tests" started.
􀟈  Suite "Branch and Bound Tests" started.
􀟈  Suite "Student's t-Distribution Tests" started.
􀟈  Suite RatioConvenienceFunctionsTests2 started.
􀟈  Suite ScenarioOptimizationTests started.
􀟈  Suite "ScenarioBuilder DSL Tests" started.
􀟈  Suite "Credit Spread Model Tests" started.
􀟈  Suite "Dividend Discount Model Tests" started.
􀟈  Suite "Hashability Semantics Tests" started.
􀟈  Suite "Operational Metrics Edge Cases" started.
􀟈  Test "Scenario with multiple driver overrides" started.
􀟈  Test "Scenario with empty name" started.
􀟈  Test "Rounded uses away-from-zero for halves" started.
􀟈  Test "Scenario creation with name and description" started.
􀟈  Test "Empty scenario is valid" started.
􀟈  Test "Override with probabilistic driver" started.
􀟈  Test "Clamp does not change values within bounds" started.
􀟈  Test "Positive clamps deterministic negatives to zero" started.
􀟈  Test "Floor and ceiling on negatives behave correctly" started.
􀟈  Test "All metrics computed successfully" started.
􀟈  Test "Negative skew for left-tailed distribution" started.
􀟈  Test "Percentiles consistent with min/max after clamping" started.
􀟈  Test "VaR 99% more extreme than VaR 95%" started.
􀟈  Test "Sortino ratio higher than Sharpe for asymmetric returns" started.
􀟈  Test "Scenario with driver overrides" started.
􀟈  Test "VaR 95% identifies 5th percentile loss" started.
􀟈  Test "Sortino ratio only penalizes downside volatility" started.
􀟈  Test "CVaR captures tail risk beyond VaR" started.
􀟈  Test "Scenario with both overrides and assumptions" started.
􀟈  Test "Excess kurtosis for fat-tailed distribution" started.
􀟈  Test "Override driver returns correct value" started.
􀟈  Test "Different scenarios have different characteristics" started.
􀟈  Test "CVaR equals VaR for uniform distribution" started.
􀟈  Test "Positive skew for right-tailed distribution" started.
􀟈  Test "Metrics description includes all values" started.
􀟈  Test "Near-zero kurtosis for normal-like distribution" started.
􀟈  Test "Financial simulation with many iterations" started.
􀟈  Test "Financial simulation calculates confidence intervals" started.
􀟈  Test "Tail risk measures severity beyond VaR" started.
􀟈  Test "Sharpe ratio positive for excess returns" started.
􀟈  Test "No drawdown for monotonically increasing series" started.
􀟈  Test "Scenario with assumptions" started.
􀟈  Test "AccountType is Codable" started.
􀟈  Test "Confidence intervals of different levels" started.
􀟈  Test "Sharpe ratio increases with higher returns" started.
􀟈  Test "Max drawdown identifies largest peak-to-trough decline" started.
􀟈  Test "Financial simulation with single iteration" started.
􀟈  Test "Financial simulation calculates probability of loss" started.
􀟈  Test "Asset, Liability, and Equity are balance sheet accounts" started.
􀟈  Test "Operating, Investing, and Financing are cash flow accounts" started.
􀟈  Test "Financial simulation calculates percentiles" started.
􀟈  Test "Financial simulation with probabilistic driver" started.
􀟈  Test "AccountType equality works" started.
􀟈  Test "Financial simulation calculates CVaR" started.
􀟈  Test "Assets and Expenses are debit accounts" started.
􀟈  Test "Financial simulation calculates VaR" started.
􀟈  Test "AccountType enum has all expected cases" started.
􀟈  Test "Learning rate too high - divergence" started.
􀟈  Test "Percentile calculation with edge cases" started.
􀟈  Test "Builder errors are propagated by ScenarioRunner" started.
􀟈  Test "Find minimum with offset" started.
􀟈  Test "Find minimum of simple quadratic" started.
􀟈  Test "Iteration history recorded" started.
􀟈  Test "Liabilities, Equity, and Revenue are credit accounts" started.
􀟈  Test "SimulationInput initialization with DistributionRandom conforming type - Uniform" started.
􀟈  Test "Numerical gradient calculation" started.
􀟈  Test "SimulationInput integration with multiple distribution types" started.
􀟈  Test "SimulationInput with triangular distribution" started.
􀟈  Test "Context-aware adapts to magnitude" started.
􀟈  Test "Significant figures with 4 digits" started.
􀟈  Test "Gradient descent with bounds" started.
􀟈  Test "Cash flow accounts are treated as debit" started.
􀟈  Test "Smart rounding preserves real decimals" started.
􀟈  Test "SimulationInput with complex custom logic" started.
􀟈  Test "Revenue and Expense are income statement accounts" started.
􀟈  Test "Context-aware snaps to integers" started.
􀟈  Test "SimulationInput metadata is optional" started.
􀟈  Test "SimulationInput initialization with DistributionRandom conforming type - Normal" started.
􀟈  Test "AccountCategory is equatable" started.
􀟈  Test "SimulationInput initialization with DistributionRandom conforming type - Weibull" started.
􀟈  Test "Financial simulation produces different results" started.
􀟈  Test "AccountCategory has three categories" started.
􀟈  Test "Gradient descent with momentum" started.
􀟈  Test "Example_CompleteWorkflow" started.
􀟈  Test "Probability of loss with safe scenario" started.
􀟈  Test "Custom formatting strategy" started.
􀟈  Test "Example_LargeScaleModeling" started.
􀟈  Test "5-way analysis separates operating performance from financing" started.
􀟈  Test "QuickStart_TimeSeriesAnalysis" started.
􀟈  Test "DuPont 3-way decomposition - basic calculation" started.
􀟈  Test "Smart rounding snaps to integer within tolerance" started.
􀟈  Test "SimulationInput with metadata" started.
􀟈  Test "SimulationInput with custom closure - random uniform" started.
􀟈  Test "Example_BestPractice_TraceForDebugging" started.
􀟈  Test "DuPont components identify ROE improvement strategies" started.
􀟈  Test "QuickStart_InvestmentAnalysis" started.
􀟈  Test "SimulationInput Sendable conformance" started.
􀟈  Test "Smart rounding treats tiny values as zero" started.
􀟈  Test "DuPont 5-way decomposition - extended analysis" started.
􀟈  Test "Example_ModelInspection" started.
􀟈  Test "SimulationInput multiple samples are different" started.
􀟈  Test "Handles NaN" started.
􀟈  Test "Format array of values" started.
􀟈  Test "Example_CalculationTracing" started.
􀟈  Test "Smart rounding removes trailing zeros" started.
􀟈  Test "SimulationInput in array for multi-variable simulation" started.
􀟈  Test "Example_ValidationAndErrorHandling" started.
􀟈  Test "Low-margin, high-turnover business (retail)" started.
􀟈  Test "High-margin, low-turnover business (luxury goods)" started.
􀟈  Test "Handles very large numbers" started.
􀟈  Test "SimulationInput initialization with custom closure" started.
􀟈  Test "Interest burden less than 1 indicates interest expense impact" started.
􀟈  Test "Significant figures handles zero" started.
􀙟  Test ratesAreWithinZeroToOne() skipped: "Enable after adding validation"
􀟈  Test "SubscriptionBoxModel_BasicSetup" started.
􀟈  Test "Handles infinity" started.
􀟈  Test "Handles very small numbers" started.
􀟈  Test "SubscriptionBoxModel_RetentionRate" started.
􀟈  Test "Example_TimeSeriesWorkflow" started.
􀟈  Test "SubscriptionBoxModel_GrossMarginPerBox" started.
􀟈  Test "Example_DataExport" started.
􀟈  Test "Handles negative numbers" started.
􀟈  Test "SubscriptionBoxModel_Projection12Months" started.
􀟈  Test "SubscriptionBoxModel_MonthlyRevenue" started.
􀟈  Test "QuickStart_BasicFinancialModel" started.
􀟈  Test "Significant figures with 3 digits" started.
􀟈  Test "Initialize CDS contract with standard terms" started.
􀟈  Test "SubscriptionBoxModel_GrossMarginPercentage" started.
􀙟  Test zeroCapacityIsRejected() skipped: "Enable after adding validation"
􀟈  Test "SubscriptionBoxModel_CustomerLifetimeValue" started.
􀟈  Test "SubscriptionBoxModel_MonthlyProfit" started.
􀟈  Test "MTM calculation for existing CDS position" started.
􀟈  Test "MTM is negative when market spread decreases" started.
􀟈  Test "SubscriptionBoxModel_SubscriberGrowth_12Months" started.
􀟈  Test "Fair spread increases with higher hazard rate" started.
􀟈  Test "SubscriptionBoxModel_TotalMonthlyCosts" started.
􀟈  Test "Forecast periods are contiguous after training series" started.
􀟈  Test "Build survival probabilities from credit spread curve" started.
􀟈  Test "Seasonality is captured across full non-Q4 months vs Q4" started.
􀟈  Test "Premium leg decreases with higher default probability" started.
􀟈  Test "Example_BestPractice_ModelValidation" started.
􀟈  Test "Confidence interval width non-decreasing with horizon" started.
􀟈  Test "Calculate premium leg PV with constant survival" started.
􀟈  Test "PlotHistogram_SmallNumbers_FormatsCorrectly" started.
􀟈  Test "Protection leg increases with higher default probability" started.
􀟈  Test "PlotHistogram_BarScaling_MaxBinGetsFullBar" started.
􀟈  Test "Calculate fair spread where premium = protection" started.
􀟈  Test "SimulationStatistics provides formatted output" started.
􀟈  Test "SubscriptionBoxModel_CACPaybackMonths" started.
􀟈  Test "Protection leg sensitive to recovery rate" started.
􀟈  Test "Build survival probabilities from constant hazard rate" started.
􀟈  Test "SimulationResults formatted probability" started.
􀟈  Test "SubscriptionBoxModel_SubscriberCount_FirstMonth" started.
􀟈  Test "p = 0 and p = 1 edge cases" started.
􀟈  Test "PlotHistogram_EmptyHistogram_ReturnsEmptyMessage" started.
􀟈  Test "PlotHistogram_MultipleBins_DisplaysAll" started.
􀟈  Test "ConstrainedOptimizationResult provides formatted output" started.
􀟈  Test "PlotHistogram_LargeNumbers_FormatsCorrectly" started.
􀟈  Test "SimulationStatistics custom formatter" started.
􀟈  Test "SimulationStatistics formatted description" started.
􀟈  Test "SubscriptionBoxModel_LTVtoCAC" started.
􀟈  Test "PlotHistogram_SingleBin_DisplaysCorrectly" started.
􀟈  Test "Invalid confidence level throws" started.
􀟈  Test "PlotHistogram_PercentageCalculation_IsAccurate" started.
􀟈  Test "Performance - Protocol dispatch vs concrete type" started.
􀟈  Test "PlotHistogram_AllBinsSameCount_ScalesCorrectly" started.
􀟈  Test "SimulationResults formatted percentiles" started.
􀟈  Test "SubscriptionBoxModel_FulfillmentCostPerBox" started.
􀟈  Test "PlotHistogram_OutputStructure_HasMultipleLines" started.
􀟈  Test "ConstrainedOptimizationResult custom formatter" started.
􀟈  Test "IRR with custom tolerance" started.
􀟈  Test "IRR with empty cash flows should throw" started.
􀟈  Test "IRR comparison with different projects" started.
􀟈  Test "IRR with zero cash flows in middle" started.
􀟈  Test "Handles skewed distributions" started.
􀟈  Test "Backtest: one-season-ahead accuracy on synthetic data" started.
􀟈  Test "IRR with all positive cash flows should throw" started.
􀟈  Test "SimulationResults provides formatted statistics" started.
􀟈  Test "PlotHistogram_ZeroCountBin_DisplaysCorrectly" started.
􀟈  Test "Handles very large simulation results" started.
􀟈  Test "ConstrainedOptimizationResult formatted description" started.
􀟈  Test "PlotHistogram_WithSimulationResults_ProducesOutput" started.
􀟈  Test "MIRR with zero cash flows" started.
􀟈  Test "Calculate protection leg PV" started.
􀟈  Test "At IRR, NPV should be zero" started.
􀟈  Test "DataExport_HandlesEmptyModel" started.
􀟈  Test "DataExport_HandlesLargeTimeSeries" started.
􀟈  Test "IRR with very small cash flows" started.
􀟈  Test "DataExport_SupportsIncludeMetadataOption" started.
􀟈  Test "MIRR with multiple negative cash flows" started.
􀟈  Test "IRR with very large cash flows" started.
􀟈  Test "DataExport_ExportsTimeSeriesToJSON" started.
􀟈  Test "NPV changes sign around IRR (local crossing check)" started.
􀟈  Test "Validation error description" started.
􀟈  Test "Software project IRR" started.
􀟈  Test "Import from invalid JSON file throws" started.
􀟈  Test "DataExport_ExportsModelToJSON" started.
􀟈  Test "DataExport_JSONIsPrettyPrinted" started.
􀟈  Test "DataExport_ExportsTimeSeriesToCSV" started.
􀟈  Test "IRR with custom max iterations" started.
􀟈  Test "DataExport_ExportsModelToCSV" started.
􀟈  Test "DataExport_ExportsInvestmentAnalysis" started.
􀟈  Test "IRR for simple investment: -100, +110" started.
􀟈  Test "NonNegative rule - valid value" started.
􀟈  Test "Encode and decode Account" started.
􀟈  Test "DataExport_CSVUsesCommaDelimiters" started.
􀟈  Test "Range rule - value at boundaries" started.
􀟈  Test "IRR for 3-year investment: -1000, +400, +400, +400" started.
􀟈  Test "PlotHistogram_OutputStructure_HasHeader" started.
􀟈  Test "IRR for project with uneven cash flows" started.
􀟈  Test "Decode invalid JSON throws" started.
􀟈  Test "MIRR with same finance and reinvestment rates" started.
􀟈  Test "Encode and decode IncomeStatement" started.
􀟈  Test "Validation result - invalid with errors" started.
􀟈  Test "Validation context with metadata" started.
􀟈  Test "Real estate investment IRR" started.
􀟈  Test "Positive rule - zero fails" started.
􀟈  Test "Encode and decode Period" started.
􀟈  Test "Parse from JSON string" started.
􀟈  Test "Required rule - nil value fails" started.
􀟈  Test "DataExport_HandlesEmptyTimeSeries" started.
􀟈  Test "IRR convergence failure with max iterations = 1" started.
􀟈  Test "Manufacturing equipment IRR" started.
􀟈  Test "IRR with negative ending cash flow" started.
􀟈  Test "Positive rule - valid value" started.
􀟈  Test "Encode and decode Entity" started.
􀟈  Test "NonNegative rule - negative value fails" started.
􀟈  Test "Convert to JSON string" started.
􀟈  Test "Validation result - valid" started.
􀟈  Test "IRR with single cash flow should throw" started.
􀟈  Test "Range rule - value in range" started.
􀟈  Test "IRR for break-even investment (IRR = 0)" started.
􀟈  Test "Positive rule - negative fails" started.
􀟈  Test "Export to JSON file with pretty printing" started.
􀟈  Test "MIRR with different rates" started.
􀟈  Test "IRR with multiple sign changes" started.
􀟈  Test "NonNegative rule - zero is valid" started.
􀟈  Test "Range rule - value below minimum" started.
􀟈  Test "Downgrades are rejected" started.
􀟈  Test "Periods with same values are equal" started.
􀟈  Test "Venture capital investment IRR" started.
􀟈  Test "Same type periods with different dates are ordered by date" started.
􀟈  Test "Create all 4 quarters" started.
􀟈  Test "Quarterly period quarters() returns self" started.
􀟈  Test "Daily period label uses compact format" started.
􀟈  Test "Periods have readable string descriptions" started.
􀟈  Test "Required rule - value present" started.
􀟈  Test "Encode and decode TimeSeries" started.
􀟈  Test "IRR with custom guess" started.
􀟈  Test "Add 12 months equals one year later" started.
􀟈  Test "Quarterly period end date is last day of third month" started.
􀟈  Test "Subtract 1 year from annual period" started.
􀟈  Test "IRR with all negative cash flows should throw" started.
􀟈  Test "Monthly period months() returns single month" started.
􀟈  Test "Subtract large number of periods" started.
􀟈  Test "Add 1 month to January gives February" started.
􀟈  Test "Annual period can be subdivided into days" started.
􀟈  Test "Create monthly period" started.
􀟈  Test "Distance and arithmetic are consistent" started.
􀟈  Test "Create quarterly period Q1" started.
􀟈  Test "Invalid driver error" started.
􀟈  Test "Quarterly period invalid quarter causes precondition failure" started.
􀟈  Test "Failing migration in the middle of a chain reports failing version" started.
􀟈  Test "Range rule - value above maximum" started.
􀟈  Test "Encode and decode BalanceSheet" started.
􀟈  Test "Daily period cannot be subdivided into months" started.
􀟈  Test "Quarterly period start date is first day of first month" started.
􀟈  Test "Mismatched dimensions error - basic" started.
􀟈  Test "Import from JSON file" started.
􀟈  Test "Century leap year" started.
􀟈  Test "Add 1 quarter to Q1 gives Q2" started.
􀟈  Test "Arithmetic preserves period type" started.
􀟈  Test "Tornado deterministic, shows base and sorted drivers" started.
􀟈  Test "Error aggregator - single error" started.
􀟈  Test "Period can be decoded from JSON" started.
􀟈  Test "Different period types are ordered by type first, then date" started.
􀟈  Test "Range for quarters" started.
􀟈  Test "Period can be encoded to JSON" started.
􀟈  Test "Entities with same ID are equal" started.
􀟈  Test "Same-version migration is a no-op even when migrations exist" started.
􀟈  Test "SimulationStatistics initialization from simple dataset" started.
􀟈  Test "Entity identifiers can be modified" started.
􀟈  Test "Insufficient data error" started.
􀟈  Test "Histogram deterministic counts and header" started.
􀟈  Test "Circular dependency error" started.
􀟈  Test "CorrelatedNormals initialization with valid inputs" started.
􀟈  Test "Subtract months across year boundary" started.
􀟈  Test "Debt Service Coverage Ratio - insufficient coverage" started.
􀟈  Test "Add large number of periods" started.
􀟈  Test "Distance for quarters" started.
􀟈  Test "Triangular distribution varies with different base" started.
􀟈  Test "Add 1 year to annual period" started.
􀟈  Test "Entity can be created with minimal parameters" started.
􀟈  Test "Periods can be used as dictionary keys" started.
􀟈  Test "Triangular distribution with zero range" started.
􀟈  Test "Add zero periods returns same period" started.
􀟈  Test "Receivables Turnover - B2B company" started.
􀟈  Test "All error codes are unique" started.
􀟈  Test "Normal distribution statistical properties" started.
􀟈  Test "Q4 to Q1 transition across years" started.
􀟈  Test "Maximum Sharpe ratio portfolio - 3 assets" started.
􀟈  Test "Uniform distribution basic tests" started.
􀟈  Test "Calculation failed error - with suggestions" started.
􀟈  Test "Equal assets produce equal weights" started.
􀟈  Test "Migrations can be registered in any order" started.
􀟈  Test "Financial model validation scenario" started.
􀟈  Test "Minimum variance portfolio - 2 assets" started.
􀟈  Test "Handle year boundaries correctly" started.
􀟈  Test "Add 3 months to January gives April" started.
􀟈  Test "Sorting mixed period types and dates" started.
􀟈  Test "Uniform distribution with wider range" started.
􀟈  Test "Distance between different period types throws error" started.
􀟈  Test "Missing inventory account throws error" started.
􀟈  Test "MonthDay is hashable" started.
􀟈  Test "Periods can be sorted chronologically" started.
􀟈  Test "identifier(for:) returns primary ID when type matches" started.
􀟈  Test "identifier(for:) prefers alternative over primary" started.
􀟈  Test "Very old and very future dates" started.
􀟈  Test "Long-only constraint set" started.
􀟈  Test "Minimum variance portfolio - 3 assets" started.
􀟈  Test "Monthly period invalid month causes precondition failure" started.
􀟈  Test "Data quality error" started.
􀟈  Test "Monthly period end date is last moment of last day" started.
􀟈  Test "Subtract 1 day from a date" started.
􀟈  Test "Return on Invested Capital - basic calculation" started.
􀟈  Test "Box constraints - minimum variance with position limits" started.
􀟈  Test "Distance from January to April is 3" started.
􀟈  Test "Risk parity portfolio - 2 assets" started.
􀟈  Test "Monthly period can be subdivided into days" started.
􀟈  Test "Entity can be created with all parameters" started.
􀟈  Test "Detailed report format" started.
􀟈  Test "Entity metadata can be modified" started.
􀟈  Test "Out of range error" started.
􀟈  Test "February leap year end date" started.
􀟈  Test "Numerical instability error" started.
􀟈  Test "Range iteration with for-in loop" started.
􀟈  Test "Division by zero error" started.
􀟈  Test "Range across year boundary" started.
􀟈  Test "Days Inventory Outstanding" started.
􀟈  Test "Risk parity portfolio - 3 assets" started.
􀟈  Test "Mismatched dimensions error - with expected/actual" started.
􀟈  Test "Validation fails with errors" started.
􀟈  Test "Help anchor URLs are generated" started.
􀟈  Test "Interest Coverage - basic calculation" started.
􀟈  Test "Error aggregator - addMany" started.
􀟈  Test "Period can be formatted with custom DateFormatter" started.
􀟈  Test "StdDev translation and scale invariance (sample)" started.
􀟈  Test "Validation report with warnings" started.
􀟈  Test "High Sharpe asset domination" started.
􀟈  Test "LocalizedError conformance" started.
􀟈  Test "Diversification benefit" started.
􀟈  Test "Days Sales Outstanding" started.
􀟈  Test "Validate valid financial projection" started.
􀟈  Test "Distance from same period to itself is 0" started.
􀟈  Test "Missing receivables account throws error" started.
􀟈  Test "Error aggregator - allErrors property" started.
􀟈  Test "All period types can round-trip encode/decode" started.
􀟈  Test "Distance for years" started.
􀟈  Test "Coefficient of variation non-negative and throws at zero mean" started.
􀟈  Test "Entities can be used as dictionary keys" started.
􀟈  Test "Subtract 1 quarter from Q2 gives Q1" started.
􀟈  Test "Entities with same ID hash to same value" started.
􀟈  Test "MonthDay is Codable" started.
􀟈  Test "Custom validation rules" started.
􀟈  Test "Calculation failed error - basic" started.
􀟈  Test "Annual period end date is December 31" started.
􀟈  Test "Unconstrained allows any weights" started.
􀟈  Test "Inventory Turnover - manufacturing company" started.
􀟈  Test "Distance backward is negative" started.
􀟈  Test "Create annual periods for multiple years" started.
􀟈  Test "Asset Turnover - basic calculation" started.
􀟈  Test "ROIC with different tax rates" started.
􀟈  Test "Can use range in array operations" started.
􀟈  Test "MonthDay can be created" started.
􀟈  Test "Maximum Sharpe ratio portfolio - 2 assets" started.
􀟈  Test "Range with single period" started.
􀟈  Test "Daily period start date is beginning of day" started.
􀟈  Test "Daily period days() returns self" started.
􀟈  Test "Optimizer converges quickly" started.
􀟈  Test "Inconsistent data error" started.
􀟈  Test "StdDev translation and scale invariance (population)" started.
􀟈  Test "Error aggregator - multiple errors" started.
􀟈  Test "Validation failed error - multiple errors" started.
􀟈  Test "identifier(for:) returns alternative identifier when available" started.
􀟈  Test "Conservative vs aggressive portfolios" started.
􀟈  Test "identifier(for:) returns nil when not found" started.
􀟈  Test "Invalid input error - basic message" started.
􀟈  Test "Subtract 12 months equals one year earlier" started.
􀟈  Test "ROE vs ROA - leverage effect" started.
􀟈  Test "All identifier types can be used" started.
􀟈  Test "Entity is Codable" started.
􀟈  Test "MonthDay can represent calendar year end" started.
􀟈  Test "Create daily period from Date" started.
􀟈  Test "Debt Service Coverage Ratio - basic calculation" started.
􀟈  Test "Missing data error" started.
􀟈  Test "Year period can be subdivided into 12 months" started.
􀟈  Test "Invalid input error - with value and range" started.
􀟈  Test "Add 1 day to a date" started.
􀟈  Test "Return on Equity - basic calculation" started.
􀟈  Test "Entities with different IDs are not equal" started.
􀟈  Test "Efficient frontier generation" started.
􀟈  Test "Monthly period cannot be subdivided into quarters" started.
􀟈  Test "Interest Coverage - missing interest expense" started.
􀟈  Test "Add quarters across year boundary" started.
􀟈  Test "Annual period start date is January 1" started.
􀟈  Test "Validation failed error - single error" started.
􀟈  Test "Range count equals distance plus one" started.
􀟈  Test "Compare ROA, ROE, and ROIC" started.
􀟈  Test "Error codes follow categorization scheme" started.
􀟈  Test "Add days across month boundary" started.
􀟈  Test "Year period can be subdivided into 4 quarters" started.
􀟈  Test "Error aggregator - empty" started.
􀟈  Test "Circular dependency detection scenario" started.
􀟈  Test "Debt Service Coverage Ratio - tight coverage" started.
􀟈  Test "Return on Assets - negative net income" started.
􀟈  Test "Negative arithmetic produces earlier periods" started.
􀟈  Test "Interest Coverage - distressed company" started.
􀟈  Test "Same period retrieves same value from dictionary" started.
􀟈  Test "Periods with different values are not equal" started.
􀟈  Test "Monthly period start date is first of month" started.
􀟈  Test "Distance across years" started.
􀟈  Test "Leap year handling in arithmetic" started.
􀟈  Test "February non-leap year has 28 days" started.
􀟈  Test "Create monthly period for all 12 months" started.
􀟈  Test "Subtract days across month boundary" started.
􀟈  Test "Very long range creates many periods" started.
􀟈  Test "Return on Assets - basic calculation" started.
􀟈  Test "Distance for days" started.
􀟈  Test "Extract median time series" started.
􀟈  Test "Period exposes its reference date" started.
􀟈  Test "Negative value error" started.
􀟈  Test "Revenue projection with uncertainty" started.
􀟈  Test "Cannot register template with empty version" started.
􀟈  Test "Arithmetic with negative numbers" started.
􀟈  Test "Cannot register template with empty name" started.
􀟈  Test "Quarterly period can be subdivided into days" started.
􀟈  Test "Range for years" started.
􀟈  Test "Annual period label uses compact format" started.
􀟈  Test "Earlier period is less than later period" started.
􀟈  Test "Monte Carlo projection statistics consistency" started.
􀟈  Test "Export non-existent template throws error" started.
􀟈  Test "Convenience initializers" started.
􀟈  Test "Period exposes its type" started.
􀟈  Test "Subtract 1 month from February gives January" started.
􀟈  Test "February leap year has 29 days" started.
􀟈  Test "Binary feasibility checking" started.
􀟈  Test "Extract standard deviation time series" started.
􀟈  Test "Most fractional variable selection" started.
􀟈  Test "Subtract zero periods returns same period" started.
􀟈  Test "Extract percentile time series" started.
􀟈  Test "Get all templates" started.
􀟈  Test "Periods from different years sort correctly" started.
􀟈  Test "Mixed integer and binary variables" started.
􀟈  Test "Multi-period projection maintains independent samples" started.
􀟈  Test "Addition and subtraction are inverses" started.
􀟈  Test "Monthly period label uses compact format" started.
􀟈  Test "Distance from January to February is 1" started.
􀟈  Test "Quarter period can be subdivided into 3 months" started.
􀟈  Test "Quarterly period label uses compact format" started.
􀟈  Test "Monte Carlo projection with deterministic driver" started.
􀟈  Test "Find templates by tag" started.
􀟈  Test "Schema parameter validation" started.
􀟈  Test "Subtract quarters across year boundary" started.
􀟈  Test "Range from January to March creates 3 months" started.
􀟈  Test "Return on Equity - negative equity scenario" started.
􀟈  Test "Deterministic projection creates correct time series" started.
􀟈  Test "Rounding preserves non-integer variables" started.
􀟈  Test "Compare LinearTrend vs ExponentialTrend fit quality" started.
􀟈  Test "SOS2 constraint checking" started.
􀟈  Test "Different models produce different projections" started.
􀟈  Test "Daily period cannot be subdivided into quarters" started.
􀟈  Test "Can create range spanning multiple years" started.
􀟈  Test "Add months across year boundary" started.
􀟈  Test "Fit with single data point" started.
􀟈  Test "Unregister template" started.
􀟈  Test "Package can be encoded to JSON" started.
􀟈  Test "Import template from package" started.
􀟈  Test "Create Chesapeake multi-period report" started.
􀟈  Test "Create Chesapeake operational metrics" started.
􀟈  Test "Validate correct template" started.
􀟈  Test "Verify Chesapeake credit metrics" started.
􀟈  Test "Template category display names" started.
􀟈  Test "LogisticTrend with early growth phase" started.
􀟈  Test "All categories are defined" started.
􀟈  Test "User growth with ExponentialTrend" started.
􀟈  Test "Register multiple templates" started.
􀟈  Test "Profit projection with full Monte Carlo" started.
􀟈  Test "Fit with two data points" started.
􀟈  Test "Extract expected (mean) time series" started.
􀟈  Test "Find templates by category" started.
􀟈  Test "CustomTrend with constant function" started.
􀟈  Test "CustomTrend with quadratic function" started.
􀟈  Test "Export template to package" started.
􀟈  Test "Gordon Growth - single calculation performance" started.
􀟈  Test "Analyze Chesapeake unit economics trends" started.
􀟈  Test "Market saturation with LogisticTrend" started.
􀟈  Test "Register template successfully" started.
􀟈  Test "Analyze Chesapeake revenue growth" started.
􀟈  Test "Integer feasibility checking - all integer" started.
􀟈  Test "Complete export/import workflow" started.
􀟈  Test "Analyze Chesapeake margin trends" started.
􀟈  Test "ExponentialTrend fits to exponential growth" started.
􀟈  Test "Fit with no variance (all same values)" started.
􀟈  Test "Cannot import package with invalid checksum" started.
􀟈  Test "Validation report formatting" started.
􀟈  Test "Monte Carlo projection with probabilistic driver" started.
􀟈  Test "Verify Chesapeake liquidity ratios" started.
􀟈  Test "Project many periods" started.
􀟈  Test "Find template by name" started.
􀟈  Test "LinearTrend fits to upward trend" started.
􀟈  Test "Probabilistic projection creates valid time series" started.
􀟈  Test "Account periods match time series" started.
􀟈  Test "LinearTrend is shift invariant (adds constant to projections)" started.
􀟈  Test "Create Chesapeake quarterly financial summaries" started.
􀟈  Test "Clear all templates" started.
􀟈  Test "SOS1 constraint checking" started.
􀟈  Test "ExponentialTrend with zero or negative values should handle gracefully" started.
􀟈  Test "Create Chesapeake quarterly financial statements" started.
􀟈  Test "Create annual period" started.
􀟈  Test "LinearTrend fits to downward trend" started.
􀟈  Test "Account creation fails with empty time series" started.
􀟈  Test "Expense account is categorized correctly" started.
􀟈  Test "Get template metadata" started.
􀟈  Test "Schema with examples" started.
􀟈  Test "Analyze Chesapeake leverage trends" started.
􀟈  Test "Chesapeake data is Codable" started.
􀟈  Test "Account can be created with minimal parameters" started.
􀟈  Test "LogisticTrend approaches capacity" started.
􀟈  Test "Calculate Chesapeake production growth rate" started.
􀟈  Test "ExponentialTrend is scale invariant (projections scale)" started.
􀟈  Test "Exported package has valid checksum" started.
􀟈  Test "Deterministic custom inputs produce deterministic results" started.
􀟈  Test "Revenue account is categorized correctly" started.
􀟈  Test "ExponentialTrend with small values" started.
􀟈  Test "Complete Chesapeake financial analysis workflow" started.
􀟈  Test "Corrected standard error for finite population" started.
􀟈  Test "AccountMetadata is Codable" started.
􀟈  Test "Fisher r-to-z transformation" started.
􀟈  Test "Track Chesapeake production trends" started.
􀟈  Test "Percentile location" started.
􀟈  Test "Account creation fails with empty name" started.
􀟈  Test "Prefers lower capital when ROI ties (if specified by design)" started.
􀟈  Test "Account creation fails with whitespace-only name" started.
􀟈  Test "Mean of discrete distribution" started.
􀟈  Test "AccountMetadata can be created with all fields" started.
􀟈  Test "Liability account is categorized correctly" started.
􀟈  Test "AccountMetadata can be created empty" started.
􀟈  Test "Project zero periods returns empty" started.
􀟈  Test "T-statistic from rho" started.
􀟈  Test "Revenue forecast with LinearTrend" started.
􀟈  Test "Z-score Fisher r transformation" started.
􀟈  Test "Margin of error" started.
􀟈  Test "Equity account is categorized correctly" started.
􀟈  Test "Account is Codable" started.
􀟈  Test "Accounts with different types are not equal" started.
􀟈  Test "Rho correlation tests" started.
􀟈  Test "AccountMetadata is equatable" started.
􀟈  Test "Probability distribution function" started.
􀟈  Test "Operating cash flow account is categorized correctly" started.
􀟈  Test "Hypergeometric distribution" started.
􀟈  Test "Accounts with same entity, name, and type are equal" started.
􀟈  Test "Accounts with different names are not equal" started.
􀟈  Test "Variance of discrete distribution" started.
􀟈  Test "Account time series values can be accessed" started.
􀟈  Test "Monte Carlo integration" started.
􀟈  Test "Account can be created with metadata" started.
􀟈  Test "Accounts can be used as dictionary keys" started.
􀟈  Test "Confidence interval from CI" started.
􀟈  Test "Z-statistic calculation" started.
􀟈  Test "Non-negativity constraints gradients" started.
􀟈  Test "Variance of binomial" started.
􀟈  Test "Chi-squared CDF" started.
􀟈  Test "Leverage constraint satisfaction" started.
􀟈  Test "Combined long-only portfolio constraints" started.
􀟈  Test "LinearTrend with flat data" started.
􀟈  Test "Standard error calculation" started.
􀟈  Test "Single element vector constraint" started.
􀟈  Test "Spearman's rho correlation" started.
􀟈  Test "Constraint type checking" started.
􀟈  Test "Variance discrete - alternate" started.
􀟈  Test "Solve 3x3 linear system" started.
􀟈  Test "Position minimum constraints satisfaction" started.
􀟈  Test "Standard deviation of binomial" started.
􀟈  Test "Account has descriptive string representation" started.
􀟈  Test "Gradient at minimum" started.
􀟈  Test "Constraint violations computation" started.
􀟈  Test "Budget constraint gradient" started.
􀟈  Test "Exponential CDF" started.
􀟈  Test "Required sample size" started.
􀟈  Test "Z-score for percentile" started.
􀟈  Test "Hessian with mixed partials" started.
􀟈  Test "Matrix inversion verification" started.
􀟈  Test "Z-score for confidence interval" started.
􀟈  Test "Interesting observation detection" started.
􀟈  Test "Maximum violation computation" started.
􀟈  Test "Z-score from rho" started.
􀟈  Test "Target return constraint satisfaction" started.
􀟈  Test "Position limit constraints satisfaction" started.
􀟈  Test "Gradient and Hessian consistency" started.
􀟈  Test "Gradient of 3D function" started.
􀟈  Test "Percentile from formal parameters" started.
􀟈  Test "P-value calculation" started.
􀟈  Test "Constraint with tolerance edge case" started.
􀟈  Test "Sample size calculation" started.
􀟈  Test "Error function inverse" started.
􀟈  Test "Budget constraint satisfaction" started.
􀟈  Test "Correlation breakpoint calculation" started.
􀟈  Test "P-value calculation" started.
􀟈  Test "Non-negativity constraints satisfaction" started.
􀟈  Test "Gradient of Rosenbrock function" started.
􀟈  Test "Time series rejects metrics from different entities" started.
􀟈  Test "Invert 2x2 matrix" started.
􀟈  Test "Hessian of quadratic function" started.
􀟈  Test "Non-negativity constraints creation" started.
􀟈  Test "Standard error calculation" started.
􀟈  Test "Percentile from mean and standard deviation" started.
􀟈  Test "Invert 3x3 identity matrix" started.
􀟈  Test "Uniform CDF" started.
􀟈  Test "Derived metric returns nil for division by zero" started.
􀟈  Test "Target return constraint gradient" started.
􀟈  Test "High-dimensional constraints" started.
􀟈  Test "Operational metrics are Codable" started.
􀟈  Test "Derived metric returns nil for missing metric" started.
􀟈  Test "Extract time series for specific metric" started.
􀟈  Test "Numerical gradient for constraint without explicit gradient" started.
􀟈  Test "Equality constraint creation and evaluation" started.
􀟈  Test "P-value detailed" started.
􀟈  Test "Hessian of 3D quadratic form" started.
􀟈  Test ltvIgnoresCACAndUsesGrossMarginPerBox() started.
􀟈  Test "Hessian symmetry" started.
􀟈  Test "Operational metrics with metadata" started.
􀟈  Test "Mean of binomial distribution" started.
􀟈  Test revenueIdentityHoldsInMonth1() started.
􀟈  Test "Empty vector constraint" started.
􀟈  Test "Confidence interval calculation" started.
􀟈  Test "Create operational metrics for e-commerce company" started.
􀟈  Test "Numerical gradient for portfolio variance" started.
􀟈  Test "Inequality constraint creation and evaluation" started.
􀟈  Test "Gradient of quadratic function" started.
􀟈  Test "Singular matrix throws" started.
􀟈  Test "Estimated mean from probabilities" started.
􀟈  Test "Normal PDF" started.
􀟈  Test "Solve 2x2 linear system" started.
􀟈  Test "Inverse normal CDF" started.
􀟈  Test "Bernoulli trial" started.
􀟈  Test "Explicit gradient for inequality constraint" started.
􀟈  Test "Quick Ratio - with inventory" started.
􀟈  Test "Error function inverse - alternate" started.
􀟈  Test "Sample correlation coefficient" started.
􀟈  Test "Explicit gradient for equality constraint" started.
􀟈  Test "Poisson distribution" started.
􀟈  Test "Calculate derived metric - revenue per customer" started.
􀟈  Test "Calculate growth rate for metric" started.
􀟈  Test "Gradient with non-finite values throws" started.
􀟈  Test "Asset account is categorized correctly" started.
􀟈  Test "Box constraints satisfaction" started.
􀟈  Test "Create operational metrics for SaaS company" started.
􀟈  Test "Materialized balance sheet has all metrics pre-computed" started.
􀟈  Test "Total liabilities is sum of all liability accounts" started.
􀟈  Test "Total equity is sum of all equity accounts" started.
􀟈  Test "Balance sheet creation fails with wrong account type in equity" started.
􀟈  Test "Debt Ratio vs Equity Ratio" started.
􀟈  Test "Current ratio is current assets divided by current liabilities" started.
􀟈  Test "Current assets are assets with Current category" started.
􀟈  Test "Gradient with Vector2D" started.
􀟈  Test "Binomial experiment" started.
􀟈  Test "Validate passes when assets equal liabilities plus equity" started.
􀟈  Test "Create time series from operational metrics" started.
􀟈  Test "Balance sheet creation fails with wrong account type in assets" started.
􀟈  Test "Time series automatically sorts by period" started.
􀟈  Test "Validate fails when assets do not equal liabilities plus equity" started.
􀟈  Test "Small coefficient values" started.
􀟈  Test "Quick Ratio - no inventory" started.
􀟈  Test "Equity ratio is total equity divided by total assets" started.
􀟈  Test "Balance sheet is Codable" started.
􀟈  Test "Create operational metrics for oil & gas company" started.
􀟈  Test "Cash Ratio - with marketable securities" started.
􀟈  Test "Balance sheet creation fails with wrong account type in liabilities" started.
􀟈  Test "Balance sheet can be created with assets, liabilities, and equity" started.
􀟈  Test "Debt Ratio - basic calculation" started.
􀟈  Test "Historical data to trend to forecast to NPV" started.
􀟈  Test "Calculate derived metric - cost per unit" started.
􀟈  Test "Single variable problem" started.
􀟈  Test "Lower bound constraint (x ≥ k)" started.
􀟈  Test "Multi-year monthly data aggregation and analysis" started.
􀟈  Test "Debt to equity is interest-bearing debt divided by total equity" started.
􀟈  Test "Balance sheet creation fails with entity mismatch" started.
􀟈  Test "Degenerate problem" started.
􀟈  Test "Unbounded problem" started.
􀟈  Test "Minimization with simple bounds" started.
􀟈  Test "Debt Ratio - no debt" started.
􀟈  Test "Mixed constraint types" started.
􀟈  Test "Numerical derivative calculation" started.
􀟈  Test "Total assets is sum of all asset accounts" started.
􀟈  Test "Loan amortization schedule generation" started.
􀟈  Test "5-variable problem" started.
􀟈  Test "Multiple upper bounds on same variable" started.
􀟈  Test "Debt Ratio - high leverage" started.
􀟈  Test ellipsoidalUncertaintySet() started.
􀟈  Test "XIRR with negative ending cash flow" started.
􀟈  Test robustVsNonRobustComparison() started.
􀟈  Test "Seasonal business with trend and forecasting" started.
􀟈  Test "Build time series and calculate NPV end-to-end" started.
􀟈  Test "Working capital is current assets minus current liabilities" started.
􀟈  Test "Complete investment analysis workflow" started.
􀟈  Test "Real estate investment with irregular cash flows" started.
􀟈  Test "Equality constraints" started.
􀟈  Test "Cash Ratio - no cash accounts" started.
􀟈  Test "Business loan with irregular payments" started.
􀟈  Test worstCasePortfolioWithBoxUncertainty() started.
􀟈  Test "XNPV with dates spanning leap year" started.
􀟈  Test "Balance sheet can be created with multiple accounts" started.
􀟈  Test "Current liabilities are liabilities with Current category" started.
􀟈  Test "3D optimization problem" started.
􀟈  Test boxUncertaintySet() started.
􀟈  Test "Complete revenue projection model with seasonality" started.
􀟈  Test "Real estate investment with rental income" started.
􀟈  Test "Large coefficient values" started.
􀟈  Test conservativeAllocation() started.
􀟈  Test convergenceWithSampleSizes() started.
􀟈  Test "Simple 2D LP - maximize profit" started.
􀟈  Test stochasticVsRobustComparison() started.
􀟈  Test "Monthly to quarterly aggregation" started.
􀟈  Test "Infeasible problem" started.
􀟈  Test "XIRR with monthly cash flows" started.
􀟈  Test "XIRR with long time period (decades)" started.
􀟈  Test robustWithDiscreteUncertainty() started.
􀟈  Test singleAssetPortfolio() started.
􀟈  Test monthToMonthRecurrenceHolds() started.
􀟈  Test "XNPV with mismatched dates and cash flows should throw" started.
􀟈  Test "Simple 2D LP - minimize cost" started.
􀟈  Test "Venture capital investment with multiple rounds" started.
􀟈  Test "XNPV with irregular intervals" started.
􀟈  Test "XIRR with all negative cash flows should throw" started.
􀟈  Test zeroUncertainty() started.
􀟈  Test "Cash Ratio - basic calculation" started.
􀟈  Test discreteUncertaintySet() started.
􀟈  Test "XIRR with all positive cash flows should throw" started.
􀟈  Test "XNPV with empty arrays should throw" started.
􀟈  Test robustProductionPlanning() started.
􀟈  Test "XNPV with zero rate" started.
􀟈  Test "XNPV with dates in reverse order should handle gracefully" started.
􀟈  Test constraintSatisfactionInAllScenarios() started.
􀟈  Test "XIRR with irregular intervals" started.
􀟈  Test "Binary constraints from Branch & Bound" started.
􀟈  Test internalIdentitiesConsistentInMonth1() started.
􀟈  Test "XIRR with regular intervals should match IRR" started.
􀟈  Test "XIRR with short time period (days)" started.
􀟈  Test "Non-standard normal parameters honored" started.
􀟈  Test "XNPV with duplicate dates aggregates correctly" started.
􀟈  Test "XNPV with regular intervals should match NPV" started.
􀟈  Test "Standard normal moments within reasonable tolerance" started.
􀟈  Test "Multi-stage growth analysis" started.
􀟈  Test "CalculationTrace_CanClearTrace" started.
􀟈  Test "CalculationTrace_MaintainsStepOrder" started.
􀟈  Test "XNPV with all cash flows on same date" started.
􀟈  Test "CalculationTrace_TracksCostCalculation" started.
􀟈  Test "Result type contains expected fields" started.
􀟈  Test "Unconstrained optimizer rejects constraints" started.
􀟈  Test "Protocol conformance - GradientDescent" started.
􀟈  Test "Protocol works with different vector types" started.
􀟈  Test "Convenience method without constraints" started.
􀟈  Test "Protocol conformance - NewtonRaphson" started.
􀟈  Test "Stock portfolio with irregular dividends" started.
􀟈  Test "No cut generated for integer solution" started.
􀟈  Test "CalculationTrace_TracksProfitCalculation" started.
􀟈  Test "CalculationTrace_GeneratesFormattedOutput" started.
􀟈  Test "CalculationTrace_ProvidesStepAccess" started.
􀟈  Test "Zero objective function" started.
􀟈  Test "Degenerate normal with stdDev = 0 returns the mean" started.
􀟈  Test "Cutting plane convergence" started.
􀟈  Test "Generate multiple cuts from tableau" started.
􀟈  Test "Select most violated cut" started.
􀟈  Test "Calculate inventory turnover ratio correctly" started.
􀟈  Test "Calculate asset turnover ratio correctly" started.
􀟈  Test "ManufacturingModel_Projection12Months" started.
􀟈  Test "Verify cut doesn't eliminate integer points" started.
􀟈  Test "ManufacturingModel_CapacityUtilization" started.
􀟈  Test "CalculationTrace_HandlesComplexModels" started.
􀟈  Test "Cutting planes reduce branch count" started.
􀟈  Test "Constrained optimizer accepts inequality constraints" started.
􀟈  Test "Generate Gomory cut from fractional LP solution" started.
􀟈  Test "Equality-only optimizer rejects inequality constraints" started.
􀟈  Test "Generate cut for mixed-integer problem" started.
􀟈  Test "Algorithm swapping at runtime" started.
􀟈  Test "Constrained optimizer accepts equality constraints" started.
􀟈  Test "CalculationTrace_TracksRevenueCalculation" started.
􀟈  Test "Gomory cut strengthens LP bound" started.
􀟈  Test "Generate cover cut for knapsack constraint" started.
􀟈  Test "Verify cut eliminates fractional point" started.
􀟈  Test "Call rho is positive, put rho is negative" started.
􀟈  Test "Theta is negative for long options (time decay)" started.
􀟈  Test "Workflow: Build and analyze credit curve from market spreads" started.
􀟈  Test "ManufacturingModel_ProductionEfficiency" started.
􀟈  Test "ManufacturingModel_ProfitAtBreakEven" started.
􀟈  Test "Call delta is between 0 and 1" started.
􀟈  Test "Workflow: Credit portfolio expected loss calculation" started.
􀟈  Test "At-the-money put option" started.
􀟈  Test "ManufacturingModel_BreakEvenUnits" started.
􀟈  Test "Out-of-the-money call option" started.
􀟈  Test "ManufacturingModel_UnitCostCalculation" started.
􀟈  Test "Gamma is positive for both calls and puts" started.
􀟈  Test "Vega is positive for both calls and puts" started.
􀟈  Test "ManufacturingModel_ContributionMarginRatio" started.
􀟈  Test "ManufacturingModel_BasicSetup" started.
􀟈  Test "Workflow: Volatility impact on callable bond pricing" started.
􀟈  Test "Complete workflow: Z-Score → Default Probability → Credit Spread → Bond Price" started.
􀟈  Test "In-the-money put option" started.
􀟈  Test "ManufacturingModel_MonthlyProfit" started.
􀟈  Test "Put delta is between -1 and 0" started.
􀟈  Test "Workflow: Spread decomposition into credit and option components" started.
􀟈  Test "ManufacturingModel_OverheadPerUnit" started.
􀟈  Test "In-the-money call option" started.
􀟈  Test "ManufacturingModel_ContributionMarginPerUnit" started.
􀟈  Test "Put-call parity holds" started.
􀟈  Test "Triangular distribution with base at low" started.
􀟈  Test "ManufacturingModel_BreakEvenRevenue" started.
􀟈  Test "High volatility increases option value" started.
􀟈  Test "Workflow: Cross-validate models with round-trip calculations" started.
􀟈  Test "Triangular distribution struct next() method" started.
􀟈  Test "Triangular distribution with base at high" started.
􀟈  Test "Triangular distribution different ranges" started.
􀟈  Test "Workflow: Credit deterioration impact on bond value" started.
􀟈  Test "Triangular distribution struct stores parameters" started.
􀟈  Test "Triangular distribution uniform when base is center" started.
􀟈  Test "ManufacturingModel_UnitCostAtPartialCapacity" started.
􀟈  Test "Triangular distribution function produces values within bounds" started.
􀟈  Test "Standard deviation binomial" started.
􀟈  Test "Triangular distribution variance formula" started.
􀟈  Test "Triangular distribution mean formula (a+b+c)/3" started.
􀟈  Test "At-the-money call option" started.
􀟈  Test "Right-skewed triangular distribution (base near low)" started.
􀟈  Test "PlotTornadoDiagram_ZeroImpact_DisplaysCorrectly" started.
􀟈  Test "Triangular distribution struct random() method" started.
􀟈  Test "Triangular distribution mode is most frequent value" started.
􀟈  Test "Mean binomial" started.
􀟈  Test "Triangular distribution project estimation use case" started.
􀟈  Test "Export time series to CSV (wide format)" started.
􀟈  Test "Export multiple time series - header order alphabetical and aligned rows" started.
􀟈  Test "Triangular distribution seeding produces deterministic results" started.
􀟈  Test "Workflow: Callable bond analysis with OAS decomposition" started.
􀟈  Test "Export multiple time series" started.
􀟈  Test "Export time series to CSV (long format)" started.
􀟈  Test "Very short time to expiry" started.
􀟈  Test "PlotTornadoDiagram_HasHeader" started.
􀟈  Test "Variance binomial" started.
􀟈  Test "Round-trip: export then import" started.
􀟈  Test "PlotTornadoDiagram_NegativeOutputValues_HandlesCorrectly" started.
􀟈  Test "PlotTornadoDiagram_FormatsLargeNumbers" started.
􀟈  Test "PlotTornadoDiagram_MultipleInputs_ShowsAllInRankedOrder" started.
􀟈  Test "Export long format - strict header and row order" started.
􀟈  Test "Symmetric triangular distribution statistical properties" started.
􀟈  Test "PlotTornadoDiagram_NegativeImpact_ShowsCorrectDirection" started.
􀟈  Test "Aggregate VaR scaling invariance" started.
􀟈  Test "Component VaR handles zero weights" started.
􀟈  Test "Aggregate VaR correlation monotonicity" started.
􀟈  Test "Efficient frontier has non-decreasing expected returns (two assets, constant)" started.
􀟈  Test "Rayleigh distribution struct next() method" started.
􀟈  Test "Rayleigh distribution magnitude of 2D normal vector" started.
􀟈  Test "Optimizer beats equal weights on simple two-asset constant case" started.
􀟈  Test "Left-skewed triangular distribution (base near high)" started.
􀟈  Test "PlotTornadoDiagram_HasMultipleLines" started.
􀟈  Test "PlotTornadoDiagram_ShowsBaseCaseValue" started.
􀟈  Test "Export with custom number formatting" started.
􀟈  Test "PlotTornadoDiagram_SingleInput_DisplaysCorrectly" started.
􀟈  Test "Rayleigh distribution wind speed application" started.
􀟈  Test "PlotTornadoDiagram_EmptyInputs_ReturnsEmptyMessage" started.
􀟈  Test "Rayleigh distribution right-skewed" started.
􀟈  Test "Rayleigh distribution seeding produces deterministic results" started.
􀟈  Test "PlotTornadoDiagram_PositiveImpact_ShowsCorrectDirection" started.
􀟈  Test "Rayleigh distribution percentiles" started.
􀟈  Test "Euler allocation consistency and component VaR equality" started.
􀟈  Test quickOptimization() started.
􀟈  Test "Aggregate VaR with perfect negative correlation (equal VaRs)" started.
􀟈  Test "Rayleigh distribution function produces non-negative values" started.
􀟈  Test singleTrial() started.
􀟈  Test "Rayleigh distribution statistical properties" started.
􀟈  Test "Sharpe ratio is finite and non-NaN" started.
􀟈  Test winnerSelection() started.
􀟈  Test quickCompare() started.
􀟈  Test "Skewness is zero (or near) for symmetric data" started.
􀟈  Test "Aggregate VaR known numeric cases" started.
􀟈  Test profileSingleRun() started.
􀟈  Test summaryReport() started.
􀟈  Test compareOptimizers() started.
􀟈  Test "Rayleigh distribution different scale parameters" started.
􀟈  Test successRateCalculation() started.
􀟈  Test "RetailModel_GrossProfitCalculation" started.
􀟈  Test "Rayleigh distribution mode" started.
􀟈  Test "RetailModel_SeasonalRevenue" started.
􀟈  Test executionTimeMeasurement() started.
􀟈  Test "Rayleigh distribution always positive" started.
􀟈  Test statisticalMeasures() started.
􀟈  Test "RetailModel_InventoryTurnoverCalculation" started.
􀟈  Test "RetailModel_NetProfitMargin" started.
􀟈  Test "RetailModel_MarkupCalculation" started.
􀟈  Test "RetailModel_NetProfitCalculation" started.
􀟈  Test "Rayleigh distribution struct random() method" started.
􀟈  Test performanceDifferences() started.
􀟈  Test "RetailModel_COGSCalculation" started.
􀟈  Test "Rayleigh distribution CDF properties" started.
􀟈  Test "Rayleigh distribution struct stores mean parameter" started.
􀟈  Test "Import with semicolon delimiter" started.
􀟈  Test "Import CSV without header" started.
􀟈  Test "RetailModel_GrossMarginCalculation" started.
􀟈  Test detailedReport() started.
􀟈  Test "RetailModel_BasicSetup" started.
􀟈  Test "Import time series with missing values" started.
􀟈  Test "Import quarter labels like 2024-Q1" started.
􀟈  Test "Import trims whitespace" started.
􀟈  Test "Import simple time series from CSV" started.
􀟈  Test "Malformed CSV row is skipped (deterministic)" started.
􀟈  Test "Rayleigh distribution extreme values" started.
􀟈  Test "Import missing values - skipped rows (deterministic)" started.
􀟈  Test "DistributionRayleighFunction" started.
􀟈  Test "UniformDistribution" started.
􀟈  Test "DistributionRayleighStruct" started.
􀟈  Test "DistributionNormal" started.
􀟈  Test "Import with different date formats" started.
􀟈  Test "TriangularZero" started.
􀟈  Test "Waiver expires and covenant fails after expiration" started.
􀟈  Test "Import simple time series - verify parsed periods" started.
􀟈  Test "Import multiple time series from CSV" started.
􀟈  Test benchmarkWithConstraints() started.
􀟈  Test "RetailModel_DaysInventoryOutstanding" started.
􀟈  Test singlePeriod() started.
􀟈  Test cumulativeBudgetConstraint() started.
􀟈  Test "Verify parallel execution completes faster" started.
􀟈  Test terminalConstraint() started.
􀟈  Test "Insufficient data throws error" started.
􀟈  Test "Train model on seasonal data" started.
􀟈  Test "Capture seasonality pattern" started.
􀟈  Test portfolioRebalancingWithTransactionCosts() started.
􀟈  Test "Headroom is negative when covenant is breached" started.
􀟈  Test nonNegativityConstraints() started.
􀟈  Test "Different alpha values" started.
􀟈  Test "Predict future values" started.
􀟈  Test "BusinessMathError_Equatable_CircularDependency_DifferentPath" started.
􀟈  Test twoPeriodWithTurnoverConstraint() started.
􀟈  Test "All error cases produce human-readable localizedDescription" started.
􀟈  Test "Different confidence levels" started.
􀟈  Test "Initial cost of zero is invalid and reports value" started.
􀟈  Test constraintSatisfaction() started.
􀟈  Test simpleThreePeriodPortfolio() started.
􀟈  Test multiPeriodProductionPlanning() started.
􀟈  Test "BusinessMathError_Equatable_CalculationFailed_SameErrors" started.
􀟈  Test "BusinessMathError_Equatable_DifferentCases" started.
􀟈  Test "DistributionRayleighSmallMean" started.
􀟈  Test "Constant data (no trend or seasonality)" started.
􀟈  Test trajectoryConstraint() started.
􀟈  Test "Valid inputs do not throw" started.
􀟈  Test "High prior probability" started.
􀟈  Test transitionConstraint() started.
􀟈  Test "Low prior probability with imperfect test" started.
􀟈  Test "Discount rate NaN is invalid and includes expected range" started.
􀟈  Test "Perfect test accuracy" started.
􀟈  Test "Discount rate +infinity is invalid and includes expected range" started.
􀟈  Test "Handle malformed CSV" started.
􀟈  Test "RetailModel_Projection12Months" started.
􀟈  Test "BusinessMathError_Equatable_InvalidInput_SameErrors" started.
􀟈  Test "Forecast with confidence intervals" started.
􀟈  Test "Medical test with 1% disease prevalence" started.
􀟈  Test "IRR non-convergence description includes operation and iteration hint" started.
􀟈  Test "BusinessMathError_Equatable_DivisionByZero_SameContext" started.
􀟈  Test "Division by zero includes denominator and operation in context" started.
􀟈  Test "BusinessMathError_Equatable_NegativeValue_SameErrors" started.
􀟈  Test "Discount rate boundary values accepted (0 and 1 inclusive)" started.
􀟈  Test "Symmetric case" started.
􀟈  Test "BusinessMathError_Equatable_DivisionByZero_DifferentContext" started.
􀟈  Test "Mismatched dimensions context carries numeric expected/actual" started.
􀟈  Test "Geometric distribution memoryless property" started.
􀟈  Test "RetailModel_BreakEvenRevenue" started.
􀟈  Test "BusinessMathError_Equatable_ValidationFailed_DifferentErrors" started.
􀟈  Test "BusinessMathError_Equatable_NegativeValue_DifferentValues" started.
􀟈  Test "BusinessMathError_Equatable_InvalidInput_DifferentMessages" started.
􀟈  Test "Geometric distribution mode is always 1" started.
􀟈  Test "Geometric distribution higher p means fewer trials" started.
􀟈  Test "RSquaredAdjusted" started.
􀟈  Test "Geometric distribution variance = (1-p)/p²" started.
􀟈  Test "Geometric distribution right-skewed" started.
􀟈  Test "Empty cash flows exposes count in context" started.
􀟈  Test "BusinessMathError_Equatable_CircularDependency_SamePath" started.
􀟈  Test "BusinessMathError_Equatable_CalculationFailed_DifferentSuggestions" started.
􀟈  Test discountedMultiPeriod() started.
􀟈  Test "RSquared" started.
􀟈  Test "Geometric distribution probability of first success on first trial" started.
􀟈  Test "Geometric distribution function produces positive integers" started.
􀟈  Test "Geometric distribution PMF properties" started.
􀟈  Test "MultiplyVectors" started.
􀟈  Test "Geometric distribution statistical properties - mean = 1/p" started.
􀟈  Test "Geometric distribution struct random() method" started.
􀟈  Test "Geometric distribution with different probabilities" started.
􀟈  Test "Geometric distribution struct stores probability parameter" started.
􀟈  Test "Balance sheet balances with multiple accounts across periods" started.
􀟈  Test "Balance sheet: difference exactly equals tolerance is valid" started.
􀟈  Test "Geometric distribution struct next() method" started.
􀟈  Test "Intercept" started.
􀟈  Test "Geometric distribution seeding produces deterministic results" started.
􀟈  Test "Geometric distribution waiting time application" started.
􀟈  Test "pValueStudent with large df remains within (0,1)" started.
􀟈  Test "Sample mean and stddev reasonable for Normal(1000, 100)" started.
􀟈  Test "tStatistic computes (x - mean) / stdErr" started.
􀟈  Test "SkewS" started.
􀟈  Test "pValueStudent at t=0 is higher than at t=2 (PDF peak at center)" started.
􀟈  Test "Access income statement metrics" started.
􀟈  Test "BusinessMathError_Equatable_ValidationFailed_SameErrors" started.
􀟈  Test "Infinite values are treated as errors in validation" started.
􀟈  Test "Percentiles are monotonic (Normal(1000, 100))" started.
􀟈  Test "Cash flow reconciliation with multiple accounts" started.
􀟈  Test "Slope" started.
􀟈  Test "Compare projections from different scenarios" started.
􀟈  Test "FinancialProjection with empty scenario overrides" started.
􀟈  Test "Access balance sheet metrics" started.
􀟈  Test "CoefficientOfSkew" started.
􀟈  Test "Default uniform() produces values in [0,1]" started.
􀟈  Test "Uniform(min,max) stays within bounds and moments are reasonable" started.
􀟈  Test "CVaR monotonic across confidence levels" started.
􀟈  Test "Financing cash flow is sum of all financing accounts" started.
􀟈  Test "Investing cash flow is sum of all investing accounts" started.
􀟈  Test "FinancialProjection creation with all statements" started.
􀟈  Test "Uniform(min==max) returns that bound" started.
􀟈  Test "FinancialProjection stores scenario reference" started.
􀟈  Test "tStatistic with default parameters" started.
􀟈  Test "Cash flow statement creation fails with wrong account type in financing" started.
􀟈  Test "Balance sheet: difference slightly above tolerance is invalid" started.
􀟈  Test "Access cash flow statement metrics" started.
􀟈  Test "Cash flow statement handles empty operating accounts" started.
􀟈  Test "Cash flow statement creation fails with wrong account type in investing" started.
􀟈  Test "Cash flow statement can be created with operating, investing, and financing accounts" started.
􀟈  Test "Cash flow statement creation fails with entity mismatch" started.
􀟈  Test "Cash flow statement handles empty investing accounts" started.
􀟈  Test "Net cash flow is sum of operating, investing, and financing" started.
􀟈  Test "Double as VectorSpace" started.
􀟈  Test "Cash flow statement can be created with multiple accounts" started.
􀟈  Test "Cash flow statement handles empty financing accounts" started.
􀟈  Test "VectorN operations with mismatched dimensions" started.
􀟈  Test "Multiple projections maintain independence" started.
􀟈  Test "Vector2D norm and dot product" started.
􀟈  Test "Basis vectors" started.
􀟈  Test "Materialized cash flow statement has all metrics pre-computed" started.
􀟈  Test "Vector operations - angle calculation" started.
􀙟  Test integrationWithMathFunctions() skipped: "Integration with existing math functions"
􀟈  Test "Vector serialization (Codable)" started.
􀟈  Test "Vector3D cross product" started.
􀟈  Test "Cash flow statement creation fails with wrong account type in operating" started.
􀟈  Test "Geometric distribution with p=0.5" started.
􀟈  Test "Vector operations - elementwise division" started.
􀟈  Test "pValueStudent is within (0,1)" started.
􀟈  Test "Error conditions and edge cases" started.
􀟈  Test "Operating cash flow is sum of all operating accounts" started.
􀟈  Test "Vector operations - Hadamard product" started.
􀟈  Test "Vector operations - projection" started.
􀟈  Test "Float as VectorSpace" started.
􀟈  Test "Vector2D basic operations" started.
􀟈  Test "Vector operations - statistics" started.
􀟈  Test "VectorN operations with matching dimensions" started.
􀟈  Test "Type safety and generic constraints" started.
􀟈  Test "Vector3D basic operations" started.
􀟈  Test "Vector3D norm calculation" started.
􀟈  Test "Vector with NaN and infinity" started.
􀟈  Test "VectorN subscript access" started.
􀟈  Test "Distance metrics" started.
􀟈  Test "Sendable conformance" started.
􀟈  Test "Marketplace template creates valid model" started.
􀙟  Test "Integration with probability distributions" skipped: "Statistical test with random variation - needs larger sample size or deterministic seeding"
􀟈  Test "Free cash flow is operating cash flow plus investing cash flow" started.
􀟈  Test "VectorN initialization" started.
􀟈  Test "Manufacturing template creates valid model" started.
􀟈  Test "Outer product" started.
􀟈  Test "VectorN convenience methods" started.
􀟈  Test "Register all standard templates" started.
􀟈  Test "Vector2D convenience methods" started.
􀟈  Test "Vector3D triple product" started.
􀟈  Test "Retail template creates valid model" started.
􀟈  Test "Linear interpolation" started.
􀟈  Test "Portfolio optimization simulation" started.
􀟈  Test "Cash flow statement is Codable" started.
􀟈  Test "Vector2D array conversion" started.
􀟈  Test "Vector copy-on-write semantics" started.
􀟈  Test "Integration with linear algebra operations" started.
􀟈  Test "Subscription box template creates valid model" started.
􀟈  Test "Vector operations - normalization" started.
􀟈  Test "Integration with gradient descent simulation" started.
􀟈  Test "SaaS template export and import" started.
􀟈  Test "Single variable case (1D)" started.
􀟈  Test "Cosine similarity" started.
􀟈  Test "Minimize with active inequality constraint" started.
􀟈  Test "SaaS template registration" started.
􀟈  Test "Portfolio optimization with no short-selling" started.
􀟈  Test "Tutorial example: minimize distance from (1,1) with linear constraint" started.
􀟈  Test "Minimize quadratic with box constraints" started.
􀟈  Test "Portfolio with unequal assets and no short-selling" started.
􀟈  Test "Maximize with inequality constraints" started.
􀟈  Test "SaaS template validates parameters" started.
􀟈  Test "Vector equality and hashability" started.
􀟈  Test "SaaS template creates valid model" started.
􀟈  Test "Schema completeness for all templates" started.
􀟈  Test "Realistic portfolio with correlation and no short-selling" started.
􀟈  Test "Cox process generates positive default times" started.
􀟈  Test "Binomial tree converges to Black-Scholes" started.
􀟈  Test "European call option" started.
􀟈  Test "Time-varying hazard rate default probability" started.
􀟈  Test "Constant hazard rate default density" started.
􀟈  Test "Cox process higher volatility increases spread of outcomes" started.
􀟈  Test "Higher hazard rate means lower survival" started.
􀟈  Test "Constant hazard rate default probability" started.
􀟈  Test "Time-varying hazard rate survival probability" started.
􀟈  Test "Constant hazard rate survival probability calculation" started.
􀟈  Test "Hazard rate extracted from spread produces consistent CDS pricing" started.
􀟈  Test "Higher recovery implies higher hazard for same spread" started.
􀟈  Test "Multi-variable simulation with independent variables" started.
􀟈  Test "Calculate quick ratio correctly" started.
􀟈  Test "Retail template validation" started.
􀟈  Test "European put option" started.
􀟈  Test "American call equals European call (no dividends)" started.
􀟈  Test "More steps increase accuracy" started.
􀟈  Test "Extract hazard rate from credit spread" started.
􀟈  Test "Higher spread implies higher hazard rate" started.
􀟈  Test "Calculate current ratio correctly" started.
􀟈  Test "Cox process default times vary with different seeds" started.
􀟈  Test "Credit curve construction" started.
􀟈  Test "Cumulative default probability calculation" started.
􀟈  Test "Hazard rate calculation" started.
􀟈  Test "Spread curve is upward sloping" started.
􀟈  Test "Hazard rate from spread relationship" started.
􀟈  Test "Survival probability from credit curve" started.
􀟈  Test "Reject empty constraints" started.
􀟈  Test "Portfolio with equality and inequality constraints" started.
􀟈  Test "Invalid when terminal growth >= cost of equity" started.
􀟈  Test "High ROE company" started.
􀟈  Test "Spread interpolation - exact maturity" started.
􀟈  Test "Amortizing bond cash flow schedule" started.
􀟈  Test "Equity value - single period with negative RI" started.
􀟈  Test "Amortizing bond YTM calculation" started.
􀟈  Test "Ones and zeros vectors" started.
􀟈  Test "Feasible initial point for inequalities" started.
􀟈  Test "American put worth more than European put" started.
􀟈  Test "Spread: ROE minus cost of equity" started.
􀟈  Test "Zero book value edge case" started.
􀟈  Test "Equity value - single period with positive RI" started.
􀟈  Test "RI Model - book value convergence" started.
􀟈  Test "Credit curve with generic Float type" started.
􀟈  Test "ROE calculation from model inputs" started.
􀟈  Test "Calculate residual income - negative economic profit" started.
􀟈  Test "Residual income - multi-period projection" started.
􀟈  Test "Calculate residual income - positive economic profit" started.
􀟈  Test "Cumulative default probability increases with maturity" started.
􀟈  Test "Deep ITM option worth at least intrinsic value" started.
􀟈  Test "Model with Float type" started.
􀟈  Test "Spread interpolation - between maturities" started.
􀟈  Test "RI Model vs Gordon Growth - consistency check" started.
􀟈  Test "Equity value - zero RI equals book value" started.
􀟈  Test "Constant hazard and time-varying hazard produce similar results for flat curve" started.
􀟈  Test "Calculate residual income - zero economic profit" started.
􀟈  Test "Value per share calculation" started.
􀟈  Test "Amortizing bond with semiannual coupons" started.
􀟈  Test "movingAverage with window 3" started.
􀟈  Test "exponentialMovingAverage with alpha 1.0 equals original" started.
􀟈  Test "Expected time series equals statistics.mean" started.
􀟈  Test "growthRate with lag 1 calculates period-over-period growth" started.
􀟈  Test "Equity value - multi-period projection" started.
􀟈  Test "Amortizing bond price calculation" started.
􀟈  Test "cumulative with negative values" started.
􀟈  Test "cumulative on empty series returns empty" started.
􀟈  Test "EMA with alpha = 0.0 equals flat line at first value" started.
􀟈  Test "movingAverage with window 1 returns original" started.
􀟈  Test "percentChange with lag 1" started.
􀟈  Test "diff with lag 0 should handle gracefully" started.
􀟈  Test "Year-to-date cumulative revenue" started.
􀟈  Test "rollingSum with window 3" started.
􀟈  Test "exponentialMovingAverage with alpha 0.5" started.
􀟈  Test "Low ROE company (value destroyer)" started.
􀟈  Test "growthRate handles negative values" started.
􀟈  Test "rollingMax with window 3" started.
􀟈  Test "percentChange with negative change" started.
􀟈  Test "cagr calculates compound annual growth rate" started.
􀟈  Test "Use Newton-Raphson algorithm" started.
􀟈  Test "Handle narrow search region" started.
􀟈  Test "Select best result from all starts" started.
􀟈  Test "Percentiles are within min/max for all periods" started.
􀟈  Test "Handle equality constraints" started.
􀟈  Test "Solve simple quadratic with multiple starts" started.
􀟈  Test "Handle inequality constraints" started.
􀟈  Test "diff with lag 2" started.
􀟈  Test "movingAverage with window larger than data" started.
􀟈  Test "Track all optimization results" started.
􀟈  Test "Handle single starting point" started.
􀟈  Test "Amortizing bond duration less than maturity" started.
􀟈  Test "Revenue growth analysis" started.
􀟈  Test "Calculate success rate correctly" started.
􀟈  Test "Chi-squared distribution struct next() method" started.
􀟈  Test "Chi-squared distribution with df=20" started.
􀟈  Test "Use gradient descent algorithm" started.
􀟈  Test "diff with lag 1" started.
􀟈  Test "Smoothing volatile data with moving average" started.
􀟈  Test "rollingMin with window 3" started.
􀟈  Test "Chi-squared mode property" started.
􀟈  Test "Chi-squared distribution variance relationship" started.
􀟈  Test "growthRate with lag 2" started.
􀟈  Test "cumulative calculates running sum" started.
􀟈  Test "Chi-squared distribution struct stores df parameter" started.
􀟈  Test "Chi-squared distribution struct random() method" started.
􀟈  Test "Chi-squared moment generating function" started.
􀟈  Test "Chi-squared distribution with df=1" started.
􀟈  Test "ScenarioComparison ranking by different metrics" started.
􀟈  Test "Chi-squared consistency across repeated calls" started.
􀟈  Test "ScenarioAnalysis error - missing input configuration" started.
􀟈  Test "ScenarioAnalysis basic setup" started.
􀟈  Test "ScenarioComparison initialization" started.
􀟈  Test "Chi-squared relationship to normal distribution" started.
􀟈  Test "Track best starting point" started.
􀟈  Test "Chi-squared distribution function produces positive values" started.
􀟈  Test "Multi-start finds better solution than single start" started.
􀟈  Test "Chi-squared additivity property" started.
􀟈  Test "Chi-squared parameter validation" started.
􀟈  Test "cagr with zero growth" started.
􀟈  Test "growthRate on empty series returns empty" started.
􀟈  Test "Chi-squared distribution with df=2 (exponential)" started.
􀟈  Test "Scenario with mixed fixed values and distributions" started.
􀟈  Test "normSDist" started.
􀟈  Test "ScenarioAnalysis stress testing" started.
􀟈  Test "Scenario initialization with name and inputs" started.
􀟈  Test "zScore" started.
􀟈  Test "Chi-squared distribution approaches normal as df increases" started.
􀟈  Test "Scenario configuration builder pattern" started.
􀟈  Test "ScenarioAnalysis with distributions" started.
􀟈  Test "ScenarioAnalysis run single scenario" started.
􀟈  Test "Chi-squared distribution function statistical properties - df=10" started.
􀟈  Test "normalCDF" started.
􀟈  Test "ScenarioComparison summary statistics" started.
􀟈  Test "Compare FCFE with DDM (should align if payout = 100%)" started.
􀟈  Test "SensitivityAnalysis single input" started.
􀟈  Test "Negative FCFE (company burning cash)" started.
􀟈  Test "ScenarioComparison best and worst scenarios by mean" started.
􀟈  Test "Sensitivity to terminal growth rate" started.
􀟈  Test "Equity value - simple perpetuity" started.
􀟈  Test "Sensitivity to cost of equity" started.
􀟈  Test "standardize" started.
􀟈  Test "normInv" started.
􀟈  Test "SensitivityAnalysis identifies key drivers" started.
􀟈  Test "FCFE calculation - simple case with no debt" started.
􀟈  Test "FCFE calculation - with new debt issuance" started.
􀟈  Test "ScenarioAnalysis multiple scenarios - base/best/worst" started.
􀟈  Test "Quarterly FCFE projections" started.
􀟈  Test "normDist" started.
􀟈  Test "Real-world example - tech company valuation" started.
􀟈  Test "BFGS automatic gradient on Rosenbrock function" started.
􀟈  Test "BFGS with automatic gradient computation" started.
􀟈  Test "History recording for Newton-Raphson" started.
􀟈  Test "Zero terminal growth" started.
􀟈  Test "Line search prevents overshooting" started.
􀟈  Test "BFGS automatic gradient vs explicit gradient" started.
􀟈  Test "Newton-Raphson with Vector2D" started.
􀟈  Test "Multiple scenarios" started.
􀟈  Test "Newton-Raphson on 3D sphere" started.
􀟈  Test "percentile" started.
􀟈  Test "FCFE calculation - with debt repayment" started.
􀟈  Test "Chi-squared extreme value behavior" started.
􀟈  Test "Model with conditionals - true branch" started.
􀟈  Test "SensitivityAnalysis tornado chart data" started.
􀟈  Test "Portfolio optimization with Newton-Raphson" started.
􀟈  Test "BFGS on Rosenbrock" started.
􀟈  Test "Value per share calculation" started.
􀟈  Test "Model metadata preservation" started.
􀟈  Test "BFGS on higher-dimensional sphere" started.
􀟈  Test "Newton-Raphson converges faster than gradient descent" started.
􀟈  Test "Chi-squared distribution right-skewed" started.
􀟈  Test "Invalid: growth >= cost of equity" started.
􀟈  Test "BFGS with Vector2D" started.
􀟈  Test "Empty financial model" started.
􀟈  Test "Newton-Raphson on 2D quadratic - should converge in 1 iteration" started.
􀟈  Test "Empty costs block" started.
􀟈  Test "Negative costs handling" started.
􀟈  Test "Convenience factory methods" started.
􀟈  Test "Newton-Raphson on Rosenbrock" started.
􀟈  Test "Scenario with revenue adjustment" started.
􀟈  Test "Equity value - multi-period projection" started.
􀟈  Test "Product with zero values" started.
􀟈  Test "Large numbers handling" started.
􀟈  Test "Scenario with cost adjustment" started.
􀟈  Test "normSInv" started.
􀟈  Test "Model with optional components" started.
􀟈  Test "Model with single cost component" started.
􀟈  Test "Model with single revenue component" started.
􀟈  Test "BFGS on 2D quadratic" started.
􀟈  Test "Variable cost calculation" started.
􀟈  Test "Scenario with multiple adjustments" started.
􀟈  Test "Zero revenue with variable costs" started.
􀟈  Test "Product with price and quantity" started.
􀟈  Test "Model with multiple revenue sources" started.
􀟈  Test "Complete financial model workflow" started.
􀟈  Test "Model with if-else conditionals" started.
􀟈  Test "Product chaining multiple properties" started.
􀟈  Test "Model with arrays" started.
􀟈  Test "Empty revenue block" started.
􀟈  Test "Multiple scenario comparison" started.
􀟈  Test "Fractional quantities" started.
􀟈  Test "Scenario with specific target adjustment" started.
􀟈  Test "Very small percentages" started.
􀟈  Test "Tornado diagram with single input" started.
􀟈  Test "Tornado diagram with many inputs" started.
􀟈  Test "Tornado diagram with zero variation" started.
􀟈  Test "Tornado diagram with different variation percentages" started.
􀟈  Test "Negative revenue handling" started.
􀟈  Test "Product defaults to quantity when both set" started.
􀟈  Test "Tornado diagram with low and high values" started.
􀟈  Test "Tornado diagram ranks inputs correctly" started.
􀟈  Test "Logistic distribution seeding produces deterministic results" started.
􀟈  Test "Standard logistic distribution (mean=0, stdDev=1)" started.
􀟈  Test "Logistic distribution comparison with Normal" started.
􀟈  Test "Model with conditionals - false branch" started.
􀟈  Test "Logistic distribution symmetry around mean" started.
􀟈  Test "Logistic distribution struct stores parameters" started.
􀟈  Test "Logistic distribution struct next() method" started.
􀟈  Test "Logistic distribution struct random() method" started.
􀟈  Test "Logistic distribution S-shaped CDF" started.
􀟈  Test "Logistic distribution percentiles" started.
􀟈  Test "Logistic distribution with different parameters" started.
􀟈  Test "Tornado diagram with multiple inputs" started.
􀟈  Test "Tornado diagram preserves base case value" started.
􀟈  Test "Logistic distribution growth model use case" started.
􀟈  Test "Anomaly severity classification" started.
􀟈  Test "Logistic distribution function produces finite values" started.
􀟈  Test "Fixed cost calculation" started.
􀟈  Test "Logistic distribution median equals mean" started.
􀟈  Test "Model with revenue and costs" started.
􀟈  Test "Logistic distribution heavier tails than Normal" started.
􀟈  Test "Anomaly has expected value" started.
􀟈  Test "No anomalies in normal data" started.
􀟈  Test "Constant data has no anomalies" started.
􀟈  Test "Logistic distribution range is unbounded" started.
􀟈  Test "Overwriting with different type replaces value" started.
􀟈  Test "Product with price and customers" started.
􀟈  Test "Anomaly deviation score" started.
􀟈  Test "Mixed costs calculation" started.
􀟈  Test "Insufficient data for window" started.
􀟈  Test "Small window vs large window" started.
􀟈  Test "Cache with custom TTL" started.
􀟈  Test "Cache TimeSeries object" started.
􀟈  Test "Cache eviction when full" started.
􀟈  Test "FCFE model with Float type" started.
􀟈  Test "Model with multiple cost sources" started.
􀟈  Test breakEvenWithinCapacity() started.
􀟈  Test "Gamma distribution statistical properties - mean = r/λ" started.
􀟈  Test "Gamma distribution struct random() method" started.
􀟈  Test profitIncreasesWithMoreUnitsProduced() started.
􀟈  Test "Detect anomalies with z-score" started.
􀟈  Test "Debug simple binary problem" started.
􀟈  Test "Gamma distribution waiting time application" started.
􀟈  Test "Gamma distribution right-skewed for small shape" started.
􀟈  Test "Gamma distribution struct stores parameters" started.
􀟈  Test unitCostMonotonicWithUtilization() started.
􀟈  Test "Clear cache" started.
􀟈  Test "Overwriting same key refreshes TTL" started.
􀟈  Test "Type safety - wrong type returns nil" started.
􀟈  Test "Gamma distribution different parameter combinations" started.
􀟈  Test "Gamma distribution variance = r/λ²" started.
􀟈  Test "Evict expired entries" started.
􀟈  Test "Gamma distribution approaches Normal for large shape" started.
􀟈  Test "Gamma distribution as sum of exponentials" started.
􀟈  Test "Gamma distribution seeding produces deterministic results" started.
􀟈  Test "Different threshold values" started.
􀟈  Test "SampleSizeCalculation" started.
􀟈  Test "Confidence" started.
􀟈  Test "ABTestPValue" started.
􀟈  Test overheadPerUnitDecreasesWithMoreProduction() started.
􀟈  Test "Cache and retrieve value" started.
􀟈  Test "Gamma distribution rate parameter effects" started.
􀟈  Test "ConfidenceInterval" started.
􀟈  Test "Risk parity produces valid risk metrics" started.
􀟈  Test "ChiSquarePreparation" started.
􀟈  Test "withGrowth with uncertainty adds probabilistic variation" started.
􀟈  Test "TwoSampleTTest" started.
􀟈  Test "Logistic distribution with variance parameter" started.
􀟈  Test "Gamma distribution mode for r > 1" started.
􀟈  Test "Retrieve non-existent key returns nil" started.
􀟈  Test "Risk parity allocates less to high vol assets" started.
􀟈  Test "TimeVaryingDriver produces different values for different periods" started.
􀟈  Test "Gamma distribution function produces non-negative values" started.
􀟈  Test "Risk parity with single asset" started.
􀟈  Test "TimeVaryingDriver with probabilistic time variation" started.
􀟈  Test "TimeVaryingDriver Monte Carlo shows period-specific statistics" started.
􀟈  Test "Gamma distribution shape parameter effects" started.
􀟈  Test "Risk parity returns valid allocation" started.
􀟈  Test "TimeVaryingDriver projection shows different values per period" started.
􀟈  Test "Coverage interval vs CI of the mean – semantics pin" started.
􀟈  Test "Product lifecycle model" started.
􀟈  Test "TimeVaryingDriver with deterministic time variation" started.
􀟈  Test "Gamma distribution with r=1 equals Exponential" started.
􀟈  Test "withSeasonality with uncertainty" started.
􀟈  Test "Gamma distribution struct next() method" started.
􀟈  Test "Inflation-adjusted costs" started.
􀟈  Test "withSeasonality creates quarterly patterns" started.
􀟈  Test "OneSampleTTest" started.
􀟈  Test "Single element sparse matrix" started.
􀟈  Test "Transpose preserves structure" started.
􀟈  Test "Identity matrix multiply returns same vector" started.
􀟈  Test "TimeVaryingDriver can be combined with operators" started.
􀟈  Test "Risk parity with equal volatilities gives equal weights" started.
􀟈  Test "withGrowth creates driver with linear growth" started.
􀟈  Test "Zero threshold filters small values" started.
􀟈  Test "Create sparse matrix from dense" started.
􀟈  Test "Higher-vol asset receives less weight than lower-vol asset" started.
􀟈  Test "Create sparse matrix from triplets" started.
􀟈  Test "Extract submatrix" started.
􀟈  Test "Sparse multiply performance advantage" started.
􀟈  Test "Covariance" started.
􀟈  Test "Large sparse matrix (10,000×10,000 with 0.1% density)" started.
􀟈  Test "Sparse matrix-vector multiply matches dense" started.
􀟈  Test "Create empty sparse matrix" started.
􀟈  Test "CovarianceS" started.
􀟈  Test "CorrelationCoefficient" started.
􀟈  Test "Find minimum of parabola" started.
􀟈  Test "Convergence within tolerance" started.
􀟈  Test "BiConjugate Gradient for general system" started.
􀟈  Test "Sparsity correctly calculated" started.
􀟈  Test "Terminal node returns value" started.
􀟈  Test "CG solver on 10×10 diagonal system" started.
􀟈  Test "Optimizer uses numerical derivatives correctly" started.
􀟈  Test "Expansion option with zero time" started.
􀟈  Test "CovarianceP" started.
􀟈  Test "Complex decision tree" started.
􀟈  Test "Empty decision node" started.
􀟈  Test "Decision node chooses best outcome" started.
􀟈  Test "Calculate ROE correctly" started.
􀟈  Test "Maximum iterations reached" started.
􀟈  Test "Expansion option adds value" started.
􀟈  Test "Optimization with bounds" started.
􀟈  Test "Very sparse matrix (0.1% density)" started.
􀟈  Test "Chance node calculates expected value" started.
􀟈  Test "EV to Equity - with preferred stock" started.
􀟈  Test "Compare EV bridge with direct FCFE valuation" started.
􀟈  Test "Find minimum of shifted parabola" started.
􀟈  Test "Calculate ROI correctly with investment" started.
􀟈  Test "EV to Equity - with non-operating assets" started.
􀟈  Test "Bridge with Float type" started.
􀟈  Test "Optimization with constraints" started.
􀟈  Test "Conjugate Gradient solver for SPD system" started.
􀟈  Test "Calculate profit margin correctly" started.
􀟈  Test "Abandonment option more valuable with high volatility" started.
􀟈  Test "Abandonment option adds value" started.
􀟈  Test "EV to Equity - with minority interest" started.
􀟈  Test "Aggregate VaR with zero correlation" started.
􀟈  Test "EV to Equity - simple case with net debt" started.
􀟈  Test "Round-trip: FCFF → EV → Equity → Per Share" started.
􀟈  Test "Component VaR sums to portfolio VaR" started.
􀟈  Test "Two entities with high correlation" started.
􀟈  Test "Aggregate VaR with negative correlation" started.
􀟈  Test "Calculate EV from FCFF - single period" started.
􀟈  Test "Bridge breakdown - detailed waterfall" started.
􀟈  Test "x" started.
􀟈  Test "Aggregate VaR with perfect correlation" started.
􀟈  Test "EV to Equity - comprehensive with all adjustments" started.
􀟈  Test "Single entity VaR aggregation" started.
􀟈  Test "Expansion option with high volatility" started.
􀟈  Test dioTurnoverIdentity() started.
􀟈  Test seasonalMultiplierFallbackIs1() started.
􀟈  Test "Capital budgeting - 5 projects with multiple constraints" started.
􀟈  Test "Multi-resource allocation - budget and headcount" started.
􀟈  Test "Aggregate VaR diversification benefit" started.
􀟈  Test "Marginal VaR proportional to individual risk" started.
􀟈  Test "Marginal VaR identifies risk contribution" started.
􀟈  Test "Minimum allocation requirement" started.
􀟈  Test "MultivariateGradientDescent - All variants work via protocol" started.
􀟈  Test "Zero enterprise value" started.
􀟈  Test "Excluded option cannot be selected" started.
􀟈  Test "Maximize value per dollar - efficiency optimization" started.
􀟈  Test "Single option allocation" started.
􀟈  Test "Dependency constraint - if A then B" started.
􀟈  Test "Simple budget allocation - 3 projects" started.
􀟈  Test "Weighted objective - balance value and strategic importance" started.
􀟈  Test "Marketing channel allocation" started.
􀟈  Test "Required option must be selected" started.
􀟈  Test "EV to Equity - with net cash (negative net debt)" started.
􀟈  Test "Empty options throws error" started.
􀟈  Test "Outstanding shares vs fully diluted" started.
􀟈  Test "No debt, no cash - pure EV = Equity" started.
􀟈  Test "Mutually exclusive options" started.
􀟈  Test "Calculate EV from FCFF - multi-period" started.
􀟈  Test "SAFE conversion - post-money" started.
􀟈  Test "Option pool - pre vs post timing impact" started.
􀟈  Test "Cap table with option pool" started.
􀟈  Test "Post-money valuation after round" started.
􀟈  Test "Down round - pay-to-play protection" started.
􀟈  Test "Maximum allocation cap" started.
􀟈  Test "Component VaR with equal weights" started.
􀟈  Test "Employee option grant from pool" started.
􀟈  Test "Convertible note conversion - with cap" started.
􀟈  Test "Series A with option pool expansion" started.
􀟈  Test "Liquidation preference - 1x participating" started.
􀟈  Test "SAFE vs Convertible Note" started.
􀟈  Test "Liquidation preference - 2x preference" started.
􀟈  Test "Pre-money valuation calculation" started.
􀟈  Test "Option pool dilution - post-round timing" started.
􀟈  Test "Component VaR equals marginal times weight" started.
􀟈  Test "Value per share calculation" started.
􀟈  Test "Anti-dilution - weighted average" started.
􀟈  Test "Option pool dilution - pre-round timing" started.
􀟈  Test "Cap table - multiple founders" started.
􀟈  Test "Fully diluted share count" started.
􀟈  Test "Price per share calculation" started.
􀟈  Test "AdaptiveOptimizer.Result provides formatted output" started.
􀟈  Test "OptimizationResult can use raw formatter" started.
􀟈  Test "Anti-dilution - full ratchet" started.
􀟈  Test "WACC with no debt - equals cost of equity" started.
􀟈  Test "WACC tax shield benefit" started.
􀟈  Test "Liquidation preference - 1x non-participating" started.
􀟈  Test "Vesting schedule - 4 year with 1 year cliff" started.
􀟈  Test "Empty dataset should throw" started.
􀟈  Test "CAPM with beta = 1 equals market return" started.
􀟈  Test "Equity component of WACC" started.
􀟈  Test "Tech company - low debt structure" started.
􀟈  Test "VectorN provides formatted output" started.
􀟈  Test "VectorN supports custom formatter" started.
􀟈  Test "Unlever beta - remove financial leverage" started.
􀟈  Test "CapitalStructure computed properties" started.
􀟈  Test "409A valuation - common stock" started.
􀟈  Test "Production scheduling example with formatted output" started.
􀟈  Test "Convertible note - cap vs discount" started.
􀟈  Test "Adjust to target capital structure" started.
􀟈  Test "Validate positive constraint passes" started.
􀟈  Test "M&M Proposition I - with taxes" started.
􀟈  Test "Multiple financing rounds" started.
􀟈  Test "WACC using market values" started.
􀟈  Test "Series A - basic dilution" started.
􀟈  Test "OptimizationResult respects custom formatter" started.
􀟈  Test "CAPM with low beta - dampened returns" started.
􀟈  Test "Basic trace captures errors" started.
􀟈  Test "Trace with NaN result" started.
􀟈  Test "Utility company - high debt structure" started.
􀟈  Test "Current yield calculation" started.
􀟈  Test "Lever then unlever beta - round trip" started.
􀟈  Test "Bond price at par - coupon rate = yield" started.
􀟈  Test "Valuation per share" started.
􀟈  Test "Basic calculation trace captures result" started.
􀟈  Test "Macaulay duration calculation" started.
􀟈  Test "Real-time tracing captures model calculations" started.
􀟈  Test "Bond price with quarterly coupons" started.
􀟈  Test "CAPM with high beta - amplified returns" started.
􀟈  Test "Validate multiple constraints with failures" started.
􀟈  Test "CAPM basic calculation" started.
􀟈  Test "Bond price at discount - yield > coupon rate" started.
􀟈  Test "WACC basic calculation" started.
􀟈  Test "Explain percentage difference" started.
􀟈  Test "Concurrent debugging operations" started.
􀟈  Test "Compare two capital structures" started.
􀟈  Test "After-tax cost of debt with zero tax" started.
􀟈  Test "Optimal capital structure - minimize WACC" started.
􀟈  Test "Validate non-negative constraint" started.
􀟈  Test "Bond price at premium - yield < coupon rate" started.
􀟈  Test "OptimizationResult provides formatted output" started.
􀟈  Test "Validate with NaN" started.
􀟈  Test "Cap table creation - single founder" started.
􀟈  Test "Detailed trace with no dependencies" started.
􀟈  Test "M&M Proposition I - no taxes" started.
􀟈  Test "Debt component of WACC" started.
􀟈  Test "Lever beta - add financial leverage" started.
􀟈  Test "CapitalStructure debt-to-equity ratio" started.
􀟈  Test "Longer maturity → higher duration" started.
􀟈  Test "IntegerProgramResult properly rounds integers" started.
􀟈  Test "Validate positive constraint fails" started.
􀟈  Test "Unlever beta with no debt equals levered beta" started.
􀟈  Test "IntegerProgramResult handles binary variables" started.
􀟈  Test "Complete diagnostic workflow" started.
􀟈  Test "Modified duration calculation" started.
􀟈  Test "CAPM with beta = 0 equals risk-free rate" started.
􀟈  Test "Validate multiple constraints" started.
􀟈  Test "Round-trip: Price → YTM → Price" started.
􀟈  Test "Duration as price sensitivity" started.
􀟈  Test "Validate max value constraint" started.
􀟈  Test "Convexity calculation" started.
􀟈  Test "WACC with high leverage" started.
􀟈  Test "Explain zero expected value" started.
􀟈  Test "Bond with Float type" started.
􀟈  Test "Validate range constraint" started.
􀟈  Test "YTM calculation - bond at par" started.
􀟈  Test "Worst and best ScenarioResults identified by impact" started.
􀟈  Test "Default scenarios include common keys" started.
􀟈  Test "After-tax cost of debt" started.
􀟈  Test "Validate finite constraint" started.
􀟈  Test "Detailed trace captures complex calculations" started.
􀟈  Test "Very small tolerance" started.
􀟈  Test "Zero coupon bond approximation" started.
􀟈  Test "Short maturity bond (1 year)" started.
􀟈  Test "YTM calculation - bond at premium" started.
􀟈  Test "Diagnose outside tolerance" started.
􀟈  Test "Trace with infinity result" started.
􀟈  Test "Bond price between coupon payments" started.
􀟈  Test "Diagnose NaN values" started.
􀟈  Test "Debugger is sendable and thread-safe" started.
􀟈  Test "Detailed trace captures dependencies" started.
􀟈  Test "Diagnose exact match" started.
􀟈  Test "Explain difference provides reasons" started.
􀟈  Test "Default scenarios have unique names" started.
􀟈  Test "Diagnose includes suggestions" started.
􀟈  Test "ATM call price matches known value" started.
􀟈  Test "Long maturity bond (30 years)" started.
􀟈  Test "Permutation calculation" started.
􀙟  Test traceTimingCaptured() skipped: "Trace timing is captured"
􀟈  Test "Higher coupon → higher price (same yield)" started.
􀟈  Test "Combination calculation" started.
􀟈  Test "Covariance matrix is symmetric" started.
􀟈  Test "Calculate expected returns" started.
􀟈  Test "Portfolio risk is positive" started.
􀟈  Test "Diagnose infinity values" started.
􀟈  Test "Explain exact match" started.
􀟈  Test "Efficient frontier returns multiple portfolios" started.
􀟈  Test "Sharpe ratio calculation" started.
􀟈  Test "Efficient frontier portfolios have increasing return" started.
􀟈  Test "Bond price with annual coupons" started.
􀟈  Test "Optimize portfolio returns valid allocation" started.
􀟈  Test "Two asset portfolio can allocate to both" started.
􀟈  Test "Factorial function and extension" started.
􀟈  Test "Very large tolerance" started.
􀟈  Test "Optimal portfolio has higher Sharpe than equal weights" started.
􀟈  Test "Finite-difference Greeks roughly match closed-form" started.
􀟈  Test "YTM calculation - bond at discount" started.
􀟈  Test "Survival probability decreases over time" started.
􀟈  Test "Default probability calculation" started.
􀟈  Test "Default probability increases over time" started.
􀟈  Test "Handle single tenor bootstrapping" started.
􀟈  Test "Handle flat spread curve" started.
􀟈  Test "Convexity improves duration approximation" started.
􀟈  Test "Portfolio return with equal weights" started.
􀟈  Test "Bootstrapped curve reproduces market CDS quotes" started.
􀟈  Test "Forward hazard with increasing spreads should increase" started.
􀟈  Test "Upward sloping spread curve implies increasing hazard rates" started.
􀟈  Test "Calculate forward hazard rate" started.
􀟈  Test "Calculate CDS spread from credit curve" started.
􀟈  Test "Validate min value constraint" started.
􀟈  Test "Bootstrap and price new CDS contract" started.
􀟈  Test "Equal to constraint with tolerance" started.
􀟈  Test "Diagnose within tolerance" started.
􀟈  Test "Greater than constraint" started.
􀟈  Test "Portfolio risk decreases with diversification" started.
􀟈  Test "Bootstrap hazard rate curve from CDS quotes" started.
􀟈  Test "Single asset portfolio" started.
􀟈  Test "Correlation matrix diagonal is 1.0" started.
􀟈  Test "filterValues can return empty series" started.
􀟈  Test "Calculate survival probability at intermediate tenor" started.
􀟈  Test "fillForward with no initial value leaves gaps" started.
􀟈  Test "filterValues keeps matching values" started.
􀟈  Test "Survival probability at time 0 is 1.0" started.
􀟈  Test "Iteration history tracks progress" started.
􀟈  Test "Less than constraint - satisfied" started.
􀟈  Test "map transforms all values" started.
􀟈  Test "Optimization result structure" started.
􀟈  Test "fillBackward propagates next known value" started.
􀟈  Test "Constraint with custom function" started.
􀟈  Test "map preserves periods and metadata" started.
􀟈  Test "aggregate preserves metadata" started.
􀟈  Test "interpolate fills gaps with linear interpolation" started.
􀟈  Test "interpolate with no endpoints leaves gaps" started.
􀟈  Test "aggregate using max method" started.
􀟈  Test "zip handles misaligned periods by keeping intersection" started.
􀟈  Test "Optimization result description" started.
􀟈  Test "fillForward propagates last known value" started.
􀟈  Test "zip with empty series returns empty" started.
􀟈  Test "filterValues preserves metadata" started.
􀟈  Test "fillMissing replaces gaps with constant" started.
􀟈  Test "mapValues on empty series returns empty" started.
􀟈  Test "Optimizer respects bounds" started.
􀟈  Test "zip combines two time series with matching periods" started.
􀟈  Test "Solvency: interest coverage equals EBIT/Interest, Q1" started.
􀟈  Test "aggregate monthly to quarterly using average" started.
􀟈  Test "aggregate using first method" started.
􀟈  Test "aggregate monthly to annual" started.
􀟈  Test "Diagnose with context" started.
􀟈  Test "Returned metrics have no NaN or Infinity values for present keys" started.
􀟈  Test "Correlation bounds and linear relationships" started.
􀟈  Test "Daily period has 1 day" started.
􀟈  Test "Covariance symmetry and constants" started.
􀟈  Test "Window of 1 is naive last-value forecast" started.
􀟈  Test "Constant data confidence intervals collapse to a point" started.
􀟈  Test "Mismatched periods: functions operate on intersection" started.
􀟈  Test "Piotroski alias: score bounded and components within [0,1]" started.
􀟈  Test "Convert handles fractional results with precision" started.
􀟈  Test "Sample vs population covariance relationship" started.
􀟈  Test "Period types are ordered correctly: daily < monthly" started.
􀟈  Test "Period types have readable string descriptions" started.
􀟈  Test "Period types have correct string raw values" started.
􀟈  Test "Different period types are not equal" started.
􀟈  Test "Same period types are equal" started.
􀟈  Test "Forecast periods are contiguous with monthly training series" started.
􀟈  Test "aggregate using last method" started.
􀟈  Test "aggregate monthly to quarterly using sum" started.
􀟈  Test "Profitability: gross and net margin exact Q1 values; both periods present" started.
􀟈  Test "aggregate using min method" started.
􀟈  Test "Monthly period is 1 month" started.
􀟈  Test "Convert quarterly to other periods" started.
􀟈  Test "Quarterly period has 91.3125 days" started.
􀟈  Test "Valuation ratios: P/E, P/S, P/B exact Q1 values" started.
􀟈  Test "Optimized TimeSeries CSV export is content-equivalent" started.
􀟈  Test "Period types can be created from string raw values" started.
􀟈  Test "Annual period is 12 months" started.
􀟈  Test "Quarterly period is 3 months" started.
􀟈  Test "Period types are ordered correctly: monthly < quarterly" started.
􀟈  Test "Convert same period type returns same value" started.
􀟈  Test "Annual period has 365.25 days" started.
􀟈  Test "Liquidity ratios: exact Q1 values" started.
􀟈  Test "Monthly period has 30.4375 days" started.
􀟈  Test "Convert annual to other periods" started.
􀟈  Test "Predict zero periods returns empty forecast" started.
􀟈  Test "Convert zero periods returns zero" started.
􀟈  Test "Real-world scenario: oil production over 31-day month" started.
􀟈  Test "Daily period is approximately 0.0329 months" started.
􀟈  Test "Period type can be encoded to JSON" started.
􀟈  Test "Period type can be decoded from JSON" started.
􀟈  Test "All period types can be round-trip encoded and decoded" started.
􀟈  Test "Period types are ordered correctly: quarterly < annual" started.
􀟈  Test "Convert daily to other periods" started.
􀟈  Test "All cases can be iterated" started.
􀟈  Test "Pareto distribution heavy tail property" started.
􀟈  Test "Convert monthly to other periods" started.
􀟈  Test "Period types can be sorted" started.
􀟈  Test "Pareto distribution with low shape (high inequality)" started.
􀟈  Test "Pareto distribution mean for shape > 1" started.
􀟈  Test "Pareto distribution different scale parameters" started.
􀟈  Test "Pareto distribution struct random() method" started.
􀟈  Test "Convert large numbers maintains precision" started.
􀟈  Test "JSON export is valid JSON" started.
􀟈  Test "Optimized CSV export is content-equivalent" started.
􀟈  Test "Multiplicative decomposition splits components" started.
􀟈  Test "Calculate quarterly seasonal indices" started.
􀟈  Test "Pareto distribution median" started.
􀟈  Test "Pareto distribution function statistical properties - shape=3" started.
􀟈  Test "All period types are defined" started.
􀟈  Test "Apply and remove seasonal are inverse operations" started.
􀟈  Test "Seasonally adjust removes variance" started.
􀟈  Test "Calculate monthly seasonal indices" started.
􀟈  Test "Pareto distribution with shape=1.5 (80/20 rule)" started.
􀟈  Test "Pareto distribution struct stores parameters" started.
􀟈  Test "Seasonal indices with partial trailing year are stable" started.
􀟈  Test "Additive decomposition splits components" started.
􀟈  Test "Seasonal indices are scale invariant" started.
􀟈  Test "Decomposition preserves time series metadata" started.
􀟈  Test "Less than constraint - not satisfied" started.
􀟈  Test "Seasonally adjust with mismatched indices throws error" started.
􀟈  Test "Seasonal indices with insufficient data throws error" started.
􀟈  Test "Pareto distribution function produces values >= scale" started.
􀟈  Test "Pareto distribution with high shape (less inequality)" started.
􀟈  Test "Decomposition with insufficient data throws error" started.
􀟈  Test "Decoding invalid JSON fails gracefully" started.
􀟈  Test "Flat data produces flat seasonal indices" started.
􀟈  Test "R^2 equals squared correlation for simple linear regression" started.
􀟈  Test "Regression line passes through (meanX, meanY)" started.
􀟈  Test "Seasonally adjust quarterly data" started.
􀟈  Test "Apply seasonal pattern to trend" started.
􀟈  Test "Pareto distribution struct next() method" started.
􀟈  Test "Decomposition with different periods per year" started.
􀟈  Test "Exponential distribution right-skewed property" started.
􀟈  Test "Seasonal indices average to 1.0 for multiplicative" started.
􀟈  Test "Exponential moment generating function" started.
􀟈  Test "linearRegression function matches slope/intercept" started.
􀟈  Test "Percentiles initialization from sorted data" started.
􀟈  Test "Exponential distribution memoryless property" started.
􀟈  Test "Handle network error" started.
􀟈  Test "Exponential distribution rate parameter effects" started.
􀟈  Test "Fetch metrics returns dictionary" started.
􀟈  Test "Ice cream sales with summer seasonality" started.
􀟈  Test "Handle rate limiting" started.
􀟈  Test "Exponential distribution seeding produces deterministic results" started.
􀟈  Test "Yahoo Finance CSV parsing" started.
􀟈  Test "Exponential distribution function produces non-negative values" started.
􀟈  Test "Exponential distribution struct stores rate parameter" started.
􀟈  Test "HTTP non-200 status yields error" started.
􀟈  Test "Fetch stock price returns time series" started.
􀟈  Test "Exponential distribution struct random() method" started.
􀟈  Test "Exponential order statistics" started.
􀟈  Test "Exponential distribution with λ=1" started.
􀟈  Test "Exponential distribution struct next() method" started.
􀟈  Test "Exponential distribution memoryless property reiterated" started.
􀟈  Test "Exponential distribution median" started.
􀟈  Test "multiplyVectors throws on length mismatch" started.
􀟈  Test "SaaS revenue with end-of-quarter spikes" started.
􀟈  Test "Fetch financials returns data" started.
􀟈  Test "Yahoo Finance URL construction" started.
􀟈  Test "Exponential parameter validation" started.
􀟈  Test "Exponential distribution 50th and 90th percentiles" started.
􀟈  Test "Exponential relationship to other distributions" started.
􀟈  Test "Factorial" started.
􀟈  Test "GeometricMean" started.
􀟈  Test "Exponential distribution stress test" started.
􀟈  Test "ExponentialDistribution" started.
􀟈  Test "rSquared is within [0, 1]" started.
􀟈  Test "HypergeometricProbability" started.
􀟈  Test "DataTable" started.
􀟈  Test "HarmonicMean" started.
􀟈  Test "Permutations" started.
􀟈  Test "WeightedAverage" started.
􀟈  Test "Exponential distribution statistical properties - mean = 1/λ" started.
􀟈  Test "GoalSeek" started.
􀟈  Test "LogNormalDistribution" started.
􀟈  Test "Exponential distribution CDF approximation" started.
􀟈  Test "Exponential distribution with different rates" started.
􀟈  Test "Credit spread increases with asset volatility" started.
􀟈  Test "Credit spread increases with higher leverage" started.
􀟈  Test "Minimum of exponential random variables" started.
􀟈  Test "Calibrated model has reasonable asset volatility" started.
􀟈  Test "Exponential constant hazard rate" started.
􀟈  Test "PoissonProbability" started.
􀟈  Test "BinomialProbability" started.
􀟈  Test "Exponential distribution extreme values are rare" started.
􀟈  Test "Beta distribution extreme parameter values" started.
􀟈  Test "Calculate default probability" started.
􀟈  Test "Combinations" started.
􀟈  Test "Equity value decreases with higher leverage" started.
􀟈  Test "Calculate distance to default" started.
􀟈  Test "Beta distribution with large alpha and beta" started.
􀟈  Test "Distance to default and default probability are inversely related" started.
􀟈  Test "Equity value calculated as call option on assets" started.
􀟈  Test "Beta distribution function produces values in [0, 1]" started.
􀟈  Test "Beta distribution struct random() method" started.
􀟈  Test "Equity value increases with asset volatility" started.
􀟈  Test "Calibrate Merton model from equity market data" started.
􀟈  Test "Beta distribution skewed right (alpha > beta)" started.
􀟈  Test "Beta distribution function statistical properties" started.
􀟈  Test "Calculate credit spread from Merton model" started.
􀟈  Test "Initialize Merton Model with standard parameters" started.
􀟈  Test "Debt value calculated as risk-free debt minus put option" started.
􀟈  Test "Beta distribution independence" started.
􀟈  Test "Two-way sensitivity analysis with two inputs" started.
􀟈  Test "Sensitivity analysis with different output metrics" started.
􀟈  Test "Retail sales with holiday seasonality" started.
􀟈  Test "Sensitivity analysis with narrow range" started.
􀟈  Test "Default probability increases with higher leverage" started.
􀟈  Test "Beta distribution with small alpha and beta" started.
􀟈  Test "Beta distribution symmetric case" started.
􀟈  Test "One-way sensitivity analysis with single input" started.
􀟈  Test "Sensitivity analysis finds base case in results" started.
􀟈  Test "Very limited capacity resources" started.
􀟈  Test "Resource utilization optimization" started.
􀟈  Test "Two products competing for same resource" started.
􀟈  Test "Beta distribution struct next() method" started.
􀟈  Test "Minimum production requirement" started.
􀟈  Test "Maximize revenue objective" started.
􀟈  Test "Asset value equals equity plus debt" started.
􀟈  Test "Beta distribution variance properties" started.
􀟈  Test "Distance to default decreases with higher leverage" started.
􀟈  Test "Beta distribution uniform case (alpha = beta = 1)" started.
􀟈  Test "Two-way sensitivity creates proper grid" started.
􀟈  Test "Multiple resources - machine and labor" started.
􀟈  Test "Single product with capacity constraint" started.
􀟈  Test "Beta distribution skewed left (alpha < beta)" started.
􀟈  Test "Weibull distribution function statistical properties" started.
􀟈  Test "Weibull distribution with large shape parameter" started.
􀟈  Test "Weibull distribution function produces non-negative values" started.
􀟈  Test "Empty products throws error" started.
􀟈  Test "Weibull distribution with shape = 2 (Rayleigh-like)" started.
􀟈  Test "Weibull distribution exponential case (shape = 1)" started.
􀟈  Test "Weibull distribution with shape > 1 (increasing failure rate)" started.
􀟈  Test "Fixed demand constraint" started.
􀟈  Test "Manufacturing optimization - 3 products, 2 resources" started.
􀟈  Test "Weibull distribution struct next() method" started.
􀟈  Test "Minimize costs objective" started.
􀟈  Test "Weibull distribution with large scale parameter" started.
􀟈  Test "Apple fiscal calendar: calendar Q1 is fiscal Q2" started.
􀟈  Test "Weibull distribution with small scale parameter" started.
􀟈  Test "Weibull distribution with shape < 1 (decreasing failure rate)" started.
􀟈  Test "Apple fiscal year: October starts new fiscal year" started.
􀟈  Test "FiscalCalendar can be encoded to JSON" started.
􀟈  Test "Demand range constraint" started.
􀟈  Test "Apple fiscal year: January is in next fiscal year" started.
􀟈  Test "Standard calendar: quarterly periods" started.
􀟈  Test "Daily periods map to correct fiscal month" started.
􀟈  Test "Apple fiscal calendar: Q3 is April-June" started.
􀟈  Test "Weibull distribution struct random() method" started.
􀟈  Test "Migration from v1 to v3" started.
􀟈  Test "Apple fiscal calendar creation" started.
􀟈  Test "FiscalCalendars with same year-end are equal" started.
􀟈  Test "Leap year February 29 handling" started.
􀟈  Test "MonthDay can be created with valid values" started.
􀟈  Test "No migration needed - same version" started.
􀟈  Test "FiscalCalendars with different year-ends are not equal" started.
􀟈  Test "Multiple migrations in sequence" started.
􀟈  Test "Apple fiscal calendar: calendar January is fiscal period 4" started.
􀟈  Test "FiscalCalendar round-trip encoding" started.
􀟈  Test "Missing migration path throws error" started.
􀟈  Test "Migration chain with data transformation" started.
􀟈  Test "Single migration" started.
􀟈  Test "Standard calendar: Q4 is October-December" started.
􀟈  Test "Year-end boundary: day after year-end" started.
􀟈  Test "June 30 fiscal year-end (Australian government)" started.
􀟈  Test "March 31 fiscal year-end (UK government)" started.
􀟈  Test "One-way sensitivity with more granular steps" started.
􀟈  Test "Migration throws error on invalid data" started.
􀟈  Test "Maximum production limit" started.
􀟈  Test "Standard calendar: December is in same fiscal year" started.
􀟈  Test "Standard calendar: period in fiscal year matches calendar period" started.
􀟈  Test "MonthDay June 30" started.
􀟈  Test "Standard calendar: Q1 is January-March" started.
􀟈  Test "MonthDay February 28" started.
􀟈  Test "Apple fiscal calendar: Q4 is July-September" started.
􀟈  Test "Apple fiscal calendar: September is fiscal month 12" started.
􀟈  Test "Standard calendar has December 31 year-end" started.
􀟈  Test "Standard calendar: Q2 is April-June" started.
􀟈  Test "Apple fiscal year: September is in current calendar year's fiscal year" started.
􀟈  Test "Apple fiscal calendar: January is fiscal month 4" started.
􀟈  Test "Apple fiscal calendar: Q1 is October-December" started.
􀟈  Test "FiscalCalendar can be decoded from JSON" started.
􀟈  Test "Year-end boundary: exact year-end date" started.
􀟈  Test "Sensitivity analysis with single step" started.
􀟈  Test "LogNormal distribution with different parameters" started.
􀟈  Test "LogNormal distribution percentiles" started.
􀟈  Test "Standard LogNormal distribution (mean=0, stdDev=1)" started.
􀟈  Test "Apple fiscal calendar: Q2 is January-March" started.
􀟈  Test "LogNormal distribution extreme values" started.
􀟈  Test "LogNormal distribution seeding produces deterministic results" started.
􀟈  Test "LogNormal distribution struct stores parameters" started.
􀟈  Test "Standard calendar: fiscal month equals calendar month" started.
􀟈  Test "LogNormal distribution right-skewed property" started.
􀟈  Test "LogNormal distribution median formula" started.
􀟈  Test "LogNormal distribution function produces positive values" started.
􀟈  Test "LogNormal distribution with variance parameter" started.
􀟈  Test "Apple fiscal calendar: calendar October is fiscal period 1" started.
􀟈  Test "Apple fiscal calendar: October is fiscal month 1" started.
􀟈  Test "LogNormal distribution struct random() method" started.
􀟈  Test "Tax Rate has zero impact when output metric is pre-tax net income" started.
􀟈  Test "Detailed report includes scenario name and counts" started.
􀟈  Test "Custom rule failing integrates into report" started.
􀟈  Test "Single year investment" started.
􀟈  Test "Investment with high discount rate" started.
􀟈  Test "Standard calendar: Q3 is July-September" started.
􀟈  Test "LogNormal distribution relationship to Normal" started.
􀟈  Test "Investment description formatting" started.
􀟈  Test "Investment never pays back" started.
􀟈  Test "Annual periods always map to fiscal period 1" started.
􀟈  Test "NPV calculation accuracy" started.
􀟈  Test "MonthDay December 31" started.
􀟈  Test "Investment IRR no convergence" started.
􀟈  Test "Investment comparison IRR" started.
􀟈  Test "Investment comparison PI" started.
􀟈  Test "Minimal investment" started.
􀟈  Test "Portfolio ranking by IRR" started.
􀟈  Test "Migration preserves existing data" started.
􀟈  Test "LogNormal distribution increasing variance increases spread" started.
􀟈  Test "Growth rate application" started.
􀟈  Test "Basic investment builder" started.
􀟈  Test "Cash flows automatically sorted" started.
􀟈  Test "LogNormal distribution comparison with Normal" started.
􀟈  Test "Empty portfolio" started.
􀟈  Test "Simple investment creation" started.
􀟈  Test "Portfolio aggregations" started.
􀟈  Test "Total ROI calculation" started.
􀟈  Test "Investment comparison NPV" started.
􀟈  Test "Portfolio ranking by PI" started.
􀟈  Test "Growing investment creation" started.
􀟈  Test "Portfolio filtering" started.
􀟈  Test "Investment with all components" started.
􀟈  Test "Portfolio ranking by NPV" started.
􀟈  Test "Fractional cash flows" started.
􀟈  Test "Cash flow arrow syntax" started.
􀟈  Test "Total cash inflows" started.
􀟈  Test "Normal distribution struct random() method" started.
􀟈  Test "Normal distribution with variance parameter" started.
􀟈  Test "Discounted payback period calculation" started.
􀟈  Test "LogNormal distribution struct next() method" started.
􀟈  Test "Profitability index calculation" started.
􀟈  Test "LogNormal distribution used in finance (stock price model)" started.
􀟈  Test "Normal distribution symmetry around mean" started.
􀟈  Test "Standard normal distribution N(0,1) statistical properties" started.
􀟈  Test "Normal distribution seeding produces deterministic results" started.
􀟈  Test "Normal distribution with extreme parameters" started.
􀟈  Test "Normal distribution struct stores parameters" started.
􀟈  Test "Mean" started.
􀟈  Test "Normal distribution 68-95-99.7 rule (empirical rule)" started.
􀟈  Test "GeometricMean" started.
􀟈  Test "Normal distribution z-score properties" started.
􀟈  Test "Investment with zero discount rate" started.
􀟈  Test "Normal distribution with different standard deviations" started.
􀟈  Test "HarmonicMean" started.
􀟈  Test "Normal distribution function produces finite values" started.
􀟈  Test "ArithmeticGeometricMean" started.
􀟈  Test "IdentricMean" started.
􀟈  Test "Normal distribution struct next() method" started.
􀟈  Test "npvExcel reproduces Excel example from documentation" started.
􀟈  Test "Payback period calculation" started.
􀟈  Test "LogarithmicMean" started.
􀟈  Test "Median" started.
􀟈  Test "NPV with very high discount rate" started.
􀟈  Test "Discounted payback period" started.
􀟈  Test "npvExcel with single cash flow" started.
􀟈  Test "Negative NPV means rate above IRR" started.
􀟈  Test "npvExcel matches Excel NPV function exactly" started.
􀟈  Test "NPV with TimeSeries input" started.
􀟈  Test "Normal distribution can produce negative values" started.
􀟈  Test "IRR calculation accuracy" started.
􀟈  Test "Standard calendar: fiscal year equals calendar year" started.
􀟈  Test "NPV with very small cash flows" started.
􀟈  Test "Multiple cash flows" started.
􀟈  Test "Profitability Index with no initial investment should return infinity" started.
􀟈  Test "Payback period with early recovery" started.
􀟈  Test "Comparing multiple projects with PI" started.
􀟈  Test "NPV with zero discount rate" started.
􀟈  Test "Manufacturing equipment decision" started.
􀟈  Test "Discounted payback with zero rate matches regular payback" started.
􀟈  Test "Profitability Index with multiple investments" started.
􀟈  Test "ArithmeticHarmonicMean" started.
􀟈  Test "Mode" started.
􀟈  Test "Normal distribution with mean=100, stdDev=15" started.
􀟈  Test "npvExcel with zero rate" started.
􀟈  Test "Payback period with multiple investments" started.
􀟈  Test "npvExcel with initial investment added separately" started.
􀟈  Test "npvExcel vs standard npv comparison" started.
􀟈  Test "NPV with TimeSeries monthly data" started.
􀟈  Test "Minimize quadratic with linear equality constraint" started.
􀟈  Test "Software project with maintenance costs" started.
􀟈  Test "NPV for 3-year investment: -10000, +3000, +4200, +6800" started.
􀟈  Test "Discounted payback never achieved" started.
􀟈  Test "Query by action type" started.
􀟈  Test "Discounted payback longer than regular payback" started.
􀟈  Test "ContraHarmonicMean" started.
􀟈  Test "NPV equals zero at IRR" started.
􀟈  Test "Payback period with immediate recovery" started.
􀟈  Test "Real estate investment analysis" started.
􀟈  Test "NPV with single cash flow" started.
􀟈  Test "Different starting points converge to same solution" started.
􀟈  Test "NPV with monthly compounding matches Excel" started.
􀟈  Test "Profitability Index for positive NPV project" started.
􀟈  Test "Profitability Index for negative NPV project" started.
􀟈  Test "Payback period for simple investment" started.
􀟈  Test "npvExcel with multi-year project" started.
􀟈  Test "Convergence history tracking" started.
􀟈  Test "Generate audit report" started.
􀟈  Test "Payback period never achieved" started.
􀟈  Test "Record audit entry" started.
􀟈  Test "Reject empty constraints" started.
􀟈  Test "Portfolio variance minimization with budget constraint" started.
􀟈  Test "NPV for simple investment: -1000, +600, +600" started.
􀟈  Test "NPV equals zero cash flows" started.
􀟈  Test "Realistic portfolio optimization with covariance" started.
􀟈  Test "Infeasible initial point" started.
􀟈  Test "Profitability Index equals 1 at break-even" started.
􀟈  Test "Query by user" started.
􀟈  Test "Feasible initial point" started.
􀟈  Test "Maximize with equality constraint" started.
􀟈  Test "Audit report format" started.
􀟈  Test "Multiple equality constraints" started.
􀟈  Test "Reject inequality constraints" started.
􀟈  Test "High-dimensional problem" started.
􀟈  Test "Query by entity" started.
􀟈  Test "Save and load from disk" started.
􀟈  Test "Positive NPV means rate below IRR" started.
􀟈  Test "RI Model - book value convergence when ROE = Cost of Equity" started.
􀟈  Test "Three-way valuation comparison - same company" started.
􀟈  Test "Financial institution - book value matters" started.
􀟈  Test "All models handle zero/minimal growth" started.
􀟈  Test "Integrated valuation workflow completes quickly" started.
􀟈  Test "NPV calculation with Excel comparison" started.
􀟈  Test "NPV with negative ending cash flow" started.
􀟈  Test "Query by date range" started.
􀟈  Test "Mature utility - stable low growth" started.
􀟈  Test "Complete DCF workflow: FCFF → EV → Equity → Per Share" started.
􀟈  Test "F-distribution struct random() method" started.
􀟈  Test "Query with multiple filters" started.
􀟈  Test "F-distribution variance formula" started.
􀟈  Test "Tech startup - high growth then maturity" started.
􀟈  Test "F-distribution struct next() method" started.
􀟈  Test "Clear audit trail" started.
􀟈  Test "Compare FCFE vs RI Model - accounting-based company" started.
􀟈  Test "Enterprise Value Bridge - pure equity company" started.
􀟈  Test "Sensitivity to growth rate - all models" started.
􀟈  Test "F-distribution function produces positive values" started.
􀟈  Test "Compare DDM vs FCFE - mature dividend-paying company" started.
􀟈  Test "F-distribution parameter validation" started.
􀟈  Test "F-distribution with df1=1 (similar to squared t)" started.
􀟈  Test "F-distribution mean only defined for df2 > 2" started.
􀟈  Test "F-distribution reciprocal relationship" started.
􀟈  Test "F-distribution function statistical properties - F(5, 20)" started.
􀟈  Test "Lagrange multiplier shadow price interpretation" started.
􀟈  Test "All models reject invalid terminal growth >= cost" started.
􀟈  Test "Sensitivity to cost of equity - all models" started.
􀟈  Test "F-distribution approaches normal for large degrees of freedom" started.
􀟈  Test "F-distribution common quantiles" started.
􀟈  Test "F-distribution with large df1 and df2" started.
􀟈  Test "F-distribution invalid parameter handling" started.
􀟈  Test "F-distribution with small df1 and df2" started.
􀟈  Test "F-distribution relationship to chi-squared" started.
􀟈  Test "F-distribution in ANOVA context" started.
􀟈  Test "Model building logging" started.
􀟈  Test "Logger workflow simulation" started.
􀟈  Test "F-distribution struct stores df parameters" started.
􀟈  Test "Validation warning logging" started.
􀟈  Test "Performance warning logging" started.
􀟈  Test "Logger categories are properly configured" started.
􀟈  Test "Signpost with custom ID" started.
􀟈  Test "F-distribution right-skewed" started.
􀟈  Test "H-Model reduces to Gordon when initial growth = terminal growth" started.
􀟈  Test "Calculation completed logging" started.
􀟈  Test "F-distribution mode property" started.
􀟈  Test "Signpost event logging" started.
􀟈  Test "Concurrent logging safety" started.
􀟈  Test "seedArray provides uniform coverage of [0,1]" started.
􀟈  Test "Generate deterministic sequence of normal values" started.
􀟈  Test "Signpost interval logging" started.
􀟈  Test "Seeding works across different distribution parameter sets" started.
􀟈  Test "Calculation started logging" started.
􀟈  Test "boxMullerSeed produces valid normal distribution characteristics" started.
􀟈  Test "distributionUniform with different seeds produces different values" started.
􀟈  Test "Deterministic sequence has expected statistical properties" started.
􀟈  Test "seedArray is deterministic" started.
􀟈  Test "VaR consistency test with seeded values is exact" started.
􀟈  Test "Performance logging" started.
􀟈  Test "DistributionNormal.next() with seeded uniform produces deterministic values" started.
􀟈  Test "distributionUniform with same seed produces identical values" started.
􀟈  Test "Seeds at boundary values work correctly" started.
􀟈  Test "distributionUniform with seed produces deterministic sequence" started.
􀟈  Test "Calculation failed logging" started.
􀟈  Test "Performance_TimeSeriesExport" started.
􀟈  Test "Monte Carlo with seed array produces exact results" started.
􀟈  Test "seedArray generates correct number of seeds" started.
􀟈  Test "CVaR calculation with seeded distribution is exact and reproducible" started.
􀟈  Test "Performance_JSONExportLargeModel" started.
􀟈  Test "Box-Muller with boundary uniform values" started.
􀟈  Test "Performance_TimeSeriesMemoryEfficiency" started.
􀟈  Test "boxMullerSeed with same seeds produces identical normal values" started.
􀟈  Test "Performance_CalculationTracing" started.
􀟈  Test "Performance_RepeatedCalculations" started.
􀟈  Test "Two-Stage DDM reduces to Gordon Growth with zero high growth periods" started.
􀟈  Test "Performance_BatchModelCalculations" started.
􀟈  Test "Performance_TimeSeriesValidation" started.
􀟈  Test "Performance_SummaryGeneration" started.
􀟈  Test "F-distribution variance exists only for df2 > 4" started.
􀟈  Test "Performance_CSVExportLargeModel" started.
􀟈  Test "Performance_ModelInspectionOnLargeModel" started.
􀟈  Test "Performance_LargeModelCalculation" started.
􀟈  Test "ProductDriver multiplies two deterministic drivers" started.
􀟈  Test "SumDriver adds probabilistic drivers" started.
􀟈  Test "Complex formula: Total Cost = Fixed + (Variable × Units)" started.
􀟈  Test "Complex formula: Revenue = Quantity × Price" started.
􀟈  Test "DeterministicDriver returns same value multiple times" started.
􀟈  Test "pairedSeedArrays generates matching pairs" started.
􀟈  Test "SumDriver subtracts with operator overloading" started.
􀟈  Test "Complex formula: Profit = Revenue - Cost" started.
􀟈  Test "SumDriver adds with operator overloading" started.
􀟈  Test "DeterministicDriver returns fixed value" started.
􀟈  Test "Callable bond with Float type" started.
􀟈  Test "ProductDriver with operator overloading" started.
􀟈  Test "ProbabilisticDriver generates different samples" started.
􀟈  Test "Performance_MemoryEfficiency" started.
􀟈  Test "Performance_DependencyGraphConstruction" started.
􀟈  Test "ProbabilisticDriver convenience initializers" started.
􀟈  Test "Higher volatility increases call option value" started.
􀟈  Test "Multiple call dates in schedule" started.
􀟈  Test "Callable bond effective duration" started.
􀟈  Test "OAS calculation" started.
􀟈  Test "Free cash flow equals operating + investing per period" started.
􀟈  Test "Call option value with zero volatility is lower" started.
􀟈  Test "Call option value is positive" started.
􀟈  Test "ProbabilisticDriver samples from distribution" started.
􀟈  Test "boxMuller function with seeded uniform produces deterministic output" started.
􀟈  Test "Accounting equation holds for all periods" started.
􀟈  Test "Performance_TraceFormatting" started.
􀟈  Test "SimulationResults initialization from values" started.
􀟈  Test "Apply negative growth (decline)" started.
􀟈  Test "CAGR with beginning value = 0 should be undefined (NaN/inf)" started.
􀟈  Test "Business valuation CAGR" started.
􀟈  Test "Callable bond prices less than non-callable" started.
􀟈  Test "OAS is positive for credit risk" started.
􀟈  Test "Income statement sums multiple revenue accounts" started.
􀟈  Test "SumDriver adds two deterministic drivers" started.
􀟈  Test "Performance_ModelValidation" started.
􀟈  Test "ProductDriver multiplies deterministic and probabilistic" started.
􀟈  Test "CAGR over 3 years" started.
􀟈  Test "CAGR and applyGrowth are consistent" started.
􀟈  Test "CAGR with negative growth" started.
􀟈  Test "Apply growth with monthly compounding" started.
􀟈  Test "Apply growth with continuous compounding" started.
􀟈  Test "Performance_InvestmentCalculations" started.
􀟈  Test "Apply growth with quarterly compounding" started.
􀟈  Test "CAGR over 1 year equals simple growth" started.
􀟈  Test "Growth rate with decimal values" started.
􀟈  Test "Threshold boundary behavior toggles detection" started.
􀟈  Test "Growth rate doubling" started.
􀟈  Test "Growth rate from 100 to 80 (negative)" started.
􀟈  Test "Growth rate with equal values is zero" started.
􀟈  Test "Validation error logging" started.
􀟈  Test "Apply growth with -100% annual rate collapses to zero after first period" started.
􀟈  Test "Growth rate over 1 period equals CAGR over 1 year" started.
􀟈  Test "Severity and deviation are monotonic in magnitude" started.
􀟈  Test "Apply 0% growth (no change)" started.
􀟈  Test "Inflation adjustment" started.
􀟈  Test "Quarterly vs monthly compounding ordering at same nominal APR" started.
􀟈  Test "Apply growth with zero periods returns base only" started.
􀟈  Test "Anomalies before warm-up window are ignored" started.
􀟈  Test "CAGR with very large values" started.
􀟈  Test "CAGR with very small values" started.
􀟈  Test "CAGR over fractional years" started.
􀟈  Test "CAGR with equal values is zero" started.
􀟈  Test "Apply growth with daily compounding" started.
􀟈  Test "Investment with monthly contributions" started.
􀟈  Test "CAGR matches known example" started.
􀟈  Test "Population growth" started.
􀟈  Test "CAGR with zero years should handle gracefully" started.
􀟈  Test "Monitor multiple covenants" started.
􀟈  Test "Debt-to-EBITDA - compliant" started.
􀟈  Test "Covenant violations - report generation" started.
􀟈  Test "Minimum EBITDA threshold - met" started.
􀟈  Test "DSCR - insufficient coverage" started.
􀟈  Test "Apply growth with large periods" started.
􀟈  Test "Revenue growth projection" started.
􀟈  Test "Interest coverage - calculate exact ratio" started.
􀟈  Test "Growth rate from 100 to 110" started.
􀟈  Test "Detect exact anomaly positions deterministically" started.
􀟈  Test "Interest coverage ratio - healthy company" started.
􀟈  Test "Interest coverage ratio - failing covenant" started.
􀟈  Test "BusinessMathError_NumericalInstability" started.
􀟈  Test "Maximum leverage ratio" started.
􀟈  Test "Validation_OutlierDetection" started.
􀟈  Test "Covenant with cure period" started.
􀟈  Test "BusinessMathError_MismatchedPeriods" started.
􀟈  Test "Apply 10% growth for 3 periods (annual)" started.
􀟈  Test "Covenant headroom calculation" started.
􀟈  Test "Current ratio - below minimum" started.
􀟈  Test "Covenant waiver" started.
􀟈  Test "Current ratio - minimum requirement met" started.
􀟈  Test "Minimum EBITDA threshold - not met" started.
􀟈  Test "Validatable_TimeSeriesImplementation" started.
􀟈  Test "DSCR - adequate coverage" started.
􀟈  Test "Error_IncludesContext" started.
􀟈  Test "Validatable_FinancialModelImplementation" started.
􀟈  Test "Error_ProvidesFillForwardSuggestion" started.
􀟈  Test "BusinessMathError_IRRNonConvergence" started.
􀟈  Test "Minimum net worth covenant" started.
􀟈  Test "BusinessMathError_NegativeInitialCost" started.
􀟈  Test "Compounding frequency affects final value" started.
􀟈  Test "Growth rate from zero should handle gracefully" started.
􀟈  Test "Covenant headroom - near breach" started.
􀟈  Test "Custom covenant - complex condition" started.
􀟈  Test "Debt-to-EBITDA - breached" started.
􀟈  Test "Validation_TimeSeriesGaps" started.
􀟈  Test "Validation_NaNValues" started.
􀟈  Test "BusinessMathError_EmptyCashFlows" started.
􀟈  Test "BusinessMathError_DivisionByZero" started.
􀟈  Test "Validation_InfiniteValues" started.
􀟈  Test "Lump sum investment: $10,000 for 20 years at 8%" started.
􀟈  Test "FV of annuity due: $1000/month for 12 months at 1%/month" started.
􀟈  Test "Error_ProvidesInterpolateSuggestion" started.
􀟈  Test "Annuity with zero payment" started.
􀟈  Test "Semiannual compounding" started.
􀟈  Test "FV of ordinary annuity: $1000/month for 12 months at 1%/month" started.
􀟈  Test "Error_IncludesExpectedRange" started.
􀟈  Test "Future value with zero rate equals present value" started.
􀟈  Test "Future value with zero present value" started.
􀟈  Test "Large number of periods" started.
􀟈  Test "Future value of $1000 in 5 years at 10%" started.
􀟈  Test "FV annuity and PV annuity are reciprocal" started.
􀟈  Test "Future value with high rate" started.
􀟈  Test "FV of ordinary annuity: $100/year for 5 years at 10%" started.
􀟈  Test "Future value with very small rate" started.
􀟈  Test "Annuity due equals ordinary times (1 + rate)" started.
􀟈  Test "FV of ordinary annuity with zero rate" started.
􀟈  Test "Compound growth verification" started.
􀟈  Test "FV of annuity due with zero rate equals FV ordinary" started.
􀟈  Test "401k contributions: $500/month for 30 years at 7% annual (0.583%/month)" started.
􀟈  Test "FV of annuity due: single period" started.
􀟈  Test "College savings: $300/month for 18 years at 6% annual" started.
􀟈  Test "FV of annuity due: $100/year for 5 years at 10%" started.
􀟈  Test "FV of PV equals original FV" started.
􀟈  Test "Annuity due is always greater than ordinary annuity" started.
􀟈  Test "Future value of $1000 in 1 year at 10%" started.
􀟈  Test cacPaybackUsesArpu() started.
􀟈  Test "Probability boundary semantics are strict" started.
􀟈  Test "Error_ProvidesAlternativeMethodSuggestion" started.
􀟈  Test "Optimize allocation - zero budget" started.
􀟈  Test "BusinessMathError_InvalidDiscountRate" started.
􀟈  Test "FV of ordinary annuity: single period" started.
􀟈  Test "Single project" started.
􀟈  Test "Integer allocation - all or nothing" started.
􀟈  Test "Negative rate should be handled" started.
􀟈  Test priceIncreaseAdjustsARPUAtBoundary() started.
􀟈  Test "Project ROI calculation" started.
􀟈  Test "No projects" started.
􀟈  Test "Percentage change constraint" started.
􀟈  Test "Future value with zero periods" started.
􀟈  Test "Allocation result description" started.
􀟈  Test "Optimize allocation - very limited budget" started.
􀟈  Test "Optimize allocation - limited budget" started.
􀟈  Test "Minimize cost objective" started.
􀟈  Test "All projects too expensive" started.
􀟈  Test "Integer allocation vs greedy comparison" started.
􀟈  Test "Absolute change constraint" started.
􀟈  Test "Simple target seeking - single driver, single target" started.
􀟈  Test "Exact target matching" started.
􀟈  Test "Target range constraint" started.
􀟈  Test "Error_MessageIsHumanReadable" started.
􀟈  Test "Multi-driver optimization - find price and volume" started.
􀟈  Test "First and last values" started.
􀟈  Test "Accessing values with default" started.
􀟈  Test "Linear growth time series" started.
􀟈  Test "Map operation on builder-created series" started.
􀟈  Test "E-commerce optimization - balance price and conversion" started.
􀟈  Test "Custom generator takes priority over growth" started.
􀟈  Test "Infeasible target" started.
􀟈  Test "SaaS revenue model - optimize MRR" started.
􀟈  Test "Annuity with zero periods" started.
􀟈  Test "TimeSeries with custom generator" started.
􀟈  Test "Zero coupon bond price calculation" started.
􀟈  Test "Optimize allocation - unlimited budget" started.
􀟈  Test "Multiple targets with different priorities" started.
􀟈  Test "Empty series first and last" started.
􀟈  Test "Negative starting value" started.
􀟈  Test "Conditional building" started.
􀟈  Test "Zero starting value" started.
􀟈  Test "Savings account: $200/month for 60 months at 0.5%/month" started.
􀟈  Test "Custom objective function" started.
􀟈  Test "Monthly time series with explicit months" started.
􀟈  Test "Zero coupon bond cash flow schedule" started.
􀟈  Test "Accessing values by period subscript" started.
􀟈  Test "Zero coupon bond at different yields" started.
􀟈  Test "TimeSeries with basic arrow syntax" started.
􀟈  Test "Constant time series" started.
􀟈  Test "Zero growth rate" started.
􀟈  Test "Very large values" started.
􀟈  Test "TimeSeries with starting value only" started.
􀟈  Test "Single value TimeSeries" started.
􀟈  Test "Zero coupon bond duration equals maturity" started.
􀟈  Test "Large year range" started.
􀟈  Test "Single year range" started.
􀟈  Test "TimeSeries with growth rate" started.
􀟈  Test "Filter operation on builder-created series" started.
􀟈  Test "Negative growth rate" started.
􀟈  Test "Quarterly time series" started.
􀟈  Test "Longer forecast horizon" started.
􀟈  Test "Predict using simple moving average" started.
􀟈  Test "Very small values" started.
􀟈  Test "Zero coupon bond YTM calculation" started.
􀟈  Test "TimeSeries with mixed period types" started.
􀟈  Test "Exponential growth time series" started.
􀟈  Test "Confidence interval width" started.
􀟈  Test "Array-based building" started.
􀟈  Test "Insufficient data for window size" started.
􀟈  Test "Fractional growth rate" started.
􀟈  Test "Train model with sufficient data" started.
􀟈  Test "Window size equals data length" started.
􀟈  Test "Constant data" started.
􀟈  Test "Empty TimeSeries" started.
􀟈  Test rosenbrockOptimization() started.
􀟈  Test "Forecast with confidence intervals" started.
􀟈  Test smallUnconstrainedSelection() started.
􀟈  Test accuracyPreference() started.
􀟈  Test inequalityConstraintSelection() started.
􀟈  Test equalityConstraintSelection() started.
􀟈  Test "MarketplaceModel_TakeRateImpactOnRevenue" started.
􀟈  Test "MarketplaceModel_SellerGrowth" started.
􀟈  Test "MarketplaceModel_BuyerSellerRatio" started.
􀟈  Test "MarketplaceModel_TotalTransactions" started.
􀟈  Test problemAnalysis() started.
􀟈  Test "MarketplaceModel_AverageSellerRevenue" started.
􀟈  Test "MarketplaceModel_BuyerGrowth" started.
􀟈  Test speedPreference() started.
􀟈  Test "MarketplaceModel_GMVCalculation" started.
􀟈  Test constrainedPortfolio() started.
􀟈  Test customTolerance() started.
􀟈  Test "High growth rate" started.
􀟈  Test "MarketplaceModel_TransactionsPerSeller" started.
􀟈  Test maxIterations() started.
􀟈  Test "MarketplaceModel_Liquidity" started.
􀟈  Test "MarketplaceModel_Projection12Months" started.
􀟈  Test convergenceOnQuadratic() started.
􀟈  Test largeProblemSelection() started.
􀟈  Test "EBITDA adds back depreciation and amortization" started.
􀟈  Test "MarketplaceModel_BasicSetup" started.
􀟈  Test "Operating income is gross profit minus operating expenses" started.
􀟈  Test "Net income is revenue minus expenses" started.
􀟈  Test "Net margin is net income divided by revenue" started.
􀟈  Test "Total revenue is sum of all revenue accounts" started.
􀟈  Test "MarketplaceModel_RevenueCalculation" started.
􀟈  Test "Gross profit is revenue minus COGS" started.
􀟈  Test "Gross margin is gross profit divided by revenue" started.
􀟈  Test "Calculate interest coverage ratio correctly" started.
􀟈  Test "Materialized income statement has all metrics pre-computed" started.
􀟈  Test "EBITDA margin is EBITDA divided by revenue" started.
􀟈  Test "Calculate debt to equity ratio correctly" started.
􀟈  Test "Income statement handles empty expense accounts" started.
􀟈  Test "Calculate net income growth rates" started.
􀟈  Test "Income statement can be created with revenue and expense accounts" started.
􀟈  Test "Income statement creation fails with entity mismatch" started.
􀟈  Test "Access period summary by period" started.
􀟈  Test "Small window vs large window" started.
􀟈  Test "Income statement creation fails with wrong account type in revenue" started.
􀟈  Test "Multi-period report automatically sorts periods" started.
􀟈  Test "Total expenses is sum of all expense accounts" started.
􀟈  Test "Multi-period report with annual summary" started.
􀟈  Test "Income statement creation fails with wrong account type in expenses" started.
􀟈  Test "Multi-period report is Codable" started.
􀟈  Test "Income statement handles empty revenue accounts" started.
􀟈  Test "Operating margin is operating income divided by revenue" started.
􀟈  Test "Create multi-period report from quarterly data" started.
􀟈  Test "Track ROE and ROA trends" started.
􀟈  Test "Track valuation multiples over time" started.
􀟈  Test "Track leverage ratios over time" started.
􀟈  Test "Multi-period report rejects entity mismatch" started.
􀟈  Test "Access period summary by index" started.
􀟈  Test "Track margin trends across periods" started.
􀟈  Test "VaR/CVaR become more conservative when extreme tail loss added" started.
􀟈  Test "Calculate EBITDA growth rates" started.
􀟈  Test "Max drawdown exact check (≈ 33.333%)" started.
􀟈  Test "Sharpe/Sortino handle constant returns (zero volatility)" started.
􀟈  Test "Clamped driver enforces both min and max" started.
􀟈  Test "Constrained drivers in full Monte Carlo projection" started.
􀟈  Test "Positive driver ensures non-negative values" started.
􀟈  Test "Income statement can be created with multiple accounts" started.
􀟈  Test "Transformed driver with complex logic" started.
􀟈  Test "Utilization rate bounded to [0, 1]" started.
􀟈  Test "Income statement is Codable" started.
􀟈  Test "Clamped driver enforces maximum" started.
􀟈  Test "Skewness near zero for symmetric distribution" started.
􀟈  Test "Revenue model with positive constraint" started.
􀟈  Test "Clamped values affect Monte Carlo statistics" started.
􀟈  Test "Constrained drivers work with ProductDriver" started.
􀟈  Test "Headcount must be positive integer" started.
􀟈  Test "Constrained drivers work with time-varying drivers" started.
􀟈  Test "Validate date type - invalid strings rejected" started.
􀟈  Test "Validate data - aggregates multiple errors" started.
􀟈  Test "Validate data - extraneous fields are ignored" started.
􀟈  Test "Multiple constraints can be chained" started.
􀟈  Test "Optional field present as NSNull is invalid" started.
􀟈  Test "Cumulative principal for first year" started.
􀟈  Test "Payment annuity due vs ordinary" started.
􀟈  Test "Payment equals principal plus interest" started.
􀟈  Test "Interest payment in last period" started.
􀟈  Test "Validate arrays - element types and nesting" started.
􀟈  Test "Calculate revenue growth rates" started.
􀟈  Test "Growth rate constrained to realistic bounds" started.
􀟈  Test "Mortgage amortization first vs last payment" started.
􀟈  Test "Multi-period report rejects empty periods" started.
􀟈  Test "Enterprise Value - cash-rich company has lower EV than market cap" started.
􀟈  Test "Interest payment at period zero" started.
􀟈  Test "Enterprise Value - accounts for debt and cash" started.
􀟈  Test "Price-to-Sales - revenue multiple" started.
􀟈  Test "Rounded driver produces integers" started.
􀟈  Test "Transformed driver applies custom function" started.
􀟈  Test "Payment for single period" started.
􀟈  Test "Ceiling driver rounds up" started.
􀟈  Test "Floored driver rounds down" started.
􀟈  Test "EV/EBITDA - capital-structure-neutral valuation" started.
􀟈  Test "Interest payment decreases over time" started.
􀟈  Test "Payment for $250,000 mortgage at 4% for 30 years" started.
􀟈  Test "Clamped driver enforces minimum" started.
􀟈  Test "Price-to-Earnings - growth stock with high P/E" started.
􀟈  Test "Compare P/E vs EV/EBITDA for leveraged company" started.
􀟈  Test "Principal payment in first period" started.
􀟈  Test "Principal/Interest payment beyond final period is zero" started.
􀟈  Test "Payment with zero rate" started.
􀟈  Test "Principal payment in last period" started.
􀟈  Test "Cumulative interest for entire loan" started.
􀟈  Test "Price-to-Book - value stock comparison" started.
􀟈  Test "All principal payments sum to loan amount" started.
􀟈  Test "Interest payment in first period" started.
􀟈  Test "Cumulative interest for first year" started.
􀟈  Test "Payment for $10,000 loan at 5% for 60 months" started.
􀙟  Test deterministicProjection() skipped: "Project deterministic path over multiple periods"
􀟈  Test "Car loan amortization analysis" started.
􀟈  Test "Principal payment at period zero" started.
􀟈  Test "Cumulative interest for last year" started.
􀟈  Test "Interest paid in first 5 years vs last 5 years" started.
􀟈  Test "Verify Q4 seasonal boost in expected values" started.
􀟈  Test "Validate Q4 seasonal boost" started.
􀟈  Test "Model statistics are reasonable" started.
􀟈  Test "Cumulative principal and interest sum to total payments" started.
􀟈  Test "Verify total costs are in reasonable range" started.
􀟈  Test "Revenue grows faster than costs" started.
􀟈  Test "Cumulative principal for last year" started.
􀟈  Test "Payment with zero periods" started.
􀟈  Test "Headcount scales with user base" started.
􀟈  Test "Principal payment increases over time" started.
􀟈  Test "Sample all model components for a single period" started.
􀟈  Test "Earnings yield is inverse of P/E" started.
􀟈  Test "Create SaaS financial model" started.
􀟈  Test "Payment with future value" started.
􀙟  Test monteCarloSimulation() skipped: "Run Monte Carlo simulation"
􀟈  Test "ScenarioRunner handles multiple drivers" started.
􀟈  Test "Verify revenue is in reasonable range" started.
􀟈  Test "EV/Sales - alternative to P/S" started.
􀟈  Test "Validate price per user is in triangular range" started.
􀟈  Test "Validate users and headcount are positive integers" started.
􀟈  Test "ScenarioRunner preserves scenario metadata in projection" started.
􀟈  Test "ScenarioRunner with probabilistic drivers samples correctly" started.
􀟈  Test convergenceWithVaryingScenarios() started.
􀟈  Test "Run complete example from documentation" started.
􀟈  Test "Validate 30% annual user growth" started.
􀟈  Test meanVarianceOptimization() started.
􀟈  Test productionPlanningWithUncertainDemand() started.
􀟈  Test "ScenarioRunner executes simple scenario" started.
􀟈  Test normalScenarioGeneration() started.
􀟈  Test "Cumulative principal for entire loan" started.
􀟈  Test "Portfolio variance minimization" started.
􀟈  Test uniformScenarioGeneration() started.
􀟈  Test "Extract time series at different confidence levels" started.
􀟈  Test "Adam optimizer on Rosenbrock" started.
􀟈  Test "Convergence detection" started.
􀟈  Test "Analyze profit uncertainty across quarters" started.
􀟈  Test "Gradient descent with momentum" started.
􀟈  Test discreteScenarios() started.
􀟈  Test "Minimize 3D sphere function" started.
􀟈  Test "Minimize with automatic gradient computation" started.
􀟈  Test stochasticPortfolioOptimization() started.
􀟈  Test bootstrapScenarioGeneration() started.
􀟈  Test degenerateTowardsDeterministic() started.
􀟈  Test constraintSatisfactionUnderUncertainty() started.
􀟈  Test "Adam with automatic gradient computation" started.
􀟈  Test "Minimize 2D quadratic bowl" started.
􀟈  Test "Minimize N-dimensional sphere" started.
􀟈  Test "Line search improves convergence" started.
􀟈  Test "Report sorting by execution count" started.
􀟈  Test "Convenience factory methods" started.
􀟈  Test "Measure simple operation" started.
􀟈  Test "ScenarioRunner with empty scenario uses all provided drivers" started.
􀟈  Test "Sparse vs Dense: 500×500 matrix (0.1% density)" started.
􀟈  Test "Statistics calculation for single measurement" started.
􀟈  Test "Optimize with Vector2D" started.
􀟈  Test "Detect bottlenecks with custom threshold" started.
􀟈  Test "Max iterations without convergence" started.
􀟈  Test "ScenarioRunner applies driver overrides" started.
􀟈  Test "Minimize Rosenbrock function" started.
􀟈  Test "Cash flow reconciles with balance sheet - valid" started.
􀟈  Test "Balance sheet with tolerance" started.
􀟈  Test "Report sorting by total time" started.
􀟈  Test "Report filtering specific operations" started.
􀟈  Test "Reset specific operation" started.
􀟈  Test "Positive revenue - valid" started.
􀟈  Test "Negative revenue - invalid" started.
􀟈  Test "Adam optimizer on quadratic" started.
􀟈  Test "Balance sheet balances - valid" started.
􀟈  Test "Reasonable gross margin - valid" started.
􀟈  Test "Cash flow reconciliation with tolerance" started.
􀟈  Test "Measure async operation" started.
􀟈  Test "Complete profiling workflow" started.
􀟈  Test "Statistics calculation for multiple measurements" started.
􀟈  Test "Custom warning threshold" started.
􀟈  Test "Cash flow doesn't reconcile - invalid" started.
􀟈  Test "Empty report" started.
􀟈  Test "Measure same operation multiple times" started.
􀟈  Test "No bottlenecks when all operations are fast" started.
􀟈  Test "Measure operation that throws" started.
􀟈  Test "Measure multiple operations" started.
􀟈  Test "Concurrent measurements" started.
􀟈  Test "Reset all metrics" started.
􀟈  Test "Measure operation with category" started.
􀟈  Test "Measure operation with work" started.
􀟈  Test "Memory usage tracking" started.
􀟈  Test "Binomial converges to BS within 1% at high steps" started.
􀟈  Test "CAPM when market return below risk-free" started.
􀟈  Test "WACC with 100% debt" started.
􀟈  Test "History recording" started.
􀟈  Test "Validate double type" started.
􀟈  Test "Validate int type" started.
􀟈  Test "Report formatting" started.
􀟈  Test "Balance sheet doesn't balance - invalid" started.
􀟈  Test "Optional fields validated if present" started.
􀟈  Test "Create schema with required fields" started.
􀟈  Test "Unusual gross margin - warning" started.
􀟈  Test "CAPM with negative beta" started.
􀟈  Test "Seasonality repeats year-over-year" started.
􀟈  Test "Percentile calculations" started.
􀟈  Test "Validate data against schema - all fields present" started.
􀟈  Test "Report CSV export" started.
􀟈  Test "Validate object type" started.
􀟈  Test "SaaSModel_MRRCalculation_MultipleMonths" started.
􀟈  Test "Validate array type" started.
􀟈  Test "SaaSModel_MRRCalculation_FirstMonth" started.
􀟈  Test "Validate data - missing required field" started.
􀟈  Test "Lever/Unlever beta with zero tax" started.
􀟈  Test "SaaSModel_ChurnImpact_ZeroChurn" started.
􀟈  Test "SaaSModel_PriceIncrease" started.
􀟈  Test "SaaSModel_CustomerGrowth" started.
􀟈  Test "SaaSModel_UnitEconomics_LTVtoCAC" started.
􀟈  Test "Detect bottlenecks with default threshold" started.
􀟈  Test "SaaSModel_BasicSetup" started.
􀟈  Test "SaaSModel_ChurnImpact_HighChurn" started.
􀟈  Test "SaaSModel_LTVCalculation_WithGrossMargin" started.
􀟈  Test "SaaSModel_ARRCalculation" started.
􀟈  Test "forecastWithConfidence(timeSeries:periods:confidenceLevel:) combines train and predictWithConfidence" started.
􀟈  Test "Convenience methods propagate errors correctly" started.
􀟈  Test "SaaSModel_Projection36Months" started.
􀟈  Test "SaaSModel_CACPayback" started.
􀟈  Test "VarianceP" started.
􀟈  Test "Validate string type" started.
􀟈  Test "forecast(timeSeries:periods:) combines train and predict" started.
􀟈  Test "StdDevP" started.
􀟈  Test "Validate date type" started.
􀟈  Test "IndexOfDispersion" started.
􀟈  Test "SumOfSquaredAvgDiff" started.
􀟈  Test "Validate bool type" started.
􀟈  Test "SaaSModel_LTVCalculation" started.
􀟈  Test "CoefficientOfVariation" started.
􀟈  Test "Edge modes c == a and c == b produce valid samples in [a,b]" started.
􀟈  Test "Discount rate - incremental borrowing rate" started.
􀟈  Test "Right-of-use asset with prepayments" started.
􀟈  Test "Validate data - incorrect type" started.
􀟈  Test "Mean equals (a + b + c) / 3" started.
􀟈  Test "Discount rate - implicit rate in lease" started.
􀟈  Test "Lease modification - extension" started.
􀟈  Test "Optional fields not required" started.
􀟈  Test "Interest expense - first period" started.
􀟈  Test "Payment breakdown - principal plus interest" started.
􀟈  Test "StdDevS" started.
􀟈  Test "Operating lease comparison - old vs new standard" started.
􀟈  Test "Sale and leaseback - deferred gain" started.
􀟈  Test "TStatistic" started.
􀟈  Test "Lease liability - amortization over time" started.
􀟈  Test "Low-value lease - exemption test" started.
􀟈  Test "Interest expense - declining over time" started.
􀟈  Test "Principal increasing over time" started.
􀟈  Test "Custom stress scenario" started.
􀟈  Test "Stress test report identifies best case" started.
􀟈  Test "SaaSModel_NegativeGrowth_HighChurnLowAcquisition" started.
􀟈  Test "Right-of-use asset with initial direct costs" started.
􀟈  Test "Probability of X ≤ c equals (c − a) / (b − a)" started.
􀟈  Test "Right-of-use asset - basic calculation" started.
􀟈  Test "Lease vs buy decision analysis" started.
􀟈  Test "VarianceTDist" started.
􀟈  Test "Negative shock decreases values" started.
􀟈  Test "Principal reduction per period" started.
􀟈  Test "StdDev" started.
􀟈  Test "Scenarios sorted by severity" started.
􀟈  Test "Short-term lease - exemption test" started.
􀟈  Test "Stress test runs multiple scenarios" started.
􀟈  Test "Zero shock maintains values" started.
􀟈  Test "Lease liability - initial recognition" started.
􀟈  Test "Lease disclosure - total commitments" started.
􀟈  Test "Scenario result tracks impact" started.
􀟈  Test "Supply shock scenario targets operations" started.
􀟈  Test "Lease modification - rent reduction" started.
􀟈  Test "Sale and leaseback - gain recognition" started.
􀟈  Test "Recession scenario has expected shocks" started.
􀟈  Test "VarianceS" started.
􀟈  Test "Stress test report identifies worst case" started.
􀟈  Test "ROU asset carrying value over time" started.
􀟈  Test "Piotroski F-Score - boundary case with zero values" started.
􀟈  Test "Piotroski F-Score - individual signal calculations" started.
􀟈  Test "Financial crisis scenario more severe than recession" started.
􀟈  Test "Monthly payment frequency" started.
􀟈  Test "Altman Z-Score - single period with scalar values" started.
􀟈  Test "Piotroski F-Score - year-over-year improvement detection" started.
􀟈  Test "Custom amortization - specified payments" started.
􀟈  Test "Lease disclosure - maturity analysis" started.
􀟈  Test "Lease with variable payments" started.
􀟈  Test "MonteCarloSimulation basic initialization" started.
􀟈  Test "Balance continuity - ending equals next beginning" started.
􀟈  Test "Custom schedule underpays and leaves residual balance" started.
􀟈  Test "Zero interest rate - principal only" started.
􀟈  Test "Altman Z-Score - healthy company in safe zone" started.
􀟈  Test "ROU asset depreciation - straight line" started.
􀟈  Test "Bullet payment - balance remains constant until maturity" started.
􀟈  Test "Piotroski F-Score - weak company scores low" started.
􀟈  Test "Altman Z-Score - grey zone detection" started.
􀟈  Test "Custom amortization - varying payments still pay off loan" started.
􀟈  Test "Level payment - payment calculation formula" started.
􀟈  Test "Quarterly payment frequency" started.
􀟈  Test "Bullet payment - interest only during term" started.
􀟈  Test "Straight line amortization - equal principal" started.
􀟈  Test "Altman Z-Score - distressed company in danger zone" started.
􀟈  Test "Piotroski F-Score - strong company scores high" started.
􀟈  Test "Balance calculation - beginning minus principal equals ending" started.
􀟈  Test "Straight line - declining interest" started.
􀟈  Test "High interest rate - substantial interest component" started.
􀟈  Test "Single payment loan" started.
􀟈  Test "Large principal - millions" started.
􀟈  Test "Very short term loan - 1 month" started.
􀟈  Test "Create time series from dictionary" started.
􀟈  Test "Level payment amortization - basic calculation" started.
􀟈  Test "Create time series with metadata" started.
􀟈  Test "Effective annual rate calculation" started.
􀟈  Test "Straight line - declining total payment" started.
􀟈  Test "Annual payment frequency" started.
􀟈  Test "Range with start > end returns empty" started.
􀟈  Test "Time series with very large values" started.
􀟈  Test "first returns nil for empty time series" started.
􀟈  Test "TimeSeriesMetadata has default empty values" started.
􀟈  Test "Level payment - total interest paid" started.
􀟈  Test "Positive shock increases values" started.
􀟈  Test "Bullet payment - constant interest payments" started.
􀟈  Test "Can use filter on time series" started.
􀟈  Test "Daily production time series" started.
􀟈  Test "Time series works with Float type" started.
􀟈  Test "Initialization handles duplicate periods by keeping last value" started.
􀟈  Test "Subscript returns value for existing period" started.
􀟈  Test "Single period time series" started.
􀟈  Test "Altman Z-Score - components calculation verification" started.
􀟈  Test "Time series with negative values" started.
􀟈  Test "rollingSum window equal to length returns single sum" started.
􀟈  Test "Level payment - increasing principal ratio over time" started.
􀟈  Test "count returns number of periods" started.
􀟈  Test "Round-trip: Spread → Implied Recovery → Credit Spread" started.
􀟈  Test "Expected loss scales with exposure" started.
􀟈  Test "Can use map on time series" started.
􀟈  Test "Monthly revenue time series" started.
􀟈  Test "Time series with zero values" started.
􀟈  Test "LGD for full recovery" started.
􀟈  Test "TimeSeriesMetadata can be created" started.
􀟈  Test "Empty time series" started.
􀟈  Test "Initialization sorts periods chronologically" started.
􀟈  Test "last returns last value" started.
􀟈  Test "Expected loss is zero with full recovery" started.
􀟈  Test "range extracts subset of time series" started.
􀟈  Test "first returns first value" started.
􀟈  Test "periods returns all periods in order" started.
􀟈  Test "Implied recovery rate consistency" started.
􀟈  Test "Expected loss is zero with zero PD" started.
􀟈  Test "Subscript returns nil for missing period" started.
􀟈  Test "Expected loss calculation" started.
􀟈  Test "range includes both endpoints" started.
􀟈  Test "Expected loss increases with default probability" started.
􀟈  Test "Quarterly earnings time series" started.
􀟈  Test "fillForward and fillBackward preserve metadata" started.
􀟈  Test "Recovery model with Float type" started.
􀟈  Test "Expected loss decreases with recovery rate" started.
􀟈  Test "last returns nil for empty time series" started.
􀟈  Test "Subscript with default returns value for existing period" started.
􀟈  Test "range with same start and end returns single period" started.
􀟈  Test "Create time series from arrays" started.
􀟈  Test "LGD for zero recovery" started.
􀟈  Test "Standard recovery rate - senior secured" started.
􀟈  Test "Implied recovery rate from spread" started.
􀟈  Test "isEmpty returns false for non-empty time series" started.
􀟈  Test "Recovery rates ordered by seniority" started.
􀟈  Test "Can iterate over time series values" started.
􀟈  Test "valuesArray returns values in order" started.
􀟈  Test "Loss given default calculation" started.
􀟈  Test "Standard recovery rate - senior unsecured" started.
􀟈  Test "Subscript with default returns default for missing period" started.
􀟈  Test "All projects exceed budget individually" started.
􀟈  Test "Project dependencies - must select prerequisite" started.
􀟈  Test "AGM symmetry and bounds" started.
􀟈  Test "Can use reduce on time series" started.
􀟈  Test "Inequality chain: H ≤ G ≤ L ≤ A ≤ C for positive values" started.
􀟈  Test "range preserves metadata" started.
􀟈  Test "Standard recovery rate - subordinated" started.
􀟈  Test "Multi-period capital budgeting" started.
􀟈  Test "Identric mean lies between geometric and arithmetic" started.
􀟈  Test "Mutually exclusive projects" started.
􀟈  Test "Standard recovery rate - junior" started.
􀟈  Test "presentValue with rate = -1 and odd period should be undefined" started.
􀟈  Test "Present value with zero rate equals future value" started.
􀟈  Test "isEmpty returns true for empty time series" started.
􀟈  Test "Annuity with zero payment" started.
􀟈  Test "Single-element means return the element" started.
􀟈  Test "Car loan: $30,000 for 60 months at 5% APR" started.
􀟈  Test "PV of annuity due with zero rate equals PV ordinary" started.
􀟈  Test "PV of ordinary annuity: single period" started.
􀟈  Test "Annuity with zero periods" started.
􀟈  Test "Bond valuation: $1000 face value, 5% coupon, 10 years, 6% yield" started.
􀟈  Test "PV of annuity due: $100/year for 5 years at 10%" started.
􀟈  Test "Lottery annuity: $1M paid over 20 years at 6%" started.
􀟈  Test "PV of ordinary annuity with zero rate" started.
􀟈  Test "Annuity due equals ordinary times (1 + rate)" started.
􀟈  Test "Present value of $1000 in 5 years at 10%" started.
􀟈  Test "npv with rate = -1 should be undefined due to zero denominators" started.
􀟈  Test "PV of annuity due: $1000/month for 12 months at 1%/month" started.
􀟈  Test "Negative rate should be handled" started.
􀟈  Test "Maximize profitability index (NPV per dollar)" started.
􀟈  Test "Present value with zero periods" started.
􀟈  Test "PV of ordinary annuity: $1000/month for 12 months at 1%/month" started.
􀟈  Test "Present value with zero future value" started.
􀟈  Test "Present value with high rate" started.
􀟈  Test "Annuity due is always greater than ordinary annuity" started.
􀟈  Test "PV of annuity due: single period" started.
􀟈  Test "Simple project selection - 3 projects, limited budget" started.
􀟈  Test "Present value of $1000 in 1 year at 10%" started.
􀟈  Test "Retirement income: Need $50k/year for 30 years at 4%" started.
􀟈  Test "PV of ordinary annuity: $100/year for 5 years at 10%" started.
􀟈  Test "SimplexSolver integration - 2D linear program" started.
􀟈  Test "Present value with very small rate" started.
􀟈  Test "Large number of periods" started.
􀟈  Test "Maximization problem (minimize negative)" started.
􀟈  Test "Simple knapsack problem (5 items)" started.
􀟈  Test "Depth-first node selection" started.
􀙟  Test "Node limit termination" skipped: "Test problem too easy - LP relaxation finds integer solution at root"
􀟈  Test "t-distribution fat tails (df=3)" started.
􀟈  Test "t-distribution struct random() method" started.
􀟈  Test "Constraint satisfaction in final solution" started.
􀟈  Test "t-distribution symmetric around zero" started.
􀟈  Test "Infeasible integer program" started.
􀟈  Test "t-distribution function statistical properties - df=30" started.
􀟈  Test "Optimality gap calculation" started.
􀟈  Test "t-distribution function produces reasonable values" started.
􀟈  Test "t-distribution with df=2" started.
􀟈  Test "SimplexSolver integration - knapsack with linear constraints" started.
􀟈  Test "SimplexSolver integration - infeasible LP relaxation" started.
􀟈  Test "t-distribution approaches normal as df increases" started.
􀟈  Test "Production scheduling with setup costs and demand constraints" started.
􀟈  Test "Binary variable problem - already integer at root" started.
􀟈  Test "t-distribution struct stores df parameter" started.
􀟈  Test "t-distribution with df=1 (Cauchy distribution)" started.
􀟈  Test "Breadth-first node selection" started.
􀟈  Test "t-distribution struct next() method" started.
􀟈  Test "t-distribution with df=5 vs df=30" started.
􀟈  Test "Solution status reporting" started.
􀟈  Test "Performance: 10-variable problem solves quickly" started.
􀟈  Test "Mixed integer problem (not all binary)" started.
􀟈  Test "SimplexSolver integration - validates solution feasibility" started.
􀟈  Test "SimplexSolver integration - simple binary problem" started.
􀟈  Test "SimplexSolver integration - equality constraints" started.
􀟈  Test "Best-bound node selection finds optimum" started.
􀟈  Test "Profitability ratios remain consistent across periods" started.
􀟈  Test "valuationMetrics() returns all market-based metrics" started.
􀟈  Test "solvencyRatios() returns all solvency metrics" started.
􀟈  Test "liquidityRatios() returns all liquidity metrics" started.
􀟈  Test "piotroskiFScore() alias works correctly" started.
􀟈  Test "Service company without inventory/payables/interest handles gracefully" started.
􀟈  Test "profitabilityRatios() returns all profitability metrics" started.
􀟈  Test "solvencyRatios() calculates DSCR when payments provided" started.
􀟈  Test "efficiencyRatios() returns all efficiency metrics including CCC" started.
􀟈  Test weightedOptimization() started.
􀟈  Test perScenarioAnalysis() started.
􀟈  Test constraintSatisfaction() started.
􀟈  Test maximization() started.
􀟈  Test equalProbabilityScenarios() started.
􀟈  Test bullBaseBearScenarios() started.
􀟈  Test minimization() started.
􀟈  Test probabilityWeighting() started.
􀟈  Test convergenceWithTolerance() started.
􀟈  Test comparisonWithStochastic() started.
􀟈  Test singleScenario() started.
􀟈  Test varianceCalculation() started.
􀟈  Test zeroProbabilityScenario() started.
􀟈  Test "Standard five-way template" started.
􀟈  Test "Apply scenario with direct value" started.
􀟈  Test "All parameter types" started.
􀟈  Test "Extreme positive adjustments" started.
􀟈  Test "ScenarioSet scenario lookup" started.
􀟈  Test "Range calculation" started.
􀟈  Test "Standard deviation calculation" started.
􀟈  Test "ScenarioSet with multiple scenarios" started.
􀟈  Test "Zero values" started.
􀟈  Test "Probability sum validation in expected value" started.
􀟈  Test "Baseline scenario creation" started.
􀟈  Test "Very large numbers" started.
􀟈  Test "Expected value calculation" started.
􀟈  Test "Negative parameter values" started.
􀟈  Test "Scenario with description" started.
􀟈  Test "Standard five-way with custom variability" started.
􀟈  Test "Variance calculation" started.
􀟈  Test "Custom parameter" started.
􀟈  Test "Revenue adjustments" started.
􀟈  Test "Apply scenario with no matching parameter" started.
􀟈  Test "Expected value with missing probabilities" started.
􀟈  Test "Empty ScenarioSet" started.
􀟈  Test "Multiple adjustments" started.
􀟈  Test "Very small fractional values" started.
􀟈  Test "Scenario with probability and description" started.
􀟈  Test "Pessimistic scenario creation" started.
􀟈  Test "Mixed parameters and adjustments" started.
􀟈  Test "Extreme negative adjustments" started.
􀟈  Test "Duplicate parameter overwriting" started.
􀟈  Test "Standard three-way template" started.
􀟈  Test "Apply scenario with adjustment" started.
􀟈  Test "Standard three-way with custom variability" started.
􀟈  Test "Cost adjustments" started.
􀟈  Test "Apply non-existent scenario" started.
􀟈  Test "Range with single scenario" started.
􀟈  Test "Custom named scenario" started.
􀟈  Test "Scenario with probability" started.
􀟈  Test "Optimistic scenario creation" started.
􀟈  Test "Custom parameter adjustments" started.
􀟈  Test "Empty scenario" started.
􀟈  Test "Corporate bond yield calculation" started.
􀟈  Test "Round-trip: Z-Score → PD → Spread" started.
􀟈  Test "Default probability increases as Z-Score decreases" started.
􀟈  Test "Credit spread increases with default probability" started.
􀟈  Test "Default probability from Z-Score - distress zone" started.
􀟈  Test "Credit spread decreases with recovery rate" started.
􀟈  Test "Default probability from Z-Score - grey zone" started.
􀟈  Test "Default probability from Z-Score - investment grade" started.
􀟈  Test "Credit spread with zero recovery rate" started.
􀟈  Test "Credit spread from default probability" started.
􀟈  Test "Two-Stage DDM - invalid when stable g >= r" started.
􀢄  Test "PlotHistogram_LargeNumbers_FormatsCorrectly" recorded an issue at CommandLineVisualizationTests.swift:120:3: Expectation failed: (output → "Histogram (2 bins, 300 samples):

[   1,000 -    2,000):  █████████████████████████                           100 (33.3%)
[   2,000 -    3,000):  ██████████████████████████████████████████████████  200 (66.7%)
").contains("1000")
􀄵  // Then
􀄵  Should format large numbers
􀢄  Test "PlotHistogram_LargeNumbers_FormatsCorrectly" recorded an issue at CommandLineVisualizationTests.swift:121:3: Expectation failed: (output → "Histogram (2 bins, 300 samples):

[   1,000 -    2,000):  █████████████████████████                           100 (33.3%)
[   2,000 -    3,000):  ██████████████████████████████████████████████████  200 (66.7%)
").contains("2000")
􀄵  Should format large numbers
􀢄  Test "PlotHistogram_LargeNumbers_FormatsCorrectly" recorded an issue at CommandLineVisualizationTests.swift:122:3: Expectation failed: (output → "Histogram (2 bins, 300 samples):

[   1,000 -    2,000):  █████████████████████████                           100 (33.3%)
[   2,000 -    3,000):  ██████████████████████████████████████████████████  200 (66.7%)
").contains("3000")
􀄵  Should format large numbers
􀟈  Test "Gordon Growth Model - invalid when g > r" started.
􀟈  Test "H-Model - short half-life" started.
􀟈  Test "H-Model - reduces to Gordon Growth when initial = terminal" started.
􀟈  Test "Gordon Growth Model - generic over Real types" started.
􀟈  Test "Compare all three DDM models" started.
􀟈  Test "H-Model - generic over Real types" started.
􀟈  Test "Gordon Growth Model - zero growth" started.
􀟈  Test "Two-Stage DDM - reduces to Gordon Growth with zero high growth periods" started.
Histogram (3 bins, 225 samples):

[     0.0 -     10.0):  █████████████████████████                            50 (22.2%)
[    10.0 -     20.0):  ██████████████████████████████████████████████████  100 (44.4%)
[    20.0 -     30.0):  █████████████████████████████████████                75 (33.3%)

􀟈  Test "Gordon Growth Model - low growth rate" started.
􀟈  Test "H-Model - linearly declining growth" started.
􀟈  Test "Gordon Growth Model - invalid when g >= r" started.
􀟈  Test "Gordon Growth Model - high dividend yield" started.
􀟈  Test "Two-Stage DDM - growth then mature phase" started.
􀟈  Test "Two-Stage DDM - high growth company" started.
􀟈  Test "Gordon Growth Model - sensitivity to required return" started.
􀟈  Test "Gordon Growth Model - basic calculation" started.
Histogram (1 bin, 100 samples):

[    0.00 -    10.00):  ██████████████████████████████████████████████████  100 (100.0%)

􀟈  Test "Accounts with same identity behave as one in a Set" started.
􀟈  Test "Entities with same ID behave as one in a Set" started.
􀟈  Test "Growth rate returns nil for missing metric" started.
Minimize with bounds: status=optimal, obj=-0.0, sol=[0.0]
Binary constraint test result: status=optimal, obj=1.0, sol=[1.0, 0.0]
Testing InequalityOptimizer directly first...
LP relaxation succeeded!
Solution: [3.361778012587872e-07]
Objective: 3.361778012587872e-07

Now manually testing root node creation...
Root node LP succeeded!
Root solution: [3.361778012587872e-07]
Is integer feasible? true

Now testing Branch and Bound...
Skipping non-negativity constraint: -x[0] ≤ 0
Branch and Bound result:
Status: optimal
Solution: [0.0]
Objective: 0.0
Nodes explored: 1
Skipping non-negativity constraint: -x[0] ≤ 0
Skipping non-negativity constraint: -x[1] ≤ 0
Skipping non-negativity constraint: -x[0] ≤ 0
Skipping non-negativity constraint: -x[1] ≤ 0
Skipping non-negativity constraint: -x[0] ≤ 0
Skipping non-negativity constraint: -x[1] ≤ 0
Skipping non-negativity constraint: -x[0] ≤ 0
Skipping non-negativity constraint: -x[1] ≤ 0
Skipping non-negativity constraint: -x[0] ≤ 0
Skipping non-negativity constraint: -x[1] ≤ 0
Skipping non-negativity constraint: -x[2] ≤ 0
Skipping non-negativity constraint: -x[0] ≤ 0
Skipping non-negativity constraint: -x[1] ≤ 0
Skipping non-negativity constraint: -x[0] ≤ 0
Skipping non-negativity constraint: -x[0] ≤ 0
Skipping non-negativity constraint: -x[1] ≤ 0
Skipping non-negativity constraint: -x[1] ≤ 0
Skipping non-negativity constraint: -x[2] ≤ 0
Skipping non-negativity constraint: -x[2] ≤ 0
Skipping non-negativity constraint: -x[0] ≤ 0
Skipping non-negativity constraint: -x[1] ≤ 0
Skipping non-negativity constraint: -x[2] ≤ 0
Skipping non-negativity constraint: -x[0] ≤ 0
Skipping non-negativity constraint: -x[1] ≤ 0
Skipping non-negativity constraint: -x[2] ≤ 0
Skipping non-negativity constraint: -x[0] ≤ 0
Skipping non-negativity constraint: -x[1] ≤ 0
Skipping non-negativity constraint: -x[0] ≤ 0
Skipping non-negativity constraint: -x[2] ≤ 0
Skipping non-negativity constraint: -x[0] ≤ 0
Skipping non-negativity constraint: -x[1] ≤ 0
Skipping non-negativity constraint: -x[1] ≤ 0
Skipping non-negativity constraint: -x[2] ≤ 0
Skipping non-negativity constraint: -x[2] ≤ 0
Skipping non-negativity constraint: -x[0] ≤ 0
Skipping non-negativity constraint: -x[1] ≤ 0
Skipping non-negativity constraint: -x[0] ≤ 0
Skipping non-negativity constraint: -x[2] ≤ 0
Skipping non-negativity constraint: -x[1] ≤ 0
Skipping non-negativity constraint: -x[2] ≤ 0
Skipping non-negativity constraint: -x[0] ≤ 0
Skipping non-negativity constraint: -x[1] ≤ 0
Skipping non-negativity constraint: -x[2] ≤ 0
Skipping non-negativity constraint: -x[0] ≤ 0
Skipping non-negativity constraint: -x[1] ≤ 0
Skipping non-negativity constraint: -x[2] ≤ 0
Skipping non-negativity constraint: -x[0] ≤ 0
Skipping non-negativity constraint: -x[1] ≤ 0
Skipping non-negativity constraint: -x[0] ≤ 0
Skipping non-negativity constraint: -x[1] ≤ 0
Skipping non-negativity constraint: -x[2] ≤ 0
Skipping non-negativity constraint: -x[0] ≤ 0
Skipping non-negativity constraint: -x[1] ≤ 0
Skipping non-negativity constraint: -x[2] ≤ 0
Skipping non-negativity constraint: -x[3] ≤ 0
Skipping non-negativity constraint: -x[4] ≤ 0
Skipping non-negativity constraint: -x[0] ≤ 0
Skipping non-negativity constraint: -x[1] ≤ 0
Skipping non-negativity constraint: -x[2] ≤ 0
Skipping non-negativity constraint: -x[0] ≤ 0
Skipping non-negativity constraint: -x[1] ≤ 0
Skipping non-negativity constraint: -x[2] ≤ 0
Skipping non-negativity constraint: -x[0] ≤ 0
Skipping non-negativity constraint: -x[1] ≤ 0
Skipping non-negativity constraint: -x[2] ≤ 0
Skipping non-negativity constraint: -x[3] ≤ 0
Skipping non-negativity constraint: -x[4] ≤ 0
Skipping non-negativity constraint: -x[0] ≤ 0
Skipping non-negativity constraint: -x[1] ≤ 0
Skipping non-negativity constraint: -x[2] ≤ 0
Skipping non-negativity constraint: -x[3] ≤ 0
􁁛  Test "Scenario with empty name" passed after 68.059 seconds.
􁁛  Test "Scenario with multiple driver overrides" passed after 68.060 seconds.
Skipping non-negativity constraint: -x[0] ≤ 0
Skipping non-negativity constraint: -x[1] ≤ 0
Skipping non-negativity constraint: -x[2] ≤ 0
Skipping non-negativity constraint: -x[3] ≤ 0
Skipping non-negativity constraint: -x[4] ≤ 0
Skipping non-negativity constraint: -x[0] ≤ 0
Skipping non-negativity constraint: -x[1] ≤ 0
Skipping non-negativity constraint: -x[2] ≤ 0
Skipping non-negativity constraint: -x[3] ≤ 0
Skipping non-negativity constraint: -x[4] ≤ 0
Skipping non-negativity constraint: -x[0] ≤ 0
Skipping non-negativity constraint: -x[1] ≤ 0
Skipping non-negativity constraint: -x[2] ≤ 0
Skipping non-negativity constraint: -x[3] ≤ 0
Skipping non-negativity constraint: -x[4] ≤ 0
Skipping non-negativity constraint: -x[0] ≤ 0
Skipping non-negativity constraint: -x[1] ≤ 0
Skipping non-negativity constraint: -x[2] ≤ 0
Skipping non-negativity constraint: -x[3] ≤ 0
Skipping non-negativity constraint: -x[4] ≤ 0
Skipping non-negativity constraint: -x[0] ≤ 0
Skipping non-negativity constraint: -x[1] ≤ 0
Skipping non-negativity constraint: -x[2] ≤ 0
Skipping non-negativity constraint: -x[3] ≤ 0
Skipping non-negativity constraint: -x[4] ≤ 0
􁁛  Test "Scenario creation with name and description" passed after 68.083 seconds.
􁁛  Test "Empty scenario is valid" passed after 68.083 seconds.
Skipping non-negativity constraint: -x[0] ≤ 0
Skipping non-negativity constraint: -x[1] ≤ 0
Skipping non-negativity constraint: -x[0] ≤ 0
Skipping non-negativity constraint: -x[1] ≤ 0
Skipping non-negativity constraint: -x[2] ≤ 0
Skipping non-negativity constraint: -x[0] ≤ 0
Skipping non-negativity constraint: -x[1] ≤ 0
Skipping non-negativity constraint: -x[2] ≤ 0
Skipping non-negativity constraint: -x[0] ≤ 0
Skipping non-negativity constraint: -x[1] ≤ 0
􁁛  Test "Clamp does not change values within bounds" passed after 68.152 seconds.
􁁛  Test "Positive clamps deterministic negatives to zero" passed after 68.152 seconds.
􁁛  Test "Rounded uses away-from-zero for halves" passed after 68.152 seconds.
􁁛  Test "Floor and ceiling on negatives behave correctly" passed after 68.152 seconds.
Skipping non-negativity constraint: -x[0] ≤ 0
Skipping non-negativity constraint: -x[1] ≤ 0
􁁛  Test "Override with probabilistic driver" passed after 68.202 seconds.
􁁛  Test "Scenario with driver overrides" passed after 68.201 seconds.
Skipping non-negativity constraint: -x[0] ≤ 0
Skipping non-negativity constraint: -x[1] ≤ 0
Skipping non-negativity constraint: -x[2] ≤ 0
Skipping non-negativity constraint: -x[0] ≤ 0
Skipping non-negativity constraint: -x[1] ≤ 0
Skipping non-negativity constraint: -x[0] ≤ 0
Skipping non-negativity constraint: -x[1] ≤ 0
Skipping non-negativity constraint: -x[0] ≤ 0
Skipping non-negativity constraint: -x[1] ≤ 0
Skipping non-negativity constraint: -x[0] ≤ 0
Skipping non-negativity constraint: -x[1] ≤ 0
􁁛  Test "Scenario with both overrides and assumptions" passed after 68.294 seconds.
Skipping non-negativity constraint: -x[0] ≤ 0
Skipping non-negativity constraint: -x[1] ≤ 0
Skipping non-negativity constraint: -x[2] ≤ 0
Skipping non-negativity constraint: -x[0] ≤ 0
Skipping non-negativity constraint: -x[0] ≤ 0
Skipping non-negativity constraint: -x[1] ≤ 0
Skipping non-negativity constraint: -x[0] ≤ 0
Skipping non-negativity constraint: -x[1] ≤ 0
Skipping non-negativity constraint: -x[2] ≤ 0
Skipping non-negativity constraint: -x[3] ≤ 0
􁁛  Test "Override driver returns correct value" passed after 68.297 seconds.
􁁛  Test "Different scenarios have different characteristics" passed after 68.297 seconds.
􁁛  Test "Sortino ratio higher than Sharpe for asymmetric returns" passed after 68.297 seconds.
􁁛  Test "Excess kurtosis for fat-tailed distribution" passed after 68.297 seconds.
􁁛  Test "Negative skew for left-tailed distribution" passed after 68.297 seconds.
􁁛  Test "CVaR equals VaR for uniform distribution" passed after 68.296 seconds.
􁁛  Test "VaR 95% identifies 5th percentile loss" passed after 68.297 seconds.
􁁛  Test "Sortino ratio only penalizes downside volatility" passed after 68.297 seconds.
􁁛  Test "Near-zero kurtosis for normal-like distribution" passed after 68.296 seconds.
􁁛  Test "CVaR captures tail risk beyond VaR" passed after 68.297 seconds.
􁁛  Test "Positive skew for right-tailed distribution" passed after 68.297 seconds.
􁁛  Test "VaR 99% more extreme than VaR 95%" passed after 68.300 seconds.
􁁛  Test "Sharpe ratio positive for excess returns" passed after 68.301 seconds.
􁁛  Test "Scenario with assumptions" passed after 68.300 seconds.
􁁛  Test "No drawdown for monotonically increasing series" passed after 68.301 seconds.
􁁛  Test "Tail risk measures severity beyond VaR" passed after 68.302 seconds.
􁁛  Test "AccountType is Codable" passed after 68.301 seconds.
􁁛  Test "Metrics description includes all values" passed after 68.304 seconds.
􁁛  Test "Sharpe ratio increases with higher returns" passed after 68.306 seconds.
􁁛  Test "All metrics computed successfully" passed after 68.306 seconds.
􁁛  Test "Asset, Liability, and Equity are balance sheet accounts" passed after 68.316 seconds.
􁁛  Test "Operating, Investing, and Financing are cash flow accounts" passed after 68.333 seconds.
􁁛  Test "Max drawdown identifies largest peak-to-trough decline" passed after 68.334 seconds.
􁁛  Test "AccountType equality works" passed after 68.333 seconds.
Production Scheduling Test Results:
  Product 0: Production=100 (99.99999999999999), Demand=100.0
  Product 1: Production=150 (150.0), Demand=150.0
  Product 2: Production=80 (79.99999999999999), Demand=80.0
  Product 3: Production=120 (120.00000000000001), Demand=120.0
􁁛  Test "Financial simulation with single iteration" passed after 68.340 seconds.
􁁛  Test "Assets and Expenses are debit accounts" passed after 68.663 seconds.
􁁛  Test "AccountType enum has all expected cases" passed after 68.775 seconds.
􁁛  Test "Learning rate too high - divergence" passed after 68.775 seconds.
􁁛  Test "Financial simulation with probabilistic driver" passed after 69.081 seconds.
􁁛  Test "Builder errors are propagated by ScenarioRunner" passed after 69.081 seconds.
􁁛  Test "Find minimum with offset" passed after 69.081 seconds.
􁁛  Test "Find minimum of simple quadratic" passed after 69.082 seconds.
􁁛  Test "Iteration history recorded" passed after 69.082 seconds.
􁁛  Test "Liabilities, Equity, and Revenue are credit accounts" passed after 69.082 seconds.
􁁛  Test "SimulationInput initialization with DistributionRandom conforming type - Uniform" passed after 69.082 seconds.
􁁛  Test "Numerical gradient calculation" passed after 69.082 seconds.
􁁛  Test "SimulationInput integration with multiple distribution types" passed after 69.082 seconds.
􁁛  Test "Percentile calculation with edge cases" passed after 69.082 seconds.
􁁛  Test "Context-aware adapts to magnitude" passed after 69.082 seconds.
􁁛  Test "Significant figures with 4 digits" passed after 69.082 seconds.
􁁛  Test "SimulationInput with triangular distribution" passed after 69.082 seconds.
􁁛  Test "Cash flow accounts are treated as debit" passed after 69.082 seconds.
􁁛  Test "Smart rounding preserves real decimals" passed after 69.082 seconds.
􁁛  Test "Revenue and Expense are income statement accounts" passed after 69.082 seconds.
􁁛  Test "Gradient descent with bounds" passed after 69.082 seconds.
􁁛  Test "SimulationInput metadata is optional" passed after 69.082 seconds.
􁁛  Test "SimulationInput initialization with DistributionRandom conforming type - Normal" passed after 69.082 seconds.
􁁛  Test "AccountCategory is equatable" passed after 69.084 seconds.
􁁛  Test "Context-aware snaps to integers" passed after 69.082 seconds.
􁁛  Test "Financial simulation produces different results" passed after 69.082 seconds.
􁁛  Test "SimulationInput initialization with DistributionRandom conforming type - Weibull" passed after 69.082 seconds.
􁁛  Test "AccountCategory has three categories" passed after 69.083 seconds.
􁁛  Test "Gradient descent with momentum" passed after 69.083 seconds.
􁁛  Test "Example_CompleteWorkflow" passed after 69.082 seconds.
􁁛  Test "SimulationInput with complex custom logic" passed after 69.083 seconds.
􁁛  Test "Custom formatting strategy" passed after 69.082 seconds.
􁁛  Test "Example_LargeScaleModeling" passed after 69.082 seconds.
􁁛  Test "5-way analysis separates operating performance from financing" passed after 69.082 seconds.
􁁛  Test "QuickStart_TimeSeriesAnalysis" passed after 69.083 seconds.
􁁛  Test "DuPont 3-way decomposition - basic calculation" passed after 69.083 seconds.
􁁛  Test "Smart rounding snaps to integer within tolerance" passed after 69.083 seconds.
􁁛  Test "SimulationInput with metadata" passed after 69.083 seconds.
􁁛  Test "SimulationInput with custom closure - random uniform" passed after 69.084 seconds.
􁁛  Test "Example_BestPractice_TraceForDebugging" passed after 69.083 seconds.
􁁛  Test "DuPont components identify ROE improvement strategies" passed after 69.083 seconds.
􁁛  Test "QuickStart_InvestmentAnalysis" passed after 69.084 seconds.
􁁛  Test "SimulationInput Sendable conformance" passed after 69.084 seconds.
􁁛  Test "DuPont 5-way decomposition - extended analysis" passed after 69.084 seconds.
􁁛  Test "Smart rounding treats tiny values as zero" passed after 69.084 seconds.
􁁛  Test "Example_ModelInspection" passed after 69.084 seconds.
􁁛  Test "SimulationInput multiple samples are different" passed after 69.085 seconds.
􁁛  Test "Handles NaN" passed after 69.084 seconds.
􁁛  Test "Format array of values" passed after 69.085 seconds.
􁁛  Test "Example_CalculationTracing" passed after 69.084 seconds.
􁁛  Test "Smart rounding removes trailing zeros" passed after 69.084 seconds.
􁁛  Test "SimulationInput in array for multi-variable simulation" passed after 69.084 seconds.
􁁛  Test "Example_ValidationAndErrorHandling" passed after 69.084 seconds.
􁁛  Test "Low-margin, high-turnover business (retail)" passed after 69.085 seconds.
􁁛  Test "High-margin, low-turnover business (luxury goods)" passed after 69.084 seconds.
􁁛  Test "Handles very large numbers" passed after 69.084 seconds.
􁁛  Test "SimulationInput initialization with custom closure" passed after 69.085 seconds.
􁁛  Test "Interest burden less than 1 indicates interest expense impact" passed after 69.085 seconds.
􁁛  Test "Significant figures handles zero" passed after 69.085 seconds.
􁁛  Test "SubscriptionBoxModel_BasicSetup" passed after 69.085 seconds.
􁁛  Test "Handles infinity" passed after 69.085 seconds.
􁁛  Suite "Validation (Optional) - Disabled until implemented" passed after 69.100 seconds.
􁁛  Test "SubscriptionBoxModel_RetentionRate" passed after 69.085 seconds.
􁁛  Test "Handles very small numbers" passed after 69.085 seconds.
􁁛  Test "Example_TimeSeriesWorkflow" passed after 69.085 seconds.
􁁛  Test "Example_DataExport" passed after 69.085 seconds.
􁁛  Test "SubscriptionBoxModel_GrossMarginPerBox" passed after 69.085 seconds.
􁁛  Test "SubscriptionBoxModel_Projection12Months" passed after 69.085 seconds.
􁁛  Test "SubscriptionBoxModel_MonthlyRevenue" passed after 69.085 seconds.
􁁛  Test "QuickStart_BasicFinancialModel" passed after 69.085 seconds.
􁁛  Test "Significant figures with 3 digits" passed after 69.085 seconds.
􁁛  Test "Initialize CDS contract with standard terms" passed after 69.085 seconds.
􁁛  Test "SubscriptionBoxModel_GrossMarginPercentage" passed after 69.085 seconds.
􁁛  Test "SubscriptionBoxModel_CustomerLifetimeValue" passed after 69.085 seconds.
􁁛  Test "SubscriptionBoxModel_MonthlyProfit" passed after 69.085 seconds.
􁁛  Test "MTM calculation for existing CDS position" passed after 69.085 seconds.
􁁛  Test "MTM is negative when market spread decreases" passed after 69.085 seconds.
􁁛  Test "SubscriptionBoxModel_SubscriberGrowth_12Months" passed after 69.085 seconds.
􁁛  Test "Fair spread increases with higher hazard rate" passed after 69.085 seconds.
􁁛  Test "SubscriptionBoxModel_TotalMonthlyCosts" passed after 69.085 seconds.
􁁛  Test "Handles negative numbers" passed after 69.085 seconds.
􁁛  Test "Build survival probabilities from credit spread curve" passed after 69.085 seconds.
􁁛  Test "Forecast periods are contiguous after training series" passed after 69.085 seconds.
􁁛  Test "Seasonality is captured across full non-Q4 months vs Q4" passed after 69.085 seconds.
􁁛  Test "Premium leg decreases with higher default probability" passed after 69.085 seconds.
􁁛  Test "Example_BestPractice_ModelValidation" passed after 69.085 seconds.
􁁛  Test "Confidence interval width non-decreasing with horizon" passed after 69.085 seconds.
􁁛  Test "Calculate premium leg PV with constant survival" passed after 69.085 seconds.
􁁛  Test "PlotHistogram_SmallNumbers_FormatsCorrectly" passed after 69.085 seconds.
􁁛  Test "Protection leg increases with higher default probability" passed after 69.085 seconds.
􁁛  Test "PlotHistogram_BarScaling_MaxBinGetsFullBar" passed after 69.085 seconds.
􁁛  Test "Calculate fair spread where premium = protection" passed after 69.085 seconds.
􁁛  Test "SubscriptionBoxModel_CACPaybackMonths" passed after 69.085 seconds.
􁁛  Test "Protection leg sensitive to recovery rate" passed after 69.085 seconds.
􁁛  Test "Build survival probabilities from constant hazard rate" passed after 69.085 seconds.
􁁛  Test "SimulationResults formatted probability" passed after 69.085 seconds.
􁁛  Test "SubscriptionBoxModel_SubscriberCount_FirstMonth" passed after 69.085 seconds.
􁁛  Test "SimulationStatistics provides formatted output" passed after 69.085 seconds.
􁁛  Test "PlotHistogram_EmptyHistogram_ReturnsEmptyMessage" passed after 69.085 seconds.
􁁛  Test "p = 0 and p = 1 edge cases" passed after 69.085 seconds.
􁁛  Test "ConstrainedOptimizationResult provides formatted output" passed after 69.085 seconds.
􀢄  Test "PlotHistogram_LargeNumbers_FormatsCorrectly" failed after 69.085 seconds with 3 issues.
􁁛  Test "SimulationStatistics custom formatter" passed after 69.085 seconds.
􁁛  Test "SimulationStatistics formatted description" passed after 69.085 seconds.
􁁛  Test "SubscriptionBoxModel_LTVtoCAC" passed after 69.085 seconds.
􁁛  Test "PlotHistogram_SingleBin_DisplaysCorrectly" passed after 69.085 seconds.
􁁛  Test "Invalid confidence level throws" passed after 69.085 seconds.
􁁛  Test "PlotHistogram_PercentageCalculation_IsAccurate" passed after 69.085 seconds.
􁁛  Test "Percentiles consistent with min/max after clamping" passed after 69.090 seconds.
􁁛  Test "SimulationResults formatted percentiles" passed after 69.085 seconds.
􁁛  Test "PlotHistogram_MultipleBins_DisplaysAll" passed after 69.085 seconds.
􁁛  Test "PlotHistogram_OutputStructure_HasMultipleLines" passed after 69.085 seconds.
􁁛  Test "PlotHistogram_AllBinsSameCount_ScalesCorrectly" passed after 69.085 seconds.
􁁛  Test "ConstrainedOptimizationResult custom formatter" passed after 69.085 seconds.
􁁛  Test "Financial simulation calculates probability of loss" passed after 69.088 seconds.
􁁛  Test "IRR with custom tolerance" passed after 69.085 seconds.
􁁛  Test "IRR with empty cash flows should throw" passed after 69.085 seconds.
􁁛  Test "IRR comparison with different projects" passed after 69.085 seconds.
􁁛  Test "IRR with zero cash flows in middle" passed after 69.085 seconds.
􁁛  Test "Handles skewed distributions" passed after 69.085 seconds.
􁁛  Test "IRR with all positive cash flows should throw" passed after 69.085 seconds.
􁁛  Test "SimulationResults provides formatted statistics" passed after 69.086 seconds.
􁁛  Test "PlotHistogram_ZeroCountBin_DisplaysCorrectly" passed after 69.085 seconds.
􁁛  Test "Backtest: one-season-ahead accuracy on synthetic data" passed after 69.086 seconds.
􁁛  Test "PlotHistogram_WithSimulationResults_ProducesOutput" passed after 69.085 seconds.
􁁛  Test "MIRR with zero cash flows" passed after 69.085 seconds.
􁁛  Test "SubscriptionBoxModel_FulfillmentCostPerBox" passed after 69.085 seconds.
􁁛  Test "Calculate protection leg PV" passed after 69.085 seconds.
􁁛  Test "DataExport_HandlesEmptyModel" passed after 69.085 seconds.
􁁛  Test "At IRR, NPV should be zero" passed after 69.085 seconds.
􁁛  Test "DataExport_HandlesLargeTimeSeries" passed after 69.085 seconds.
􁁛  Test "IRR with very small cash flows" passed after 69.085 seconds.
􁁛  Test "MIRR with multiple negative cash flows" passed after 69.085 seconds.
􁁛  Test "DataExport_SupportsIncludeMetadataOption" passed after 69.085 seconds.
􁁛  Test "IRR with very large cash flows" passed after 69.085 seconds.
􁁛  Test "DataExport_ExportsTimeSeriesToJSON" passed after 69.085 seconds.
􁁛  Test "Validation error description" passed after 69.085 seconds.
􁁛  Test "NPV changes sign around IRR (local crossing check)" passed after 69.085 seconds.
􁁛  Test "Software project IRR" passed after 69.085 seconds.
􁁛  Test "DataExport_ExportsModelToJSON" passed after 69.085 seconds.
􁁛  Test "DataExport_JSONIsPrettyPrinted" passed after 69.086 seconds.
􁁛  Test "Import from invalid JSON file throws" passed after 69.085 seconds.
􁁛  Test "IRR with custom max iterations" passed after 69.085 seconds.
􁁛  Test "DataExport_ExportsTimeSeriesToCSV" passed after 69.085 seconds.
􁁛  Test "ConstrainedOptimizationResult formatted description" passed after 69.085 seconds.
􁁛  Test "IRR for simple investment: -100, +110" passed after 69.085 seconds.
􁁛  Test "DataExport_ExportsInvestmentAnalysis" passed after 69.085 seconds.
􁁛  Test "DataExport_ExportsModelToCSV" passed after 69.085 seconds.
􁁛  Test "NonNegative rule - valid value" passed after 69.085 seconds.
􁁛  Test "Encode and decode Account" passed after 69.085 seconds.
􁁛  Test "DataExport_CSVUsesCommaDelimiters" passed after 69.085 seconds.
􁁛  Test "Range rule - value at boundaries" passed after 69.085 seconds.
􁁛  Test "IRR for 3-year investment: -1000, +400, +400, +400" passed after 69.085 seconds.
􁁛  Test "PlotHistogram_OutputStructure_HasHeader" passed after 69.085 seconds.
􁁛  Test "IRR for project with uneven cash flows" passed after 69.086 seconds.
􁁛  Test "Decode invalid JSON throws" passed after 69.085 seconds.
􁁛  Test "MIRR with same finance and reinvestment rates" passed after 69.086 seconds.
􁁛  Test "Encode and decode IncomeStatement" passed after 69.085 seconds.
􁁛  Test "Validation result - invalid with errors" passed after 69.085 seconds.
􁁛  Test "Validation context with metadata" passed after 69.085 seconds.
􁁛  Test "Real estate investment IRR" passed after 69.085 seconds.
􁁛  Test "Positive rule - zero fails" passed after 69.085 seconds.
􁁛  Test "Encode and decode Period" passed after 69.085 seconds.
􁁛  Test "Parse from JSON string" passed after 69.085 seconds.
􁁛  Test "Required rule - nil value fails" passed after 69.085 seconds.
􁁛  Test "DataExport_HandlesEmptyTimeSeries" passed after 69.085 seconds.
􁁛  Test "IRR convergence failure with max iterations = 1" passed after 69.085 seconds.
􁁛  Test "Manufacturing equipment IRR" passed after 69.086 seconds.
􁁛  Test "IRR with negative ending cash flow" passed after 69.085 seconds.
􁁛  Test "Encode and decode Entity" passed after 69.085 seconds.
􁁛  Test "Positive rule - valid value" passed after 69.085 seconds.
􁁛  Test "Convert to JSON string" passed after 69.085 seconds.
􁁛  Test "Validation result - valid" passed after 69.085 seconds.
􁁛  Test "IRR with single cash flow should throw" passed after 69.086 seconds.
􁁛  Test "Range rule - value in range" passed after 69.085 seconds.
􁁛  Test "IRR for break-even investment (IRR = 0)" passed after 69.085 seconds.
􁁛  Test "Positive rule - negative fails" passed after 69.085 seconds.
􁁛  Test "Export to JSON file with pretty printing" passed after 69.085 seconds.
􁁛  Test "MIRR with different rates" passed after 69.085 seconds.
􁁛  Test "IRR with multiple sign changes" passed after 69.087 seconds.
􁁛  Test "NonNegative rule - zero is valid" passed after 69.085 seconds.
􁁛  Test "Range rule - value below minimum" passed after 69.085 seconds.
􁁛  Test "Downgrades are rejected" passed after 69.085 seconds.
􁁛  Test "Periods with same values are equal" passed after 69.085 seconds.
􁁛  Test "Venture capital investment IRR" passed after 69.085 seconds.
􁁛  Test "Same type periods with different dates are ordered by date" passed after 69.085 seconds.
􁁛  Test "Create all 4 quarters" passed after 69.085 seconds.
􁁛  Test "Quarterly period quarters() returns self" passed after 69.085 seconds.
􁁛  Test "Daily period label uses compact format" passed after 69.085 seconds.
􁁛  Test "Periods have readable string descriptions" passed after 69.085 seconds.
􁁛  Test "Required rule - value present" passed after 69.085 seconds.
􁁛  Test "Encode and decode TimeSeries" passed after 69.086 seconds.
􁁛  Test "IRR with custom guess" passed after 69.085 seconds.
􁁛  Test "Add 12 months equals one year later" passed after 69.085 seconds.
􁁛  Test "Subtract 1 year from annual period" passed after 69.085 seconds.
􁁛  Test "Quarterly period end date is last day of third month" passed after 69.085 seconds.
􁁛  Test "Probability of loss with safe scenario" passed after 69.090 seconds.
􁁛  Test "IRR with all negative cash flows should throw" passed after 69.085 seconds.
􁁛  Test "Subtract large number of periods" passed after 69.085 seconds.
􁁛  Test "Add 1 month to January gives February" passed after 69.085 seconds.
􁁛  Test "NonNegative rule - negative value fails" passed after 69.085 seconds.
􁁛  Test "Monthly period months() returns single month" passed after 69.085 seconds.
􁁛  Test "Create monthly period" passed after 69.085 seconds.
􁁛  Test "Distance and arithmetic are consistent" passed after 69.085 seconds.
􁁛  Test "Create quarterly period Q1" passed after 69.085 seconds.
􁁛  Test "Invalid driver error" passed after 69.085 seconds.
􁁛  Test "Quarterly period invalid quarter causes precondition failure" passed after 69.085 seconds.
􁁛  Test "Failing migration in the middle of a chain reports failing version" passed after 69.085 seconds.
􁁛  Test "Range rule - value above maximum" passed after 69.085 seconds.
􁁛  Test "Encode and decode BalanceSheet" passed after 69.085 seconds.
􁁛  Test "Daily period cannot be subdivided into months" passed after 69.085 seconds.
􁁛  Test "Quarterly period start date is first day of first month" passed after 69.085 seconds.
􁁛  Test "Mismatched dimensions error - basic" passed after 69.085 seconds.
􁁛  Test "Confidence intervals of different levels" passed after 69.091 seconds.
􁁛  Test "Import from JSON file" passed after 69.085 seconds.
􁁛  Test "Add 1 quarter to Q1 gives Q2" passed after 69.085 seconds.
􁁛  Test "Arithmetic preserves period type" passed after 69.085 seconds.
􁁛  Test "Error aggregator - single error" passed after 69.085 seconds.
􁁛  Test "Period can be decoded from JSON" passed after 69.085 seconds.
􁁛  Test "Different period types are ordered by type first, then date" passed after 69.085 seconds.
􁁛  Test "Tornado deterministic, shows base and sorted drivers" passed after 69.085 seconds.
􁁛  Test "Range for quarters" passed after 69.085 seconds.
􁁛  Test "Period can be encoded to JSON" passed after 69.085 seconds.
􁁛  Test "Same-version migration is a no-op even when migrations exist" passed after 69.085 seconds.
􁁛  Test "Entity identifiers can be modified" passed after 69.085 seconds.
􁁛  Test "Entities with same ID are equal" passed after 69.085 seconds.
􁁛  Test "Histogram deterministic counts and header" passed after 69.085 seconds.
􁁛  Test "Insufficient data error" passed after 69.085 seconds.
􁁛  Test "SimulationStatistics initialization from simple dataset" passed after 69.085 seconds.
􁁛  Test "Circular dependency error" passed after 69.085 seconds.
􁁛  Test "Subtract months across year boundary" passed after 69.085 seconds.
􁁛  Test "CorrelatedNormals initialization with valid inputs" passed after 69.085 seconds.
􁁛  Test "Financial simulation calculates CVaR" passed after 69.092 seconds.
􁁛  Test "Add large number of periods" passed after 69.085 seconds.
􁁛  Test "Triangular distribution varies with different base" passed after 69.085 seconds.
􁁛  Test "Debt Service Coverage Ratio - insufficient coverage" passed after 69.085 seconds.
􁁛  Test "Add 1 year to annual period" passed after 69.085 seconds.
􁁛  Test "Century leap year" passed after 69.085 seconds.
􁁛  Test "Entity can be created with minimal parameters" passed after 69.085 seconds.
􁁛  Test "Add zero periods returns same period" passed after 69.085 seconds.
􁁛  Test "Triangular distribution with zero range" passed after 69.085 seconds.
􁁛  Test "Receivables Turnover - B2B company" passed after 69.085 seconds.
􁁛  Test "Distance for quarters" passed after 69.085 seconds.
􁁛  Test "All error codes are unique" passed after 69.085 seconds.
􁁛  Test "Q4 to Q1 transition across years" passed after 69.085 seconds.
􁁛  Test "Periods can be used as dictionary keys" passed after 69.086 seconds.
􁁛  Test "Calculation failed error - with suggestions" passed after 69.085 seconds.
􁁛  Test "Normal distribution statistical properties" passed after 69.085 seconds.
􁁛  Test "Financial model validation scenario" passed after 69.085 seconds.
􁁛  Test "Migrations can be registered in any order" passed after 69.085 seconds.
􁁛  Test "Annual period can be subdivided into days" passed after 69.086 seconds.
􁁛  Test "Add 3 months to January gives April" passed after 69.085 seconds.
􁁛  Test "Handle year boundaries correctly" passed after 69.086 seconds.
􁁛  Test "Uniform distribution basic tests" passed after 69.085 seconds.
􁁛  Test "Sorting mixed period types and dates" passed after 69.085 seconds.
􁁛  Test "Distance between different period types throws error" passed after 69.085 seconds.
􁁛  Test "Uniform distribution with wider range" passed after 69.085 seconds.
􁁛  Test "Equal assets produce equal weights" passed after 69.085 seconds.
􁁛  Test "Periods can be sorted chronologically" passed after 69.085 seconds.
􁁛  Test "MonthDay is hashable" passed after 69.085 seconds.
􁁛  Test "identifier(for:) returns primary ID when type matches" passed after 69.085 seconds.
􁁛  Test "Missing inventory account throws error" passed after 69.085 seconds.
􁁛  Test "Very old and very future dates" passed after 69.085 seconds.
􁁛  Test "Minimum variance portfolio - 2 assets" passed after 69.085 seconds.
􁁛  Test "identifier(for:) prefers alternative over primary" passed after 69.085 seconds.
􁁛  Test "Monthly period invalid month causes precondition failure" passed after 69.086 seconds.
􁁛  Test "Data quality error" passed after 69.085 seconds.
􁁛  Test "Monthly period end date is last moment of last day" passed after 69.085 seconds.
􁁛  Test "Subtract 1 day from a date" passed after 69.084 seconds.
􁁛  Test "Distance from January to April is 3" passed after 69.084 seconds.
􁁛  Test "Return on Invested Capital - basic calculation" passed after 69.084 seconds.
􁁛  Test "Financial simulation calculates VaR" passed after 69.092 seconds.
􁁛  Test "Maximum Sharpe ratio portfolio - 3 assets" passed after 69.085 seconds.
􁁛  Test "Risk parity portfolio - 2 assets" passed after 69.084 seconds.
􁁛  Test "Entity can be created with all parameters" passed after 69.084 seconds.
􁁛  Test "Entity metadata can be modified" passed after 69.084 seconds.
􁁛  Test "Monthly period can be subdivided into days" passed after 69.084 seconds.
􁁛  Test "Out of range error" passed after 69.084 seconds.
􁁛  Test "February leap year end date" passed after 69.084 seconds.
􁁛  Test "Numerical instability error" passed after 69.085 seconds.
􁁛  Test "Range iteration with for-in loop" passed after 69.085 seconds.
􁁛  Test "Detailed report format" passed after 69.085 seconds.
􁁛  Test "Range across year boundary" passed after 69.084 seconds.
􁁛  Test "Division by zero error" passed after 69.084 seconds.
􁁛  Test "Days Inventory Outstanding" passed after 69.085 seconds.
􁁛  Test "Validation fails with errors" passed after 69.084 seconds.
􁁛  Test "Help anchor URLs are generated" passed after 69.085 seconds.
􁁛  Test "Interest Coverage - basic calculation" passed after 69.084 seconds.
􁁛  Test "Error aggregator - addMany" passed after 69.084 seconds.
􁁛  Test "Mismatched dimensions error - with expected/actual" passed after 69.084 seconds.
􁁛  Test "Long-only constraint set" passed after 69.085 seconds.
􁁛  Test "Period can be formatted with custom DateFormatter" passed after 69.084 seconds.
􁁛  Test "StdDev translation and scale invariance (sample)" passed after 69.084 seconds.
􁁛  Test "LocalizedError conformance" passed after 69.084 seconds.
􁁛  Test "Minimum variance portfolio - 3 assets" passed after 69.085 seconds.
􁁛  Test "Days Sales Outstanding" passed after 69.084 seconds.
􁁛  Test "Validate valid financial projection" passed after 69.084 seconds.
􁁛  Test "Distance from same period to itself is 0" passed after 69.084 seconds.
􁁛  Test "Diversification benefit" passed after 69.084 seconds.
􁁛  Test "Error aggregator - allErrors property" passed after 69.084 seconds.
􁁛  Test "Missing receivables account throws error" passed after 69.084 seconds.
􁁛  Test "Distance for years" passed after 69.084 seconds.
􁁛  Test "All period types can round-trip encode/decode" passed after 69.085 seconds.
􁁛  Test "Coefficient of variation non-negative and throws at zero mean" passed after 69.084 seconds.
􁁛  Test "Subtract 1 quarter from Q2 gives Q1" passed after 69.084 seconds.
􁁛  Test "Validation report with warnings" passed after 69.084 seconds.
􁁛  Test "MonthDay is Codable" passed after 69.085 seconds.
􁁛  Test "Entities with same ID hash to same value" passed after 69.084 seconds.
􁁛  Test "Entities can be used as dictionary keys" passed after 69.084 seconds.
􁁛  Test "Calculation failed error - basic" passed after 69.084 seconds.
􁁛  Test "Annual period end date is December 31" passed after 69.084 seconds.
􁁛  Test "Custom validation rules" passed after 69.084 seconds.
􁁛  Test "Distance backward is negative" passed after 69.084 seconds.
􁁛  Test "Inventory Turnover - manufacturing company" passed after 69.084 seconds.
􁁛  Test "Create annual periods for multiple years" passed after 69.084 seconds.
􁁛  Test "Asset Turnover - basic calculation" passed after 69.085 seconds.
􁁛  Test "High Sharpe asset domination" passed after 69.084 seconds.
􁁛  Test "Can use range in array operations" passed after 69.084 seconds.
􁁛  Test "MonthDay can be created" passed after 69.084 seconds.
􁁛  Test "Risk parity portfolio - 3 assets" passed after 69.085 seconds.
􁁛  Test "Daily period start date is beginning of day" passed after 69.084 seconds.
􁁛  Test "Range with single period" passed after 69.084 seconds.
􁁛  Test "Daily period days() returns self" passed after 69.084 seconds.
􁁛  Test "ROIC with different tax rates" passed after 69.084 seconds.
􁁛  Test "Inconsistent data error" passed after 69.084 seconds.
􁁛  Test "StdDev translation and scale invariance (population)" passed after 69.084 seconds.
􁁛  Test "Error aggregator - multiple errors" passed after 69.085 seconds.
􁁛  Test "Validation failed error - multiple errors" passed after 69.084 seconds.
􁁛  Test "identifier(for:) returns alternative identifier when available" passed after 69.084 seconds.
􁁛  Test "Unconstrained allows any weights" passed after 69.084 seconds.
􁁛  Test "identifier(for:) returns nil when not found" passed after 69.084 seconds.
􁁛  Test "Invalid input error - basic message" passed after 69.084 seconds.
􁁛  Test "Subtract 12 months equals one year earlier" passed after 69.083 seconds.
􁁛  Test "Maximum Sharpe ratio portfolio - 2 assets" passed after 69.084 seconds.
􁁛  Test "All identifier types can be used" passed after 69.085 seconds.
􁁛  Test "ROE vs ROA - leverage effect" passed after 69.084 seconds.
􁁛  Test "MonthDay can represent calendar year end" passed after 69.083 seconds.
􁁛  Test "Create daily period from Date" passed after 69.084 seconds.
􁁛  Test "Entity is Codable" passed after 69.084 seconds.
􁁛  Test "Missing data error" passed after 69.084 seconds.
􁁛  Test "Year period can be subdivided into 12 months" passed after 69.083 seconds.
􁁛  Test "Invalid input error - with value and range" passed after 69.083 seconds.
􁁛  Test "Add 1 day to a date" passed after 69.083 seconds.
􁁛  Test "Debt Service Coverage Ratio - basic calculation" passed after 69.084 seconds.
􁁛  Test "Entities with different IDs are not equal" passed after 69.083 seconds.
􁁛  Test "Monthly period cannot be subdivided into quarters" passed after 69.083 seconds.
􁁛  Test "Interest Coverage - missing interest expense" passed after 69.083 seconds.
􁁛  Test "Add quarters across year boundary" passed after 69.083 seconds.
􁁛  Test "Annual period start date is January 1" passed after 69.083 seconds.
􁁛  Test "Validation failed error - single error" passed after 69.083 seconds.
􁁛  Test "Range count equals distance plus one" passed after 69.083 seconds.
􁁛  Test "Compare ROA, ROE, and ROIC" passed after 69.083 seconds.
􁁛  Test "Error codes follow categorization scheme" passed after 69.084 seconds.
􁁛  Test "Add days across month boundary" passed after 69.083 seconds.
􁁛  Test "Return on Equity - basic calculation" passed after 69.084 seconds.
􁁛  Test "Error aggregator - empty" passed after 69.084 seconds.
􁁛  Test "Circular dependency detection scenario" passed after 69.085 seconds.
􁁛  Test "Debt Service Coverage Ratio - tight coverage" passed after 69.084 seconds.
􁁛  Test "Return on Assets - negative net income" passed after 69.084 seconds.
􁁛  Test "Negative arithmetic produces earlier periods" passed after 69.084 seconds.
􁁛  Test "Interest Coverage - distressed company" passed after 69.084 seconds.
􁁛  Test "Same period retrieves same value from dictionary" passed after 69.085 seconds.
􁁛  Test "Periods with different values are not equal" passed after 69.084 seconds.
􁁛  Test "Monthly period start date is first of month" passed after 69.084 seconds.
􁁛  Test "Distance across years" passed after 69.084 seconds.
􁁛  Test "Leap year handling in arithmetic" passed after 69.084 seconds.
􁁛  Test "February non-leap year has 28 days" passed after 69.084 seconds.
􁁛  Test "Create monthly period for all 12 months" passed after 69.084 seconds.
􁁛  Test "Subtract days across month boundary" passed after 69.084 seconds.
􁁛  Test "Very long range creates many periods" passed after 69.084 seconds.
􁁛  Test "Year period can be subdivided into 4 quarters" passed after 69.083 seconds.
􁁛  Test "Return on Assets - basic calculation" passed after 69.084 seconds.
􁁛  Test "Optimizer converges quickly" passed after 69.086 seconds.
􁁛  Test "Period exposes its reference date" passed after 69.084 seconds.
􁁛  Test "Negative value error" passed after 69.085 seconds.
􁁛  Test "Distance for days" passed after 69.084 seconds.
􁁛  Test "Handles very large simulation results" passed after 69.091 seconds.
􁁛  Test "Cannot register template with empty version" passed after 69.084 seconds.
􁁛  Test "Arithmetic with negative numbers" passed after 69.084 seconds.
􁁛  Test "Cannot register template with empty name" passed after 69.084 seconds.
􁁛  Test "Quarterly period can be subdivided into days" passed after 69.084 seconds.
􁁛  Test "Range for years" passed after 69.084 seconds.
􁁛  Test "Annual period label uses compact format" passed after 69.084 seconds.
􁁛  Test "Earlier period is less than later period" passed after 69.084 seconds.
􁁛  Test "Financial simulation calculates percentiles" passed after 69.096 seconds.
􁁛  Test "Export non-existent template throws error" passed after 69.084 seconds.
􁁛  Test "Convenience initializers" passed after 69.084 seconds.
􁁛  Test "Period exposes its type" passed after 69.084 seconds.
􁁛  Test "Subtract 1 month from February gives January" passed after 69.084 seconds.
􁁛  Test "February leap year has 29 days" passed after 69.085 seconds.
􁁛  Test "Binary feasibility checking" passed after 69.084 seconds.
􁁛  Test "Financial simulation calculates confidence intervals" passed after 69.096 seconds.
􁁛  Test "Most fractional variable selection" passed after 69.084 seconds.
􁁛  Test "Subtract zero periods returns same period" passed after 69.084 seconds.
􁁛  Test "Conservative vs aggressive portfolios" passed after 69.086 seconds.
􁁛  Test "Get all templates" passed after 69.084 seconds.
􁁛  Test "Periods from different years sort correctly" passed after 69.084 seconds.
􁁛  Test "Mixed integer and binary variables" passed after 69.084 seconds.
􁁛  Test "Box constraints - minimum variance with position limits" passed after 69.088 seconds.
􁁛  Test "Addition and subtraction are inverses" passed after 69.084 seconds.
􁁛  Test "Monthly period label uses compact format" passed after 69.084 seconds.
􁁛  Test "Distance from January to February is 1" passed after 69.084 seconds.
􁁛  Test "Quarter period can be subdivided into 3 months" passed after 69.084 seconds.
􁁛  Test "Monte Carlo projection with deterministic driver" passed after 69.084 seconds.
􁁛  Test "Find templates by tag" passed after 69.084 seconds.
􁁛  Test "Quarterly period label uses compact format" passed after 69.084 seconds.
􁁛  Test "Subtract quarters across year boundary" passed after 69.084 seconds.
􁁛  Test "Range from January to March creates 3 months" passed after 69.084 seconds.
􁁛  Test "Return on Equity - negative equity scenario" passed after 69.084 seconds.
􁁛  Test "Deterministic projection creates correct time series" passed after 69.084 seconds.
􁁛  Test "Rounding preserves non-integer variables" passed after 69.084 seconds.
􁁛  Test "Compare LinearTrend vs ExponentialTrend fit quality" passed after 69.084 seconds.
􁁛  Test "SOS2 constraint checking" passed after 69.084 seconds.
􁁛  Test "Schema parameter validation" passed after 69.084 seconds.
􁁛  Test "Different models produce different projections" passed after 69.084 seconds.
􁁛  Test "Daily period cannot be subdivided into quarters" passed after 69.084 seconds.
􁁛  Test "Can create range spanning multiple years" passed after 69.085 seconds.
􁁛  Test "Add months across year boundary" passed after 69.084 seconds.
􁁛  Test "Unregister template" passed after 69.084 seconds.
􁁛  Test "Package can be encoded to JSON" passed after 69.084 seconds.
􁁛  Test "Import template from package" passed after 69.084 seconds.
􁁛  Test "Create Chesapeake multi-period report" passed after 69.084 seconds.
􁁛  Test "Fit with single data point" passed after 69.084 seconds.
􁁛  Test "Validate correct template" passed after 69.084 seconds.
􁁛  Test "Create Chesapeake operational metrics" passed after 69.084 seconds.
􁁛  Test "LogisticTrend with early growth phase" passed after 69.084 seconds.
􁁛  Test "Template category display names" passed after 69.084 seconds.
􁁛  Test "Verify Chesapeake credit metrics" passed after 69.084 seconds.
􁁛  Test "User growth with ExponentialTrend" passed after 69.084 seconds.
􁁛  Test "Register multiple templates" passed after 69.084 seconds.
􁁛  Test "Efficient frontier generation" passed after 69.087 seconds.
􁁛  Test "Fit with two data points" passed after 69.084 seconds.
􁁛  Test "Find templates by category" passed after 69.084 seconds.
􁁛  Test "CustomTrend with constant function" passed after 69.084 seconds.
􁁛  Test "CustomTrend with quadratic function" passed after 69.084 seconds.
􁁛  Test "Export template to package" passed after 69.084 seconds.
􁁛  Test "Monte Carlo projection statistics consistency" passed after 69.085 seconds.
􁁛  Test "All categories are defined" passed after 69.084 seconds.
􁁛  Test "Analyze Chesapeake unit economics trends" passed after 69.084 seconds.
􁁛  Test "Gordon Growth - single calculation performance" passed after 69.084 seconds.
􁁛  Test "Register template successfully" passed after 69.084 seconds.
􁁛  Test "Integer feasibility checking - all integer" passed after 69.084 seconds.
􁁛  Test "Complete export/import workflow" passed after 69.084 seconds.
􁁛  Test "Analyze Chesapeake margin trends" passed after 69.084 seconds.
􁁛  Test "ExponentialTrend fits to exponential growth" passed after 69.084 seconds.
􁁛  Test "Fit with no variance (all same values)" passed after 69.084 seconds.
􁁛  Test "Analyze Chesapeake revenue growth" passed after 69.084 seconds.
􁁛  Test "Market saturation with LogisticTrend" passed after 69.084 seconds.
􁁛  Test "Validation report formatting" passed after 69.084 seconds.
􁁛  Test "Multi-period projection maintains independent samples" passed after 69.085 seconds.
􁁛  Test "Verify Chesapeake liquidity ratios" passed after 69.084 seconds.
􁁛  Test "Find template by name" passed after 69.084 seconds.
􁁛  Test "LinearTrend fits to upward trend" passed after 69.084 seconds.
􁁛  Test "Probabilistic projection creates valid time series" passed after 69.085 seconds.
􁁛  Test "Account periods match time series" passed after 69.084 seconds.
􁁛  Test "Project many periods" passed after 69.084 seconds.
􁁛  Test "Cannot import package with invalid checksum" passed after 69.084 seconds.
􁁛  Test "Create Chesapeake quarterly financial summaries" passed after 69.084 seconds.
􁁛  Test "SOS1 constraint checking" passed after 69.084 seconds.
􁁛  Test "ExponentialTrend with zero or negative values should handle gracefully" passed after 69.084 seconds.
􁁛  Test "Create Chesapeake quarterly financial statements" passed after 69.084 seconds.
􁁛  Test "Clear all templates" passed after 69.084 seconds.
􁁛  Test "LinearTrend is shift invariant (adds constant to projections)" passed after 69.084 seconds.
􁁛  Test "LinearTrend fits to downward trend" passed after 69.084 seconds.
􁁛  Test "Account creation fails with empty time series" passed after 69.084 seconds.
􁁛  Test "Expense account is categorized correctly" passed after 69.084 seconds.
􁁛  Test "Get template metadata" passed after 69.084 seconds.
􁁛  Test "Analyze Chesapeake leverage trends" passed after 69.084 seconds.
􁁛  Test "Chesapeake data is Codable" passed after 69.084 seconds.
􁁛  Test "Account can be created with minimal parameters" passed after 69.084 seconds.
􁁛  Test "LogisticTrend approaches capacity" passed after 69.084 seconds.
􁁛  Test "Schema with examples" passed after 69.084 seconds.
􁁛  Test "Calculate Chesapeake production growth rate" passed after 69.084 seconds.
􁁛  Test "ExponentialTrend is scale invariant (projections scale)" passed after 69.084 seconds.
􁁛  Test "Exported package has valid checksum" passed after 69.084 seconds.
􁁛  Test "Create annual period" passed after 69.084 seconds.
􁁛  Test "Deterministic custom inputs produce deterministic results" passed after 69.084 seconds.
􁁛  Test "Revenue account is categorized correctly" passed after 69.084 seconds.
􁁛  Test "ExponentialTrend with small values" passed after 69.084 seconds.
􁁛  Test "Corrected standard error for finite population" passed after 69.083 seconds.
􁁛  Test "AccountMetadata is Codable" passed after 69.083 seconds.
􁁛  Test "Fisher r-to-z transformation" passed after 69.083 seconds.
􁁛  Test "Track Chesapeake production trends" passed after 69.084 seconds.
􁁛  Test "Percentile location" passed after 69.083 seconds.
􁁛  Test "Account creation fails with empty name" passed after 69.083 seconds.
􁁛  Test "Prefers lower capital when ROI ties (if specified by design)" passed after 69.083 seconds.
􁁛  Test "Complete Chesapeake financial analysis workflow" passed after 69.084 seconds.
􁁛  Test "Account creation fails with whitespace-only name" passed after 69.083 seconds.
􁁛  Test "Mean of discrete distribution" passed after 69.083 seconds.
􁁛  Test "Liability account is categorized correctly" passed after 69.083 seconds.
􁁛  Test "AccountMetadata can be created empty" passed after 69.083 seconds.
􁁛  Test "Project zero periods returns empty" passed after 69.084 seconds.
􁁛  Test "T-statistic from rho" passed after 69.083 seconds.
􁁛  Test "AccountMetadata can be created with all fields" passed after 69.083 seconds.
􁁛  Test "Revenue forecast with LinearTrend" passed after 69.083 seconds.
􁁛  Test "Z-score Fisher r transformation" passed after 69.083 seconds.
􁁛  Test "Margin of error" passed after 69.083 seconds.
􁁛  Test "Equity account is categorized correctly" passed after 69.083 seconds.
􁁛  Test "Accounts with different types are not equal" passed after 69.083 seconds.
􁁛  Test "Rho correlation tests" passed after 69.083 seconds.
􁁛  Test "AccountMetadata is equatable" passed after 69.083 seconds.
􁁛  Test "Probability distribution function" passed after 69.083 seconds.
􁁛  Test "Operating cash flow account is categorized correctly" passed after 69.083 seconds.
􁁛  Test "Hypergeometric distribution" passed after 69.083 seconds.
􁁛  Test "Accounts with same entity, name, and type are equal" passed after 69.084 seconds.
􁁛  Test "Accounts with different names are not equal" passed after 69.083 seconds.
􁁛  Test "Variance of discrete distribution" passed after 69.083 seconds.
􁁛  Test "Account time series values can be accessed" passed after 69.083 seconds.
􁁛  Test "Performance - Protocol dispatch vs concrete type" passed after 69.094 seconds.
􁁛  Test "Account can be created with metadata" passed after 69.083 seconds.
􁁛  Test "Accounts can be used as dictionary keys" passed after 69.083 seconds.
􁁛  Test "Confidence interval from CI" passed after 69.083 seconds.
􁁛  Test "Z-statistic calculation" passed after 69.084 seconds.
􁁛  Test "Non-negativity constraints gradients" passed after 69.083 seconds.
􁁛  Test "Variance of binomial" passed after 69.083 seconds.
􁁛  Test "Financial simulation with many iterations" passed after 69.099 seconds.
􁁛  Test "Leverage constraint satisfaction" passed after 69.083 seconds.
􁁛  Test "Combined long-only portfolio constraints" passed after 69.083 seconds.
􁁛  Test "LinearTrend with flat data" passed after 69.084 seconds.
􁁛  Test "Standard error calculation" passed after 69.083 seconds.
􁁛  Test "Single element vector constraint" passed after 69.083 seconds.
􁁛  Test "Spearman's rho correlation" passed after 69.083 seconds.
􁁛  Test "Constraint type checking" passed after 69.083 seconds.
􁁛  Test "Variance discrete - alternate" passed after 69.083 seconds.
􁁛  Test "Solve 3x3 linear system" passed after 69.083 seconds.
􁁛  Test "Position minimum constraints satisfaction" passed after 69.083 seconds.
􁁛  Test "Standard deviation of binomial" passed after 69.083 seconds.
􁁛  Test "Account has descriptive string representation" passed after 69.084 seconds.
􁁛  Test "Gradient at minimum" passed after 69.083 seconds.
􁁛  Test "Constraint violations computation" passed after 69.083 seconds.
􁁛  Test "Budget constraint gradient" passed after 69.083 seconds.
􁁛  Test "Exponential CDF" passed after 69.083 seconds.
􁁛  Test "Required sample size" passed after 69.083 seconds.
􁁛  Test "Z-score for percentile" passed after 69.083 seconds.
􁁛  Test "Hessian with mixed partials" passed after 69.083 seconds.
􁁛  Test "Matrix inversion verification" passed after 69.083 seconds.
􁁛  Test "Z-score for confidence interval" passed after 69.083 seconds.
􁁛  Test "Interesting observation detection" passed after 69.083 seconds.
􁁛  Test "Maximum violation computation" passed after 69.083 seconds.
􁁛  Test "Z-score from rho" passed after 69.083 seconds.
􁁛  Test "Target return constraint satisfaction" passed after 69.083 seconds.
􁁛  Test "Position limit constraints satisfaction" passed after 69.083 seconds.
􁁛  Test "Gradient and Hessian consistency" passed after 69.083 seconds.
􁁛  Test "Gradient of 3D function" passed after 69.083 seconds.
􁁛  Test "Percentile from formal parameters" passed after 69.083 seconds.
􁁛  Test "P-value calculation" passed after 69.083 seconds.
􁁛  Test "Constraint with tolerance edge case" passed after 69.084 seconds.
􁁛  Test "Sample size calculation" passed after 69.083 seconds.
􁁛  Test "Error function inverse" passed after 69.083 seconds.
􁁛  Test "Budget constraint satisfaction" passed after 69.083 seconds.
􁁛  Test "Correlation breakpoint calculation" passed after 69.083 seconds.
􁁛  Test "P-value calculation" passed after 69.083 seconds.
􁁛  Test "Non-negativity constraints satisfaction" passed after 69.083 seconds.
􁁛  Test "Gradient of Rosenbrock function" passed after 69.083 seconds.
􁁛  Test "Time series rejects metrics from different entities" passed after 69.083 seconds.
􁁛  Test "Invert 2x2 matrix" passed after 69.083 seconds.
􁁛  Test "Hessian of quadratic function" passed after 69.083 seconds.
􁁛  Test "Non-negativity constraints creation" passed after 69.083 seconds.
􁁛  Test "Standard error calculation" passed after 69.083 seconds.
􁁛  Test "Account is Codable" passed after 69.083 seconds.
􁁛  Test "Invert 3x3 identity matrix" passed after 69.083 seconds.
􁁛  Test "Percentile from mean and standard deviation" passed after 69.083 seconds.
􁁛  Test "Derived metric returns nil for division by zero" passed after 69.083 seconds.
􁁛  Test "Target return constraint gradient" passed after 69.083 seconds.
􁁛  Test "High-dimensional constraints" passed after 69.083 seconds.
􁁛  Test "Operational metrics are Codable" passed after 69.083 seconds.
􁁛  Test "Extract time series for specific metric" passed after 69.083 seconds.
􁁛  Test "Numerical gradient for constraint without explicit gradient" passed after 69.083 seconds.
􁁛  Test "Equality constraint creation and evaluation" passed after 69.083 seconds.
􁁛  Test "P-value detailed" passed after 69.083 seconds.
􁁛  Test "Hessian of 3D quadratic form" passed after 69.083 seconds.
􁁛  Test ltvIgnoresCACAndUsesGrossMarginPerBox() passed after 69.083 seconds.
􁁛  Test "Derived metric returns nil for missing metric" passed after 69.083 seconds.
􁁛  Test "Uniform CDF" passed after 69.083 seconds.
􁁛  Test "Operational metrics with metadata" passed after 69.083 seconds.
􁁛  Test "Mean of binomial distribution" passed after 69.083 seconds.
􁁛  Test revenueIdentityHoldsInMonth1() passed after 69.083 seconds.
􁁛  Test "Confidence interval calculation" passed after 69.083 seconds.
􁁛  Test "Create operational metrics for e-commerce company" passed after 69.083 seconds.
􁁛  Test "Numerical gradient for portfolio variance" passed after 69.083 seconds.
􁁛  Test "Inequality constraint creation and evaluation" passed after 69.083 seconds.
􁁛  Test "Empty vector constraint" passed after 69.083 seconds.
􁁛  Test "Hessian symmetry" passed after 69.083 seconds.
􁁛  Test "Singular matrix throws" passed after 69.083 seconds.
􁁛  Test "Estimated mean from probabilities" passed after 69.083 seconds.
􁁛  Test "Normal PDF" passed after 69.083 seconds.
􁁛  Test "Solve 2x2 linear system" passed after 69.083 seconds.
􁁛  Test "Inverse normal CDF" passed after 69.083 seconds.
􁁛  Test "Bernoulli trial" passed after 69.082 seconds.
􁁛  Test "Explicit gradient for inequality constraint" passed after 69.082 seconds.
􁁛  Test "Quick Ratio - with inventory" passed after 69.082 seconds.
􁁛  Test "Sample correlation coefficient" passed after 69.082 seconds.
􁁛  Test "Explicit gradient for equality constraint" passed after 69.082 seconds.
􁁛  Test "Poisson distribution" passed after 69.084 seconds.
􁁛  Test "Calculate derived metric - revenue per customer" passed after 69.083 seconds.
􁁛  Test "Error function inverse - alternate" passed after 69.082 seconds.
􁁛  Test "Gradient of quadratic function" passed after 69.083 seconds.
􁁛  Test "Gradient with non-finite values throws" passed after 69.084 seconds.
􁁛  Test "Asset account is categorized correctly" passed after 69.084 seconds.
􁁛  Test "Box constraints satisfaction" passed after 69.084 seconds.
􁁛  Test "Create operational metrics for SaaS company" passed after 69.082 seconds.
􁁛  Test "Calculate growth rate for metric" passed after 69.082 seconds.
􁁛  Test "Materialized balance sheet has all metrics pre-computed" passed after 69.082 seconds.
􁁛  Test "Total liabilities is sum of all liability accounts" passed after 69.082 seconds.
􁁛  Test "Balance sheet creation fails with wrong account type in equity" passed after 69.082 seconds.
􁁛  Test "Total equity is sum of all equity accounts" passed after 69.082 seconds.
􁁛  Test "Current assets are assets with Current category" passed after 69.082 seconds.
􁁛  Test "Gradient with Vector2D" passed after 69.082 seconds.
􁁛  Test "Debt Ratio vs Equity Ratio" passed after 69.082 seconds.
􁁛  Test "Validate passes when assets equal liabilities plus equity" passed after 69.082 seconds.
􁁛  Test "Create time series from operational metrics" passed after 69.083 seconds.
􁁛  Test "Current ratio is current assets divided by current liabilities" passed after 69.082 seconds.
􁁛  Test "Balance sheet creation fails with wrong account type in assets" passed after 69.082 seconds.
􁁛  Test "Time series automatically sorts by period" passed after 69.083 seconds.
􁁛  Test "Chi-squared CDF" passed after 69.086 seconds.
􁁛  Test "Small coefficient values" passed after 69.082 seconds.
􁁛  Test "Quick Ratio - no inventory" passed after 69.082 seconds.
􁁛  Test "Equity ratio is total equity divided by total assets" passed after 69.082 seconds.
􁁛  Test "Create operational metrics for oil & gas company" passed after 69.083 seconds.
􁁛  Test "Validate fails when assets do not equal liabilities plus equity" passed after 69.082 seconds.
􁁛  Test "Cash Ratio - with marketable securities" passed after 69.082 seconds.
􁁛  Test "Balance sheet creation fails with wrong account type in liabilities" passed after 69.083 seconds.
􁁛  Test "Balance sheet can be created with assets, liabilities, and equity" passed after 69.082 seconds.
􁁛  Test "Balance sheet is Codable" passed after 69.082 seconds.
􁁛  Test "Calculate derived metric - cost per unit" passed after 69.083 seconds.
􁁛  Test "Historical data to trend to forecast to NPV" passed after 69.082 seconds.
􁁛  Test "Single variable problem" passed after 69.082 seconds.
􁁛  Test "Lower bound constraint (x ≥ k)" passed after 69.082 seconds.
􁁛  Test "Debt Ratio - basic calculation" passed after 69.082 seconds.
􁁛  Test "Binomial experiment" passed after 69.082 seconds.
􁁛  Test "Multi-year monthly data aggregation and analysis" passed after 69.082 seconds.
􁁛  Test "Balance sheet creation fails with entity mismatch" passed after 69.082 seconds.
􁁛  Test "Degenerate problem" passed after 69.082 seconds.
􁁛  Test "Debt Ratio - no debt" passed after 69.082 seconds.
􁁛  Test "Minimization with simple bounds" passed after 69.082 seconds.
􁁛  Test "Numerical derivative calculation" passed after 69.082 seconds.
􁁛  Test "Mixed constraint types" passed after 69.082 seconds.
􁁛  Test "Unbounded problem" passed after 69.082 seconds.
􁁛  Test "Debt to equity is interest-bearing debt divided by total equity" passed after 69.082 seconds.
􁁛  Test "Loan amortization schedule generation" passed after 69.082 seconds.
􁁛  Test "Monte Carlo integration" passed after 69.086 seconds.
􁁛  Test "5-variable problem" passed after 69.082 seconds.
􁁛  Test "Debt Ratio - high leverage" passed after 69.082 seconds.
􁁛  Test "XIRR with negative ending cash flow" passed after 69.082 seconds.
􁁛  Test "Seasonal business with trend and forecasting" passed after 69.082 seconds.
􁁛  Test "Build time series and calculate NPV end-to-end" passed after 69.082 seconds.
􁁛  Test "Working capital is current assets minus current liabilities" passed after 69.082 seconds.
􁁛  Test "Multiple upper bounds on same variable" passed after 69.082 seconds.
􁁛  Test "Total assets is sum of all asset accounts" passed after 69.082 seconds.
􁁛  Test "Real estate investment with irregular cash flows" passed after 69.082 seconds.
􁁛  Test "Equality constraints" passed after 69.082 seconds.
􁁛  Test "Business loan with irregular payments" passed after 69.082 seconds.
􁁛  Test ellipsoidalUncertaintySet() passed after 69.082 seconds.
􁁛  Test "XNPV with dates spanning leap year" passed after 69.082 seconds.
􁁛  Test "Cash Ratio - no cash accounts" passed after 69.082 seconds.
􁁛  Test "Current liabilities are liabilities with Current category" passed after 69.083 seconds.
􁁛  Test "Complete investment analysis workflow" passed after 69.082 seconds.
􁁛  Test "Balance sheet can be created with multiple accounts" passed after 69.083 seconds.
􁁛  Test "Complete revenue projection model with seasonality" passed after 69.082 seconds.
􁁛  Test boxUncertaintySet() passed after 69.082 seconds.
􁁛  Test "Large coefficient values" passed after 69.083 seconds.
􁁛  Test "3D optimization problem" passed after 69.082 seconds.
􁁛  Test "Extract median time series" passed after 69.091 seconds.
􁁛  Test "Extract standard deviation time series" passed after 69.090 seconds.
􁁛  Test "Simple 2D LP - maximize profit" passed after 69.082 seconds.
􁁛  Test "Monthly to quarterly aggregation" passed after 69.083 seconds.
􁁛  Test "Infeasible problem" passed after 69.083 seconds.
􁁛  Test "XIRR with monthly cash flows" passed after 69.082 seconds.
􁁛  Test "XIRR with long time period (decades)" passed after 69.082 seconds.
􁁛  Test robustWithDiscreteUncertainty() passed after 69.082 seconds.
􁁛  Test singleAssetPortfolio() passed after 69.082 seconds.
􁁛  Test monthToMonthRecurrenceHolds() passed after 69.082 seconds.
􁁛  Test "XNPV with mismatched dates and cash flows should throw" passed after 69.082 seconds.
􁁛  Test "Simple 2D LP - minimize cost" passed after 69.082 seconds.
􁁛  Test "Venture capital investment with multiple rounds" passed after 69.082 seconds.
􁁛  Test "XNPV with irregular intervals" passed after 69.082 seconds.
􁁛  Test "XIRR with all negative cash flows should throw" passed after 69.082 seconds.
􁁛  Test zeroUncertainty() passed after 69.082 seconds.
􁁛  Test "Cash Ratio - basic calculation" passed after 69.083 seconds.
􁁛  Test discreteUncertaintySet() passed after 69.082 seconds.
􁁛  Test "XIRR with all positive cash flows should throw" passed after 69.082 seconds.
􁁛  Test "XNPV with empty arrays should throw" passed after 69.082 seconds.
􁁛  Test "Extract expected (mean) time series" passed after 69.090 seconds.
􁁛  Test "XNPV with zero rate" passed after 69.082 seconds.
􁁛  Test "XNPV with dates in reverse order should handle gracefully" passed after 69.082 seconds.
􁁛  Test "Revenue projection with uncertainty" passed after 69.091 seconds.
􁁛  Test "XIRR with irregular intervals" passed after 69.082 seconds.
􁁛  Test "Binary constraints from Branch & Bound" passed after 69.083 seconds.
􁁛  Test internalIdentitiesConsistentInMonth1() passed after 69.082 seconds.
􁁛  Test "XIRR with regular intervals should match IRR" passed after 69.082 seconds.
􁁛  Test "XIRR with short time period (days)" passed after 69.082 seconds.
􁁛  Test "Non-standard normal parameters honored" passed after 69.082 seconds.
􁁛  Test "XNPV with duplicate dates aggregates correctly" passed after 69.082 seconds.
􁁛  Test "XNPV with regular intervals should match NPV" passed after 69.082 seconds.
􁁛  Test "Extract percentile time series" passed after 69.091 seconds.
􁁛  Test "Monte Carlo projection with probabilistic driver" passed after 69.090 seconds.
􁁛  Test "Multi-stage growth analysis" passed after 69.082 seconds.
􁁛  Test "CalculationTrace_CanClearTrace" passed after 69.082 seconds.
􁁛  Test "CalculationTrace_MaintainsStepOrder" passed after 69.082 seconds.
􁁛  Test "XNPV with all cash flows on same date" passed after 69.083 seconds.
􁁛  Test "Standard normal moments within reasonable tolerance" passed after 69.082 seconds.
􁁛  Test "Unconstrained optimizer rejects constraints" passed after 69.082 seconds.
􁁛  Test "Protocol conformance - GradientDescent" passed after 69.082 seconds.
􁁛  Test "Result type contains expected fields" passed after 69.082 seconds.
􁁛  Test "Protocol works with different vector types" passed after 69.082 seconds.
􁁛  Test "CalculationTrace_TracksCostCalculation" passed after 69.082 seconds.
􁁛  Test "Real estate investment with rental income" passed after 69.082 seconds.
􁁛  Test "Stock portfolio with irregular dividends" passed after 69.082 seconds.
􁁛  Test "No cut generated for integer solution" passed after 69.082 seconds.
􁁛  Test "CalculationTrace_TracksProfitCalculation" passed after 69.082 seconds.
􁁛  Test "CalculationTrace_GeneratesFormattedOutput" passed after 69.082 seconds.
􁁛  Test "Zero objective function" passed after 69.082 seconds.
􁁛  Test "Degenerate normal with stdDev = 0 returns the mean" passed after 69.082 seconds.
􁁛  Test "Cutting plane convergence" passed after 69.082 seconds.
􁁛  Test "Generate multiple cuts from tableau" passed after 69.082 seconds.
􁁛  Test "Select most violated cut" passed after 69.082 seconds.
􁁛  Test "Calculate inventory turnover ratio correctly" passed after 69.082 seconds.
􁁛  Test "Calculate asset turnover ratio correctly" passed after 69.082 seconds.
􁁛  Test "ManufacturingModel_Projection12Months" passed after 69.082 seconds.
􁁛  Test "Verify cut doesn't eliminate integer points" passed after 69.082 seconds.
􁁛  Test "ManufacturingModel_CapacityUtilization" passed after 69.082 seconds.
􁁛  Test "CalculationTrace_HandlesComplexModels" passed after 69.082 seconds.
􁁛  Test "Cutting planes reduce branch count" passed after 69.082 seconds.
􁁛  Test "Convenience method without constraints" passed after 69.082 seconds.
􁁛  Test "Generate Gomory cut from fractional LP solution" passed after 69.082 seconds.
􁁛  Test "Equality-only optimizer rejects inequality constraints" passed after 69.082 seconds.
􁁛  Test "Generate cut for mixed-integer problem" passed after 69.082 seconds.
􁁛  Test "Algorithm swapping at runtime" passed after 69.082 seconds.
􁁛  Test "Constrained optimizer accepts equality constraints" passed after 69.082 seconds.
􁁛  Test "CalculationTrace_TracksRevenueCalculation" passed after 69.082 seconds.
􁁛  Test "Gomory cut strengthens LP bound" passed after 69.082 seconds.
􁁛  Test "Generate cover cut for knapsack constraint" passed after 69.082 seconds.
􁁛  Test "Verify cut eliminates fractional point" passed after 69.082 seconds.
􁁛  Test "CalculationTrace_ProvidesStepAccess" passed after 69.082 seconds.
􁁛  Test "Call rho is positive, put rho is negative" passed after 69.082 seconds.
􁁛  Test "Theta is negative for long options (time decay)" passed after 69.081 seconds.
􁁛  Test "Workflow: Build and analyze credit curve from market spreads" passed after 69.081 seconds.
􁁛  Test "ManufacturingModel_ProductionEfficiency" passed after 69.082 seconds.
􁁛  Test "ManufacturingModel_ProfitAtBreakEven" passed after 69.082 seconds.
􁁛  Test "Protocol conformance - NewtonRaphson" passed after 69.082 seconds.
􁁛  Test "Workflow: Credit portfolio expected loss calculation" passed after 69.081 seconds.
􁁛  Test "At-the-money put option" passed after 69.081 seconds.
􁁛  Test "ManufacturingModel_BreakEvenUnits" passed after 69.081 seconds.
􁁛  Test "Out-of-the-money call option" passed after 69.081 seconds.
􁁛  Test "ManufacturingModel_UnitCostCalculation" passed after 69.082 seconds.
􁁛  Test "Gamma is positive for both calls and puts" passed after 69.081 seconds.
􁁛  Test "Vega is positive for both calls and puts" passed after 69.081 seconds.
􁁛  Test "ManufacturingModel_ContributionMarginRatio" passed after 69.082 seconds.
􁁛  Test "ManufacturingModel_BasicSetup" passed after 69.081 seconds.
􁁛  Test "Complete workflow: Z-Score → Default Probability → Credit Spread → Bond Price" passed after 69.081 seconds.
􁁛  Test "In-the-money put option" passed after 69.082 seconds.
􁁛  Test "ManufacturingModel_MonthlyProfit" passed after 69.081 seconds.
􁁛  Test "Workflow: Volatility impact on callable bond pricing" passed after 69.081 seconds.
􁁛  Test "Put delta is between -1 and 0" passed after 69.081 seconds.
􁁛  Test "Call delta is between 0 and 1" passed after 69.082 seconds.
􁁛  Test "Workflow: Spread decomposition into credit and option components" passed after 69.082 seconds.
􁁛  Test "ManufacturingModel_OverheadPerUnit" passed after 69.081 seconds.
􁁛  Test "ManufacturingModel_ContributionMarginPerUnit" passed after 69.081 seconds.
􁁛  Test "In-the-money call option" passed after 69.081 seconds.
􁁛  Test "ManufacturingModel_BreakEvenRevenue" passed after 69.081 seconds.
􁁛  Test "Profit projection with full Monte Carlo" passed after 69.091 seconds.
􁁛  Test "High volatility increases option value" passed after 69.082 seconds.
􁁛  Test "Put-call parity holds" passed after 69.081 seconds.
􁁛  Test "Workflow: Cross-validate models with round-trip calculations" passed after 69.081 seconds.
􁁛  Test "Triangular distribution with base at high" passed after 69.081 seconds.
􁁛  Test "Triangular distribution struct next() method" passed after 69.082 seconds.
􁁛  Test "Workflow: Credit deterioration impact on bond value" passed after 69.083 seconds.
􁁛  Test "Triangular distribution struct stores parameters" passed after 69.082 seconds.
􁁛  Test "Triangular distribution different ranges" passed after 69.082 seconds.
􁁛  Test "Triangular distribution with base at low" passed after 69.082 seconds.
􁁛  Test "ManufacturingModel_UnitCostAtPartialCapacity" passed after 69.082 seconds.
􁁛  Test "Triangular distribution function produces values within bounds" passed after 69.082 seconds.
􁁛  Test "Triangular distribution uniform when base is center" passed after 69.082 seconds.
􁁛  Test "Triangular distribution variance formula" passed after 69.082 seconds.
􁁛  Test "Standard deviation binomial" passed after 69.082 seconds.
􁁛  Test "Triangular distribution mean formula (a+b+c)/3" passed after 69.082 seconds.
􁁛  Test "PlotTornadoDiagram_ZeroImpact_DisplaysCorrectly" passed after 69.082 seconds.
􁁛  Test "Right-skewed triangular distribution (base near low)" passed after 69.082 seconds.
􁁛  Test "Triangular distribution struct random() method" passed after 69.082 seconds.
􁁛  Test "Mean binomial" passed after 69.082 seconds.
􁁛  Test "Triangular distribution mode is most frequent value" passed after 69.082 seconds.
􁁛  Test "At-the-money call option" passed after 69.082 seconds.
􁁛  Test "Triangular distribution project estimation use case" passed after 69.082 seconds.
􁁛  Test "Export time series to CSV (wide format)" passed after 69.082 seconds.
􁁛  Test "Triangular distribution seeding produces deterministic results" passed after 69.082 seconds.
􁁛  Test "Export time series to CSV (long format)" passed after 69.082 seconds.
􁁛  Test "Export multiple time series" passed after 69.082 seconds.
􁁛  Test "Very short time to expiry" passed after 69.082 seconds.
􁁛  Test "PlotTornadoDiagram_HasHeader" passed after 69.082 seconds.
􁁛  Test "Variance binomial" passed after 69.082 seconds.
􁁛  Test "Export multiple time series - header order alphabetical and aligned rows" passed after 69.082 seconds.
􁁛  Test "PlotTornadoDiagram_NegativeOutputValues_HandlesCorrectly" passed after 69.081 seconds.
􁁛  Test "PlotTornadoDiagram_FormatsLargeNumbers" passed after 69.082 seconds.
􁁛  Test "PlotTornadoDiagram_MultipleInputs_ShowsAllInRankedOrder" passed after 69.082 seconds.
􁁛  Test "Export long format - strict header and row order" passed after 69.081 seconds.
􁁛  Test "Symmetric triangular distribution statistical properties" passed after 69.082 seconds.
􁁛  Test "Round-trip: export then import" passed after 69.082 seconds.
􁁛  Test "Component VaR handles zero weights" passed after 69.081 seconds.
􁁛  Test "PlotTornadoDiagram_NegativeImpact_ShowsCorrectDirection" passed after 69.081 seconds.
􁁛  Test "Aggregate VaR scaling invariance" passed after 69.081 seconds.
􁁛  Test "Aggregate VaR correlation monotonicity" passed after 69.082 seconds.
􁁛  Test "Rayleigh distribution struct next() method" passed after 69.081 seconds.
􁁛  Test "Workflow: Callable bond analysis with OAS decomposition" passed after 69.082 seconds.
􁁛  Test "Rayleigh distribution magnitude of 2D normal vector" passed after 69.081 seconds.
􁁛  Test "Optimizer beats equal weights on simple two-asset constant case" passed after 69.081 seconds.
􁁛  Test "PlotTornadoDiagram_HasMultipleLines" passed after 69.081 seconds.
􁁛  Test "Left-skewed triangular distribution (base near high)" passed after 69.082 seconds.
􁁛  Test "Export with custom number formatting" passed after 69.082 seconds.
􁁛  Test "PlotTornadoDiagram_SingleInput_DisplaysCorrectly" passed after 69.081 seconds.
􁁛  Test "Rayleigh distribution wind speed application" passed after 69.081 seconds.
􁁛  Test "PlotTornadoDiagram_ShowsBaseCaseValue" passed after 69.081 seconds.
􁁛  Test "Rayleigh distribution right-skewed" passed after 69.081 seconds.
􁁛  Test "Rayleigh distribution seeding produces deterministic results" passed after 69.081 seconds.
􁁛  Test "PlotTornadoDiagram_PositiveImpact_ShowsCorrectDirection" passed after 69.082 seconds.
􁁛  Test "Rayleigh distribution percentiles" passed after 69.081 seconds.
􁁛  Test "Euler allocation consistency and component VaR equality" passed after 69.081 seconds.
􁁛  Test quickOptimization() passed after 69.081 seconds.
􁁛  Test "Aggregate VaR with perfect negative correlation (equal VaRs)" passed after 69.082 seconds.
􁁛  Test "Rayleigh distribution function produces non-negative values" passed after 69.081 seconds.
􁁛  Test "Rayleigh distribution statistical properties" passed after 69.081 seconds.
􁁛  Test "PlotTornadoDiagram_EmptyInputs_ReturnsEmptyMessage" passed after 69.081 seconds.
􁁛  Test "Sharpe ratio is finite and non-NaN" passed after 69.082 seconds.
􁁛  Test winnerSelection() passed after 69.081 seconds.
􁁛  Test "Skewness is zero (or near) for symmetric data" passed after 69.081 seconds.
􁁛  Test singleTrial() passed after 69.081 seconds.
􁁛  Test "Efficient frontier has non-decreasing expected returns (two assets, constant)" passed after 69.082 seconds.
􁁛  Test "Aggregate VaR known numeric cases" passed after 69.081 seconds.
􁁛  Test profileSingleRun() passed after 69.081 seconds.
􁁛  Test summaryReport() passed after 69.081 seconds.
􁁛  Test quickCompare() passed after 69.081 seconds.
􁁛  Test "Rayleigh distribution different scale parameters" passed after 69.081 seconds.
􁁛  Test successRateCalculation() passed after 69.081 seconds.
􁁛  Test "RetailModel_GrossProfitCalculation" passed after 69.081 seconds.
􁁛  Test robustProductionPlanning() passed after 69.085 seconds.
􁁛  Test "Rayleigh distribution always positive" passed after 69.081 seconds.
􁁛  Test executionTimeMeasurement() passed after 69.081 seconds.
􁁛  Test statisticalMeasures() passed after 69.081 seconds.
􁁛  Test "RetailModel_InventoryTurnoverCalculation" passed after 69.081 seconds.
􁁛  Test "RetailModel_SeasonalRevenue" passed after 69.081 seconds.
􁁛  Test "RetailModel_NetProfitMargin" passed after 69.081 seconds.
􁁛  Test "RetailModel_MarkupCalculation" passed after 69.081 seconds.
􁁛  Test "RetailModel_NetProfitCalculation" passed after 69.081 seconds.
􁁛  Test "Rayleigh distribution struct random() method" passed after 69.081 seconds.
􁁛  Test performanceDifferences() passed after 69.081 seconds.
􁁛  Test "RetailModel_COGSCalculation" passed after 69.081 seconds.
􁁛  Test compareOptimizers() passed after 69.081 seconds.
􁁛  Test "Rayleigh distribution struct stores mean parameter" passed after 69.081 seconds.
􁁛  Test "Rayleigh distribution mode" passed after 69.081 seconds.
􁁛  Test "Rayleigh distribution CDF properties" passed after 69.081 seconds.
􁁛  Test "Import with semicolon delimiter" passed after 69.081 seconds.
􁁛  Test "RetailModel_BasicSetup" passed after 69.080 seconds.
􁁛  Test "RetailModel_GrossMarginCalculation" passed after 69.080 seconds.
􁁛  Test detailedReport() passed after 69.081 seconds.
􁁛  Test "Import time series with missing values" passed after 69.080 seconds.
􁁛  Test "Import trims whitespace" passed after 69.080 seconds.
􁁛  Test "Import quarter labels like 2024-Q1" passed after 69.080 seconds.
􁁛  Test "Import simple time series from CSV" passed after 69.080 seconds.
􁁛  Test "Malformed CSV row is skipped (deterministic)" passed after 69.080 seconds.
􁁛  Test "Import missing values - skipped rows (deterministic)" passed after 69.081 seconds.
􁁛  Test "UniformDistribution" passed after 69.080 seconds.
􁁛  Test "DistributionRayleighFunction" passed after 69.080 seconds.
􁁛  Test "DistributionRayleighStruct" passed after 69.080 seconds.
􁁛  Test "Import with different date formats" passed after 69.081 seconds.
􁁛  Test "Waiver expires and covenant fails after expiration" passed after 69.080 seconds.
􁁛  Test "Import simple time series - verify parsed periods" passed after 69.080 seconds.
􁁛  Test "Import multiple time series from CSV" passed after 69.080 seconds.
􁁛  Test "DistributionNormal" passed after 69.080 seconds.
􁁛  Test "Import CSV without header" passed after 69.081 seconds.
􁁛  Test "RetailModel_DaysInventoryOutstanding" passed after 69.081 seconds.
􁁛  Test "TriangularZero" passed after 69.080 seconds.
􁁛  Test "Rayleigh distribution extreme values" passed after 69.081 seconds.
􁁛  Test benchmarkWithConstraints() passed after 69.081 seconds.
􁁛  Test singlePeriod() passed after 69.111 seconds.
􁁛  Test "Insufficient data throws error" passed after 69.111 seconds.
􁁛  Test "Train model on seasonal data" passed after 69.111 seconds.
􁁛  Test "Capture seasonality pattern" passed after 69.111 seconds.
􁁛  Test "Constrained optimizer accepts inequality constraints" passed after 69.116 seconds.
􁁛  Test "Headroom is negative when covenant is breached" passed after 69.111 seconds.
􁁛  Test nonNegativityConstraints() passed after 69.111 seconds.
􁁛  Test "Different alpha values" passed after 69.111 seconds.
􁁛  Test "Predict future values" passed after 69.111 seconds.
􁁛  Test "BusinessMathError_Equatable_CircularDependency_DifferentPath" passed after 69.111 seconds.
􁁛  Test twoPeriodWithTurnoverConstraint() passed after 69.112 seconds.
􁁛  Test "All error cases produce human-readable localizedDescription" passed after 69.112 seconds.
􁁛  Test "Different confidence levels" passed after 69.112 seconds.
􁁛  Test "Initial cost of zero is invalid and reports value" passed after 69.112 seconds.
􁁛  Test constraintSatisfaction() passed after 69.112 seconds.
􁁛  Test portfolioRebalancingWithTransactionCosts() passed after 69.112 seconds.
􁁛  Test cumulativeBudgetConstraint() passed after 69.112 seconds.
􁁛  Test "BusinessMathError_Equatable_CalculationFailed_SameErrors" passed after 69.112 seconds.
􁁛  Test "BusinessMathError_Equatable_DifferentCases" passed after 69.112 seconds.
􁁛  Test "DistributionRayleighSmallMean" passed after 69.112 seconds.
􁁛  Test "Constant data (no trend or seasonality)" passed after 69.112 seconds.
􁁛  Test simpleThreePeriodPortfolio() passed after 69.112 seconds.
􁁛  Test "Valid inputs do not throw" passed after 69.112 seconds.
􁁛  Test "High prior probability" passed after 69.112 seconds.
􁁛  Test transitionConstraint() passed after 69.113 seconds.
􁁛  Test "Low prior probability with imperfect test" passed after 69.112 seconds.
􁁛  Test "Discount rate NaN is invalid and includes expected range" passed after 69.112 seconds.
􁁛  Test "Perfect test accuracy" passed after 69.112 seconds.
􁁛  Test "Discount rate +infinity is invalid and includes expected range" passed after 69.112 seconds.
􁁛  Test "Handle malformed CSV" passed after 69.112 seconds.
􁁛  Test "RetailModel_Projection12Months" passed after 69.114 seconds.
􁁛  Test "BusinessMathError_Equatable_InvalidInput_SameErrors" passed after 69.112 seconds.
􁁛  Test "Forecast with confidence intervals" passed after 69.112 seconds.
􁁛  Test "Medical test with 1% disease prevalence" passed after 69.112 seconds.
􁁛  Test "IRR non-convergence description includes operation and iteration hint" passed after 69.113 seconds.
􁁛  Test "BusinessMathError_Equatable_DivisionByZero_SameContext" passed after 69.113 seconds.
􁁛  Test "Division by zero includes denominator and operation in context" passed after 69.113 seconds.
􁁛  Test "BusinessMathError_Equatable_NegativeValue_SameErrors" passed after 69.113 seconds.
􁁛  Test "Discount rate boundary values accepted (0 and 1 inclusive)" passed after 69.113 seconds.
􁁛  Test "Symmetric case" passed after 69.113 seconds.
􁁛  Test "BusinessMathError_Equatable_DivisionByZero_DifferentContext" passed after 69.113 seconds.
􁁛  Test "Mismatched dimensions context carries numeric expected/actual" passed after 69.113 seconds.
􁁛  Test "Geometric distribution memoryless property" passed after 69.113 seconds.
􁁛  Test "RetailModel_BreakEvenRevenue" passed after 69.114 seconds.
􁁛  Test "BusinessMathError_Equatable_ValidationFailed_DifferentErrors" passed after 69.113 seconds.
􁁛  Test "BusinessMathError_Equatable_NegativeValue_DifferentValues" passed after 69.112 seconds.
􁁛  Test "BusinessMathError_Equatable_InvalidInput_DifferentMessages" passed after 69.112 seconds.
􁁛  Test "Geometric distribution mode is always 1" passed after 69.112 seconds.
􁁛  Test "Geometric distribution higher p means fewer trials" passed after 69.112 seconds.
􁁛  Test "RSquaredAdjusted" passed after 69.112 seconds.
􁁛  Test "Geometric distribution variance = (1-p)/p²" passed after 69.112 seconds.
􁁛  Test "Geometric distribution right-skewed" passed after 69.113 seconds.
􁁛  Test "Empty cash flows exposes count in context" passed after 69.113 seconds.
􁁛  Test "BusinessMathError_Equatable_CircularDependency_SamePath" passed after 69.113 seconds.
􁁛  Test "BusinessMathError_Equatable_CalculationFailed_DifferentSuggestions" passed after 69.113 seconds.
􁁛  Test trajectoryConstraint() passed after 69.113 seconds.
􁁛  Test "RSquared" passed after 69.112 seconds.
􁁛  Test "Geometric distribution probability of first success on first trial" passed after 69.113 seconds.
􁁛  Test "Geometric distribution function produces positive integers" passed after 69.113 seconds.
􁁛  Test "Geometric distribution PMF properties" passed after 69.112 seconds.
􁁛  Test "MultiplyVectors" passed after 69.112 seconds.
􁁛  Test "Geometric distribution statistical properties - mean = 1/p" passed after 69.112 seconds.
􁁛  Test "Geometric distribution struct random() method" passed after 69.112 seconds.
􁁛  Test "Geometric distribution with different probabilities" passed after 69.112 seconds.
􁁛  Test "Geometric distribution struct stores probability parameter" passed after 69.112 seconds.
􁁛  Test "Balance sheet balances with multiple accounts across periods" passed after 69.112 seconds.
􁁛  Test "Balance sheet: difference exactly equals tolerance is valid" passed after 69.112 seconds.
􁁛  Test "Geometric distribution struct next() method" passed after 69.112 seconds.
􁁛  Test "Intercept" passed after 69.113 seconds.
􁁛  Test "Geometric distribution seeding produces deterministic results" passed after 69.113 seconds.
􁁛  Test "Geometric distribution waiting time application" passed after 69.113 seconds.
􁁛  Test "pValueStudent with large df remains within (0,1)" passed after 69.112 seconds.
􁁛  Test "Sample mean and stddev reasonable for Normal(1000, 100)" passed after 69.112 seconds.
􁁛  Test "tStatistic computes (x - mean) / stdErr" passed after 69.112 seconds.
􁁛  Test "SkewS" passed after 69.112 seconds.
􁁛  Test "pValueStudent at t=0 is higher than at t=2 (PDF peak at center)" passed after 69.112 seconds.
􁁛  Test "Access income statement metrics" passed after 69.112 seconds.
􁁛  Test "BusinessMathError_Equatable_ValidationFailed_SameErrors" passed after 69.113 seconds.
􁁛  Test "Infinite values are treated as errors in validation" passed after 69.113 seconds.
􁁛  Test "Percentiles are monotonic (Normal(1000, 100))" passed after 69.112 seconds.
􁁛  Test "Cash flow reconciliation with multiple accounts" passed after 69.112 seconds.
􁁛  Test "Slope" passed after 69.112 seconds.
􁁛  Test "Compare projections from different scenarios" passed after 69.112 seconds.
􁁛  Test "FinancialProjection with empty scenario overrides" passed after 69.112 seconds.
􁁛  Test "Access balance sheet metrics" passed after 69.112 seconds.
􁁛  Test "CoefficientOfSkew" passed after 69.112 seconds.
􁁛  Test "Default uniform() produces values in [0,1]" passed after 69.112 seconds.
􁁛  Test "Uniform(min,max) stays within bounds and moments are reasonable" passed after 69.112 seconds.
􁁛  Test "CVaR monotonic across confidence levels" passed after 69.112 seconds.
􁁛  Test "Financing cash flow is sum of all financing accounts" passed after 69.112 seconds.
􁁛  Test "Investing cash flow is sum of all investing accounts" passed after 69.112 seconds.
􁁛  Test "FinancialProjection creation with all statements" passed after 69.112 seconds.
􁁛  Test "Uniform(min==max) returns that bound" passed after 69.112 seconds.
􁁛  Test "FinancialProjection stores scenario reference" passed after 69.112 seconds.
􁁛  Test "tStatistic with default parameters" passed after 69.112 seconds.
􁁛  Test "Cash flow statement creation fails with wrong account type in financing" passed after 69.112 seconds.
􁁛  Test "Balance sheet: difference slightly above tolerance is invalid" passed after 69.112 seconds.
􁁛  Test "Access cash flow statement metrics" passed after 69.112 seconds.
􁁛  Test "Cash flow statement handles empty operating accounts" passed after 69.112 seconds.
􁁛  Test "Cash flow statement creation fails with wrong account type in investing" passed after 69.112 seconds.
􁁛  Test "Cash flow statement can be created with operating, investing, and financing accounts" passed after 69.112 seconds.
􁁛  Test "Cash flow statement creation fails with entity mismatch" passed after 69.112 seconds.
􁁛  Test "Cash flow statement handles empty investing accounts" passed after 69.112 seconds.
􁁛  Test "Net cash flow is sum of operating, investing, and financing" passed after 69.112 seconds.
􁁛  Test "Double as VectorSpace" passed after 69.112 seconds.
􁁛  Test "Cash flow statement can be created with multiple accounts" passed after 69.112 seconds.
􁁛  Test "Cash flow statement handles empty financing accounts" passed after 69.112 seconds.
􁁛  Test "VectorN operations with mismatched dimensions" passed after 69.112 seconds.
􁁛  Test "Multiple projections maintain independence" passed after 69.112 seconds.
􁁛  Test "Vector2D norm and dot product" passed after 69.112 seconds.
􁁛  Test "Basis vectors" passed after 69.113 seconds.
􁁛  Test "Materialized cash flow statement has all metrics pre-computed" passed after 69.113 seconds.
􁁛  Test "Vector operations - angle calculation" passed after 69.113 seconds.
􁁛  Test "Vector serialization (Codable)" passed after 69.114 seconds.
􁁛  Test "Vector3D cross product" passed after 69.114 seconds.
􁁛  Test "Cash flow statement creation fails with wrong account type in operating" passed after 69.114 seconds.
􁁛  Test "Geometric distribution with p=0.5" passed after 69.114 seconds.
􁁛  Test "Vector operations - elementwise division" passed after 69.114 seconds.
􁁛  Test "pValueStudent is within (0,1)" passed after 69.114 seconds.
􁁛  Test "Error conditions and edge cases" passed after 69.114 seconds.
􁁛  Test "Operating cash flow is sum of all operating accounts" passed after 69.114 seconds.
􁁛  Test "Vector operations - Hadamard product" passed after 69.114 seconds.
􁁛  Test "Vector operations - projection" passed after 69.114 seconds.
􁁛  Test terminalConstraint() passed after 69.118 seconds.
􁁛  Test "Vector2D basic operations" passed after 69.114 seconds.
􁁛  Test "Vector operations - statistics" passed after 69.114 seconds.
􁁛  Test "VectorN operations with matching dimensions" passed after 69.114 seconds.
􁁛  Test "Type safety and generic constraints" passed after 69.114 seconds.
􁁛  Test "Vector3D basic operations" passed after 69.114 seconds.
􁁛  Test "Vector3D norm calculation" passed after 69.114 seconds.
􁁛  Test "Float as VectorSpace" passed after 69.114 seconds.
􁁛  Test "VectorN subscript access" passed after 69.114 seconds.
􁁛  Test "Distance metrics" passed after 69.114 seconds.
􁁛  Test "Vector with NaN and infinity" passed after 69.114 seconds.
􁁛  Test "Free cash flow is operating cash flow plus investing cash flow" passed after 69.115 seconds.
􁁛  Test "VectorN initialization" passed after 69.115 seconds.
􁁛  Test "Marketplace template creates valid model" passed after 69.114 seconds.
􁁛  Test "Outer product" passed after 69.114 seconds.
􁁛  Test "VectorN convenience methods" passed after 69.115 seconds.
􁁛  Test "Manufacturing template creates valid model" passed after 69.114 seconds.
􁁛  Test "Vector2D convenience methods" passed after 69.114 seconds.
􁁛  Test "Vector3D triple product" passed after 69.115 seconds.
􁁛  Test "Retail template creates valid model" passed after 69.114 seconds.
􁁛  Test "Register all standard templates" passed after 69.114 seconds.
􁁛  Test "Portfolio optimization simulation" passed after 69.114 seconds.
􁁛  Test "Cash flow statement is Codable" passed after 69.115 seconds.
􁁛  Test "Vector2D array conversion" passed after 69.115 seconds.
􁁛  Test "Vector copy-on-write semantics" passed after 69.114 seconds.
􁁛  Test "Integration with linear algebra operations" passed after 69.114 seconds.
􁁛  Test "Subscription box template creates valid model" passed after 69.114 seconds.
􁁛  Test "Vector operations - normalization" passed after 69.115 seconds.
􁁛  Test "Integration with gradient descent simulation" passed after 69.115 seconds.
􁁛  Test "Linear interpolation" passed after 69.114 seconds.
􁁛  Test "SaaS template export and import" passed after 69.114 seconds.
􁁛  Test "Cosine similarity" passed after 69.114 seconds.
􁁛  Test "Single variable case (1D)" passed after 69.114 seconds.
􁁛  Test "SaaS template registration" passed after 69.114 seconds.
􁁛  Test "Portfolio optimization with no short-selling" passed after 69.114 seconds.
􁁛  Test "Minimize with active inequality constraint" passed after 69.114 seconds.
􁁛  Test "Minimize quadratic with box constraints" passed after 69.114 seconds.
􁁛  Test "Portfolio with unequal assets and no short-selling" passed after 69.114 seconds.
􁁛  Test "Tutorial example: minimize distance from (1,1) with linear constraint" passed after 69.114 seconds.
􁁛  Test "SaaS template validates parameters" passed after 69.114 seconds.
􁁛  Test "Vector equality and hashability" passed after 69.115 seconds.
􁁛  Test "SaaS template creates valid model" passed after 69.114 seconds.
􁁛  Test "Schema completeness for all templates" passed after 69.114 seconds.
􁁛  Test "Realistic portfolio with correlation and no short-selling" passed after 69.114 seconds.
􁁛  Test "Cox process generates positive default times" passed after 69.114 seconds.
􁁛  Test "Binomial tree converges to Black-Scholes" passed after 69.114 seconds.
􁁛  Test "European call option" passed after 69.114 seconds.
􁁛  Test "Time-varying hazard rate default probability" passed after 69.114 seconds.
􁁛  Test "Constant hazard rate default density" passed after 69.114 seconds.
􁁛  Test "Cox process higher volatility increases spread of outcomes" passed after 69.114 seconds.
􁁛  Test "Higher hazard rate means lower survival" passed after 69.114 seconds.
􁁛  Test "Constant hazard rate default probability" passed after 69.114 seconds.
􁁛  Test "Time-varying hazard rate survival probability" passed after 69.114 seconds.
􁁛  Test "Constant hazard rate survival probability calculation" passed after 69.114 seconds.
􁁛  Test "Hazard rate extracted from spread produces consistent CDS pricing" passed after 69.114 seconds.
􁁛  Test "Higher recovery implies higher hazard for same spread" passed after 69.114 seconds.
􁁛  Test "Maximize with inequality constraints" passed after 69.114 seconds.
􁁛  Test "Calculate quick ratio correctly" passed after 69.114 seconds.
􁁛  Test "Retail template validation" passed after 69.115 seconds.
􁁛  Test "European put option" passed after 69.114 seconds.
􁁛  Test "American call equals European call (no dividends)" passed after 69.114 seconds.
􁁛  Test "Multi-variable simulation with independent variables" passed after 69.114 seconds.
􁁛  Test "Extract hazard rate from credit spread" passed after 69.114 seconds.
􁁛  Test "Higher spread implies higher hazard rate" passed after 69.114 seconds.
􁁛  Test "Calculate current ratio correctly" passed after 69.114 seconds.
􁁛  Test "Cox process default times vary with different seeds" passed after 69.114 seconds.
􁁛  Test "Credit curve construction" passed after 69.114 seconds.
􁁛  Test "Cumulative default probability calculation" passed after 69.114 seconds.
􁁛  Test "Hazard rate calculation" passed after 69.114 seconds.
􁁛  Test "Spread curve is upward sloping" passed after 69.114 seconds.
􁁛  Test "Hazard rate from spread relationship" passed after 69.114 seconds.
􁁛  Test "Survival probability from credit curve" passed after 69.114 seconds.
􁁛  Test "Reject empty constraints" passed after 69.114 seconds.
􁁛  Test "Portfolio with equality and inequality constraints" passed after 69.115 seconds.
􁁛  Test "Invalid when terminal growth >= cost of equity" passed after 69.114 seconds.
􁁛  Test "High ROE company" passed after 69.114 seconds.
􁁛  Test "Spread interpolation - exact maturity" passed after 69.114 seconds.
􁁛  Test "Amortizing bond cash flow schedule" passed after 69.114 seconds.
􁁛  Test "Equity value - single period with negative RI" passed after 69.114 seconds.
􁁛  Test "Amortizing bond YTM calculation" passed after 69.114 seconds.
􁁛  Test "Ones and zeros vectors" passed after 69.115 seconds.
􁁛  Test "More steps increase accuracy" passed after 69.114 seconds.
􁁛  Test "American put worth more than European put" passed after 69.114 seconds.
􁁛  Test "Spread: ROE minus cost of equity" passed after 69.114 seconds.
􁁛  Test "Zero book value edge case" passed after 69.114 seconds.
􁁛  Test "Equity value - single period with positive RI" passed after 69.114 seconds.
􁁛  Test "RI Model - book value convergence" passed after 69.114 seconds.
􁁛  Test "Credit curve with generic Float type" passed after 69.114 seconds.
􁁛  Test "ROE calculation from model inputs" passed after 69.114 seconds.
􁁛  Test "Calculate residual income - negative economic profit" passed after 69.114 seconds.
􁁛  Test "Residual income - multi-period projection" passed after 69.114 seconds.
􁁛  Test "Calculate residual income - positive economic profit" passed after 69.114 seconds.
􁁛  Test "Cumulative default probability increases with maturity" passed after 69.114 seconds.
􁁛  Test "Deep ITM option worth at least intrinsic value" passed after 69.114 seconds.
􁁛  Test "Model with Float type" passed after 69.114 seconds.
􁁛  Test "Spread interpolation - between maturities" passed after 69.115 seconds.
􁁛  Test "RI Model vs Gordon Growth - consistency check" passed after 69.114 seconds.
􁁛  Test "Equity value - zero RI equals book value" passed after 69.113 seconds.
􁁛  Test "Constant hazard and time-varying hazard produce similar results for flat curve" passed after 69.115 seconds.
􁁛  Test "Calculate residual income - zero economic profit" passed after 69.113 seconds.
􁁛  Test "Value per share calculation" passed after 69.113 seconds.
􁁛  Test "Amortizing bond with semiannual coupons" passed after 69.114 seconds.
􁁛  Test "movingAverage with window 3" passed after 69.113 seconds.
􁁛  Test "exponentialMovingAverage with alpha 1.0 equals original" passed after 69.113 seconds.
􁁛  Test "Expected time series equals statistics.mean" passed after 69.113 seconds.
􁁛  Test "growthRate with lag 1 calculates period-over-period growth" passed after 69.113 seconds.
􁁛  Test "Equity value - multi-period projection" passed after 69.114 seconds.
􁁛  Test "cumulative with negative values" passed after 69.113 seconds.
􁁛  Test "Amortizing bond price calculation" passed after 69.113 seconds.
􁁛  Test "cumulative on empty series returns empty" passed after 69.113 seconds.
􁁛  Test "EMA with alpha = 0.0 equals flat line at first value" passed after 69.113 seconds.
􁁛  Test "movingAverage with window 1 returns original" passed after 69.114 seconds.
􁁛  Test "percentChange with lag 1" passed after 69.113 seconds.
􁁛  Test "diff with lag 0 should handle gracefully" passed after 69.113 seconds.
􁁛  Test "Year-to-date cumulative revenue" passed after 69.113 seconds.
􁁛  Test "rollingSum with window 3" passed after 69.113 seconds.
􁁛  Test "exponentialMovingAverage with alpha 0.5" passed after 69.113 seconds.
􁁛  Test "Low ROE company (value destroyer)" passed after 69.113 seconds.
􁁛  Test "growthRate handles negative values" passed after 69.113 seconds.
􁁛  Test "rollingMax with window 3" passed after 69.113 seconds.
􁁛  Test "percentChange with negative change" passed after 69.113 seconds.
􁁛  Test "cagr calculates compound annual growth rate" passed after 69.113 seconds.
􁁛  Test "Percentiles are within min/max for all periods" passed after 69.116 seconds.
􁁛  Test "diff with lag 2" passed after 69.121 seconds.
􁁛  Test "movingAverage with window larger than data" passed after 69.121 seconds.
􁁛  Test "Amortizing bond duration less than maturity" passed after 69.124 seconds.
􁁛  Test "Revenue growth analysis" passed after 69.123 seconds.
􁁛  Test "Chi-squared distribution struct next() method" passed after 69.124 seconds.
􁁛  Test "Chi-squared distribution with df=20" passed after 69.124 seconds.
􁁛  Test "diff with lag 1" passed after 69.125 seconds.
􁁛  Test "Smoothing volatile data with moving average" passed after 69.125 seconds.
􁁛  Test "rollingMin with window 3" passed after 69.125 seconds.
􁁛  Test "Feasible initial point for inequalities" passed after 69.128 seconds.
􁁛  Test "Chi-squared mode property" passed after 69.125 seconds.
􁁛  Test "growthRate with lag 2" passed after 69.125 seconds.
􁁛  Test "cumulative calculates running sum" passed after 69.125 seconds.
􁁛  Test "Chi-squared distribution struct stores df parameter" passed after 69.125 seconds.
􁁛  Test "Chi-squared distribution struct random() method" passed after 69.125 seconds.
􁁛  Test "Chi-squared distribution variance relationship" passed after 69.125 seconds.
􁁛  Test "Chi-squared distribution with df=1" passed after 69.125 seconds.
􁁛  Test "Chi-squared moment generating function" passed after 69.125 seconds.
􁁛  Test "Chi-squared consistency across repeated calls" passed after 69.125 seconds.
􁁛  Test "ScenarioAnalysis error - missing input configuration" passed after 69.125 seconds.
􁁛  Test "ScenarioAnalysis basic setup" passed after 69.125 seconds.
􁁛  Test "ScenarioComparison initialization" passed after 69.125 seconds.
􁁛  Test "Chi-squared relationship to normal distribution" passed after 69.125 seconds.
􁁛  Test "Chi-squared distribution function produces positive values" passed after 69.126 seconds.
􁁛  Test "ScenarioComparison ranking by different metrics" passed after 69.126 seconds.
􁁛  Test "Chi-squared parameter validation" passed after 69.126 seconds.
􁁛  Test "cagr with zero growth" passed after 69.126 seconds.
􁁛  Test "growthRate on empty series returns empty" passed after 69.127 seconds.
􁁛  Test "Chi-squared additivity property" passed after 69.126 seconds.
􁁛  Test "Chi-squared distribution with df=2 (exponential)" passed after 69.126 seconds.
􁁛  Test "normSDist" passed after 69.126 seconds.
􁁛  Test "ScenarioAnalysis stress testing" passed after 69.126 seconds.
􁁛  Test "Scenario initialization with name and inputs" passed after 69.126 seconds.
􁁛  Test "zScore" passed after 69.126 seconds.
􁁛  Test "Scenario with mixed fixed values and distributions" passed after 69.126 seconds.
􁁛  Test "Scenario configuration builder pattern" passed after 69.126 seconds.
􁁛  Test "Chi-squared distribution approaches normal as df increases" passed after 69.126 seconds.
􁁛  Test "ScenarioAnalysis run single scenario" passed after 69.126 seconds.
􁁛  Test "ScenarioAnalysis with distributions" passed after 69.126 seconds.
􁁛  Test "normalCDF" passed after 69.126 seconds.
􁁛  Test "ScenarioComparison summary statistics" passed after 69.126 seconds.
􁁛  Test "Compare FCFE with DDM (should align if payout = 100%)" passed after 69.126 seconds.
􁁛  Test "Negative FCFE (company burning cash)" passed after 69.126 seconds.
􁁛  Test "Chi-squared distribution function statistical properties - df=10" passed after 69.126 seconds.
􁁛  Test "ScenarioComparison best and worst scenarios by mean" passed after 69.126 seconds.
􁁛  Test "Sensitivity to terminal growth rate" passed after 69.125 seconds.
􁁛  Test "Equity value - simple perpetuity" passed after 69.125 seconds.
􁁛  Test "Sensitivity to cost of equity" passed after 69.125 seconds.
􁁛  Test "standardize" passed after 69.126 seconds.
􁁛  Test "normInv" passed after 69.125 seconds.
􁁛  Test "SensitivityAnalysis single input" passed after 69.126 seconds.
􁁛  Test "FCFE calculation - simple case with no debt" passed after 69.125 seconds.
􁁛  Test "FCFE calculation - with new debt issuance" passed after 69.126 seconds.
􁁛  Test "SensitivityAnalysis identifies key drivers" passed after 69.125 seconds.
􁁛  Test "Quarterly FCFE projections" passed after 69.125 seconds.
􁁛  Test "normDist" passed after 69.125 seconds.
􁁛  Test "Real-world example - tech company valuation" passed after 69.125 seconds.
􁁛  Test "BFGS automatic gradient on Rosenbrock function" passed after 69.125 seconds.
􁁛  Test "BFGS with automatic gradient computation" passed after 69.125 seconds.
􁁛  Test "History recording for Newton-Raphson" passed after 69.125 seconds.
􁁛  Test "Zero terminal growth" passed after 69.125 seconds.
􁁛  Test "Line search prevents overshooting" passed after 69.125 seconds.
􁁛  Test "BFGS automatic gradient vs explicit gradient" passed after 69.125 seconds.
􁁛  Test "Multiple scenarios" passed after 69.125 seconds.
􁁛  Test "Newton-Raphson with Vector2D" passed after 69.125 seconds.
􁁛  Test "Newton-Raphson on 3D sphere" passed after 69.125 seconds.
􁁛  Test "percentile" passed after 69.126 seconds.
􁁛  Test "FCFE calculation - with debt repayment" passed after 69.125 seconds.
􁁛  Test "ScenarioAnalysis multiple scenarios - base/best/worst" passed after 69.125 seconds.
􁁛  Test "Model with conditionals - true branch" passed after 69.125 seconds.
􁁛  Test "SensitivityAnalysis tornado chart data" passed after 69.125 seconds.
􁁛  Test "Portfolio optimization with Newton-Raphson" passed after 69.125 seconds.
􁁛  Test "BFGS on Rosenbrock" passed after 69.125 seconds.
􁁛  Test "Value per share calculation" passed after 69.125 seconds.
􁁛  Test "Model metadata preservation" passed after 69.125 seconds.
􁁛  Test "BFGS on higher-dimensional sphere" passed after 69.125 seconds.
􁁛  Test "Chi-squared extreme value behavior" passed after 69.126 seconds.
􁁛  Test "Newton-Raphson converges faster than gradient descent" passed after 69.125 seconds.
􁁛  Test "Invalid: growth >= cost of equity" passed after 69.125 seconds.
􁁛  Test "Newton-Raphson on 2D quadratic - should converge in 1 iteration" passed after 69.125 seconds.
􁁛  Test "Empty costs block" passed after 69.125 seconds.
􁁛  Test "Negative costs handling" passed after 69.125 seconds.
􁁛  Test "Convenience factory methods" passed after 69.125 seconds.
􁁛  Test "Newton-Raphson on Rosenbrock" passed after 69.125 seconds.
􁁛  Test "Scenario with revenue adjustment" passed after 69.125 seconds.
􁁛  Test "Empty financial model" passed after 69.125 seconds.
􁁛  Test "Equity value - multi-period projection" passed after 69.126 seconds.
􁁛  Test "Product with zero values" passed after 69.125 seconds.
􁁛  Test "Large numbers handling" passed after 69.125 seconds.
􁁛  Test "Scenario with cost adjustment" passed after 69.125 seconds.
􁁛  Test "normSInv" passed after 69.126 seconds.
􁁛  Test "Model with optional components" passed after 69.125 seconds.
􁁛  Test "Model with single cost component" passed after 69.125 seconds.
􁁛  Test "Model with single revenue component" passed after 69.125 seconds.
􁁛  Test "BFGS on 2D quadratic" passed after 69.125 seconds.
􁁛  Test "Variable cost calculation" passed after 69.124 seconds.
􁁛  Test "Scenario with multiple adjustments" passed after 69.125 seconds.
􁁛  Test "Zero revenue with variable costs" passed after 69.124 seconds.
􁁛  Test "Product with price and quantity" passed after 69.124 seconds.
􁁛  Test "Model with multiple revenue sources" passed after 69.124 seconds.
􁁛  Test "Complete financial model workflow" passed after 69.124 seconds.
􁁛  Test "Model with if-else conditionals" passed after 69.124 seconds.
􁁛  Test "Product chaining multiple properties" passed after 69.125 seconds.
􁁛  Test "Model with arrays" passed after 69.125 seconds.
􁁛  Test "Empty revenue block" passed after 69.124 seconds.
􁁛  Test "Multiple scenario comparison" passed after 69.124 seconds.
􁁛  Test "Fractional quantities" passed after 69.124 seconds.
􁁛  Test "Scenario with specific target adjustment" passed after 69.124 seconds.
􁁛  Test "Very small percentages" passed after 69.124 seconds.
􁁛  Test "Tornado diagram with single input" passed after 69.124 seconds.
􁁛  Test "Tornado diagram with many inputs" passed after 69.124 seconds.
􁁛  Test "Tornado diagram with zero variation" passed after 69.124 seconds.
􁁛  Test "Tornado diagram with different variation percentages" passed after 69.124 seconds.
􁁛  Test "Negative revenue handling" passed after 69.125 seconds.
􁁛  Test "Product defaults to quantity when both set" passed after 69.125 seconds.
􁁛  Test "Tornado diagram with low and high values" passed after 69.124 seconds.
􁁛  Test "Tornado diagram ranks inputs correctly" passed after 69.124 seconds.
􁁛  Test "Logistic distribution seeding produces deterministic results" passed after 69.124 seconds.
􁁛  Test "Standard logistic distribution (mean=0, stdDev=1)" passed after 69.124 seconds.
􁁛  Test "Chi-squared distribution right-skewed" passed after 69.126 seconds.
􁁛  Test "Model with conditionals - false branch" passed after 69.124 seconds.
􁁛  Test "Logistic distribution symmetry around mean" passed after 69.124 seconds.
􁁛  Test "Logistic distribution comparison with Normal" passed after 69.124 seconds.
􁁛  Test "Logistic distribution struct stores parameters" passed after 69.124 seconds.
􁁛  Test "Logistic distribution struct next() method" passed after 69.124 seconds.
􁁛  Test "Logistic distribution struct random() method" passed after 69.124 seconds.
􁁛  Test "Logistic distribution S-shaped CDF" passed after 69.124 seconds.
􁁛  Test "Logistic distribution with different parameters" passed after 69.124 seconds.
􁁛  Test "Tornado diagram with multiple inputs" passed after 69.124 seconds.
􁁛  Test "Tornado diagram preserves base case value" passed after 69.124 seconds.
􁁛  Test "Logistic distribution percentiles" passed after 69.124 seconds.
􁁛  Test "Anomaly severity classification" passed after 69.124 seconds.
􁁛  Test "Logistic distribution growth model use case" passed after 69.124 seconds.
􁁛  Test "Fixed cost calculation" passed after 69.125 seconds.
􁁛  Test "Logistic distribution function produces finite values" passed after 69.124 seconds.
􁁛  Test "Model with revenue and costs" passed after 69.125 seconds.
􁁛  Test "Logistic distribution median equals mean" passed after 69.124 seconds.
􁁛  Test "Anomaly has expected value" passed after 69.124 seconds.
􁁛  Test "No anomalies in normal data" passed after 69.124 seconds.
􁁛  Test "Logistic distribution heavier tails than Normal" passed after 69.124 seconds.
􁁛  Test "Constant data has no anomalies" passed after 69.124 seconds.
􁁛  Test "BFGS with Vector2D" passed after 69.125 seconds.
􁁛  Test "Overwriting with different type replaces value" passed after 69.124 seconds.
􁁛  Test "Product with price and customers" passed after 69.124 seconds.
􁁛  Test "Anomaly deviation score" passed after 69.124 seconds.
􁁛  Test "Mixed costs calculation" passed after 69.124 seconds.
􁁛  Test "Insufficient data for window" passed after 69.124 seconds.
􁁛  Test "Small window vs large window" passed after 69.124 seconds.
􁁛  Test "Logistic distribution range is unbounded" passed after 69.124 seconds.
􁁛  Test "Cache TimeSeries object" passed after 69.124 seconds.
􁁛  Test discountedMultiPeriod() passed after 69.135 seconds.
􁁛  Test "FCFE model with Float type" passed after 69.127 seconds.
􁁛  Test "Model with multiple cost sources" passed after 69.125 seconds.
􁁛  Test breakEvenWithinCapacity() passed after 69.124 seconds.
􁁛  Test "Gamma distribution statistical properties - mean = r/λ" passed after 69.124 seconds.
􁁛  Test "Gamma distribution struct random() method" passed after 69.124 seconds.
􁁛  Test profitIncreasesWithMoreUnitsProduced() passed after 69.124 seconds.
􁁛  Test "Detect anomalies with z-score" passed after 69.124 seconds.
􁁛  Test "Cache with custom TTL" passed after 69.124 seconds.
􁁛  Test "Cache eviction when full" passed after 69.124 seconds.
􁁛  Test "Gamma distribution right-skewed for small shape" passed after 69.124 seconds.
􁁛  Test "Gamma distribution waiting time application" passed after 69.124 seconds.
􁁛  Test unitCostMonotonicWithUtilization() passed after 69.124 seconds.
􁁛  Test "Clear cache" passed after 69.124 seconds.
􁁛  Test "Gamma distribution struct stores parameters" passed after 69.124 seconds.
􁁛  Test "Type safety - wrong type returns nil" passed after 69.124 seconds.
􁁛  Test "Gamma distribution different parameter combinations" passed after 69.124 seconds.
􁁛  Test "Gamma distribution variance = r/λ²" passed after 69.124 seconds.
􁁛  Test "Overwriting same key refreshes TTL" passed after 69.124 seconds.
􁁛  Test "Evict expired entries" passed after 69.126 seconds.
􁁛  Test "Gamma distribution as sum of exponentials" passed after 69.126 seconds.
􁁛  Test "Different threshold values" passed after 69.127 seconds.
􁁛  Test "Confidence" passed after 69.126 seconds.
􁁛  Test "ABTestPValue" passed after 69.126 seconds.
􁁛  Test overheadPerUnitDecreasesWithMoreProduction() passed after 69.126 seconds.
􁁛  Test "Gamma distribution seeding produces deterministic results" passed after 69.126 seconds.
􁁛  Test "SampleSizeCalculation" passed after 69.126 seconds.
􁁛  Test "Cache and retrieve value" passed after 69.127 seconds.
􁁛  Test "Risk parity produces valid risk metrics" passed after 69.126 seconds.
􁁛  Test "ConfidenceInterval" passed after 69.126 seconds.
􁁛  Test "ChiSquarePreparation" passed after 69.126 seconds.
􁁛  Test "Gamma distribution rate parameter effects" passed after 69.126 seconds.
􁁛  Test "TwoSampleTTest" passed after 69.126 seconds.
􁁛  Test "Logistic distribution with variance parameter" passed after 69.126 seconds.
􁁛  Test "Gamma distribution approaches Normal for large shape" passed after 69.127 seconds.
􁁛  Test "Risk parity allocates less to high vol assets" passed after 69.126 seconds.
􁁛  Test "withGrowth with uncertainty adds probabilistic variation" passed after 69.126 seconds.
􁁛  Test "Retrieve non-existent key returns nil" passed after 69.126 seconds.
􁁛  Test "TimeVaryingDriver produces different values for different periods" passed after 69.126 seconds.
􁁛  Test "Risk parity with single asset" passed after 69.126 seconds.
􁁛  Test "Gamma distribution function produces non-negative values" passed after 69.127 seconds.
􁁛  Test "Gamma distribution mode for r > 1" passed after 69.127 seconds.
􁁛  Test "Risk parity returns valid allocation" passed after 69.126 seconds.
􁁛  Test "Gamma distribution shape parameter effects" passed after 69.127 seconds.
􁁛  Test "TimeVaryingDriver projection shows different values per period" passed after 69.126 seconds.
􁁛  Test "TimeVaryingDriver with probabilistic time variation" passed after 69.126 seconds.
􁁛  Test "Product lifecycle model" passed after 69.126 seconds.
􁁛  Test "Coverage interval vs CI of the mean – semantics pin" passed after 69.126 seconds.
􁁛  Test "TimeVaryingDriver with deterministic time variation" passed after 69.127 seconds.
􁁛  Test "Gamma distribution with r=1 equals Exponential" passed after 69.126 seconds.
􁁛  Test "Inflation-adjusted costs" passed after 69.126 seconds.
􁁛  Test "withSeasonality with uncertainty" passed after 69.126 seconds.
􁁛  Test "withSeasonality creates quarterly patterns" passed after 69.126 seconds.
􁁛  Test "Single element sparse matrix" passed after 69.126 seconds.
􁁛  Test "Gamma distribution struct next() method" passed after 69.126 seconds.
􁁛  Test "OneSampleTTest" passed after 69.126 seconds.
􁁛  Test "TimeVaryingDriver can be combined with operators" passed after 69.126 seconds.
􁁛  Test "Risk parity with equal volatilities gives equal weights" passed after 69.126 seconds.
􁁛  Test "withGrowth creates driver with linear growth" passed after 69.126 seconds.
􁁛  Test "Zero threshold filters small values" passed after 69.126 seconds.
􁁛  Test "Create sparse matrix from dense" passed after 69.126 seconds.
􁁛  Test "Higher-vol asset receives less weight than lower-vol asset" passed after 69.126 seconds.
􁁛  Test "Create sparse matrix from triplets" passed after 69.126 seconds.
􁁛  Test "Extract submatrix" passed after 69.126 seconds.
􁁛  Test "TimeVaryingDriver Monte Carlo shows period-specific statistics" passed after 69.127 seconds.
􁁛  Test "Covariance" passed after 69.126 seconds.
􁁛  Test "Large sparse matrix (10,000×10,000 with 0.1% density)" passed after 69.126 seconds.
􁁛  Test "Sparse matrix-vector multiply matches dense" passed after 69.126 seconds.
􁁛  Test "Create empty sparse matrix" passed after 69.126 seconds.
􁁛  Test "CovarianceS" passed after 69.126 seconds.
􁁛  Test "Find minimum of parabola" passed after 69.126 seconds.
􁁛  Test "CorrelationCoefficient" passed after 69.126 seconds.
􁁛  Test "Identity matrix multiply returns same vector" passed after 69.126 seconds.
􁁛  Test "Transpose preserves structure" passed after 69.126 seconds.
􁁛  Test "Convergence within tolerance" passed after 69.126 seconds.
􁁛  Test "Sparsity correctly calculated" passed after 69.126 seconds.
􁁛  Test "Terminal node returns value" passed after 69.126 seconds.
􁁛  Test "Optimizer uses numerical derivatives correctly" passed after 69.126 seconds.
􁁛  Test "CG solver on 10×10 diagonal system" passed after 69.126 seconds.
􁁛  Test "Expansion option with zero time" passed after 69.126 seconds.
􁁛  Test "CovarianceP" passed after 69.126 seconds.
􁁛  Test "BiConjugate Gradient for general system" passed after 69.126 seconds.
􁁛  Test "Decision node chooses best outcome" passed after 69.126 seconds.
􁁛  Test "Calculate ROE correctly" passed after 69.126 seconds.
􁁛  Test "Expansion option adds value" passed after 69.125 seconds.
􁁛  Test "Optimization with bounds" passed after 69.126 seconds.
􁁛  Test "Very sparse matrix (0.1% density)" passed after 69.127 seconds.
􁁛  Test "Chance node calculates expected value" passed after 69.126 seconds.
􁁛  Test "Complex decision tree" passed after 69.126 seconds.
􁁛  Test "Empty decision node" passed after 69.126 seconds.
􁁛  Test "Compare EV bridge with direct FCFE valuation" passed after 69.125 seconds.
􁁛  Test "Find minimum of shifted parabola" passed after 69.126 seconds.
􁁛  Test "Calculate ROI correctly with investment" passed after 69.125 seconds.
􁁛  Test "EV to Equity - with non-operating assets" passed after 69.125 seconds.
􁁛  Test "Optimization with constraints" passed after 69.126 seconds.
􁁛  Test "Conjugate Gradient solver for SPD system" passed after 69.126 seconds.
􁁛  Test "Abandonment option more valuable with high volatility" passed after 69.126 seconds.
􁁛  Test "Calculate profit margin correctly" passed after 69.125 seconds.
􁁛  Test "Bridge with Float type" passed after 69.125 seconds.
􁁛  Test "EV to Equity - with preferred stock" passed after 69.125 seconds.
􁁛  Test "Maximum iterations reached" passed after 69.126 seconds.
􁁛  Test "Abandonment option adds value" passed after 69.126 seconds.
􁁛  Test "EV to Equity - with minority interest" passed after 69.125 seconds.
􁁛  Test "EV to Equity - simple case with net debt" passed after 69.125 seconds.
􁁛  Test "Component VaR sums to portfolio VaR" passed after 69.125 seconds.
􁁛  Test "Aggregate VaR with zero correlation" passed after 69.125 seconds.
􁁛  Test "Two entities with high correlation" passed after 69.125 seconds.
􁁛  Test "Round-trip: FCFF → EV → Equity → Per Share" passed after 69.125 seconds.
􁁛  Test "Aggregate VaR with negative correlation" passed after 69.125 seconds.
􁁛  Test "Calculate EV from FCFF - single period" passed after 69.125 seconds.
􁁛  Test "x" passed after 69.126 seconds.
􁁛  Test "Aggregate VaR with perfect correlation" passed after 69.125 seconds.
􁁛  Test "EV to Equity - comprehensive with all adjustments" passed after 69.125 seconds.
􁁛  Test "Single entity VaR aggregation" passed after 69.125 seconds.
􁁛  Test dioTurnoverIdentity() passed after 69.125 seconds.
􁁛  Test seasonalMultiplierFallbackIs1() passed after 69.125 seconds.
􁁛  Test "Expansion option with high volatility" passed after 69.125 seconds.
􁁛  Test "Sparse multiply performance advantage" passed after 69.127 seconds.
􁁛  Test multiPeriodProductionPlanning() passed after 69.142 seconds.
􁁛  Test "Aggregate VaR diversification benefit" passed after 69.125 seconds.
􁁛  Test "Marginal VaR proportional to individual risk" passed after 69.125 seconds.
􁁛  Test "Marginal VaR identifies risk contribution" passed after 69.125 seconds.
􁁛  Test "Debug simple binary problem" passed after 69.129 seconds.
􁁛  Test "MultivariateGradientDescent - All variants work via protocol" passed after 69.125 seconds.
􁁛  Test "Minimum allocation requirement" passed after 69.125 seconds.
􁁛  Test "Maximize value per dollar - efficiency optimization" passed after 69.125 seconds.
􁁛  Test "Excluded option cannot be selected" passed after 69.125 seconds.
􁁛  Test "Single option allocation" passed after 69.125 seconds.
􁁛  Test conservativeAllocation() passed after 69.148 seconds.
􁁛  Test "Multi-resource allocation - budget and headcount" passed after 69.125 seconds.
􁁛  Test "Simple budget allocation - 3 projects" passed after 69.125 seconds.
􁁛  Test "EV to Equity - with net cash (negative net debt)" passed after 69.126 seconds.
􁁛  Test "Empty options throws error" passed after 69.125 seconds.
􁁛  Test "Bridge breakdown - detailed waterfall" passed after 69.126 seconds.
􁁛  Test "Zero enterprise value" passed after 69.125 seconds.
􁁛  Test "No debt, no cash - pure EV = Equity" passed after 69.125 seconds.
􁁛  Test "Weighted objective - balance value and strategic importance" passed after 69.125 seconds.
􁁛  Test "Calculate EV from FCFF - multi-period" passed after 69.125 seconds.
􁁛  Test "SAFE conversion - post-money" passed after 69.125 seconds.
􁁛  Test robustVsNonRobustComparison() passed after 69.148 seconds.
􁁛  Test "Option pool - pre vs post timing impact" passed after 69.125 seconds.
􁁛  Test "Cap table with option pool" passed after 69.125 seconds.
􁁛  Test "Dependency constraint - if A then B" passed after 69.125 seconds.
􁁛  Test "Post-money valuation after round" passed after 69.125 seconds.
􁁛  Test "Component VaR with equal weights" passed after 69.125 seconds.
􁁛  Test "Down round - pay-to-play protection" passed after 69.125 seconds.
􁁛  Test "Employee option grant from pool" passed after 69.125 seconds.
􁁛  Test "Convertible note conversion - with cap" passed after 69.125 seconds.
􁁛  Test "Outstanding shares vs fully diluted" passed after 69.125 seconds.
􁁛  Test "Series A with option pool expansion" passed after 69.125 seconds.
􁁛  Test "Liquidation preference - 1x participating" passed after 69.125 seconds.
􁁛  Test "Pre-money valuation calculation" passed after 69.125 seconds.
􁁛  Test "SAFE vs Convertible Note" passed after 69.125 seconds.
􁁛  Test "Liquidation preference - 2x preference" passed after 69.125 seconds.
􁁛  Test "Component VaR equals marginal times weight" passed after 69.126 seconds.
􁁛  Test "Option pool dilution - post-round timing" passed after 69.125 seconds.
􁁛  Test "Anti-dilution - weighted average" passed after 69.125 seconds.
􁁛  Test "Cap table - multiple founders" passed after 69.125 seconds.
􁁛  Test "Option pool dilution - pre-round timing" passed after 69.125 seconds.
􁁛  Test "Fully diluted share count" passed after 69.125 seconds.
􁁛  Test "Value per share calculation" passed after 69.125 seconds.
􁁛  Test "AdaptiveOptimizer.Result provides formatted output" passed after 69.125 seconds.
􁁛  Test "Price per share calculation" passed after 69.125 seconds.
􁁛  Test "WACC with no debt - equals cost of equity" passed after 69.125 seconds.
􁁛  Test "Anti-dilution - full ratchet" passed after 69.125 seconds.
􁁛  Test "Liquidation preference - 1x non-participating" passed after 69.125 seconds.
􁁛  Test "WACC tax shield benefit" passed after 69.125 seconds.
􁁛  Test "OptimizationResult can use raw formatter" passed after 69.125 seconds.
􁁛  Test "Vesting schedule - 4 year with 1 year cliff" passed after 69.126 seconds.
􁁛  Test "CAPM with beta = 1 equals market return" passed after 69.125 seconds.
􁁛  Test "Empty dataset should throw" passed after 69.125 seconds.
􁁛  Test "Tech company - low debt structure" passed after 69.125 seconds.
􁁛  Test "VectorN supports custom formatter" passed after 69.125 seconds.
􁁛  Test "VectorN provides formatted output" passed after 69.125 seconds.
􁁛  Test "Unlever beta - remove financial leverage" passed after 69.125 seconds.
􁁛  Test "Equity component of WACC" passed after 69.125 seconds.
􁁛  Test "Production scheduling example with formatted output" passed after 69.125 seconds.
􁁛  Test "CapitalStructure computed properties" passed after 69.125 seconds.
􁁛  Test "409A valuation - common stock" passed after 69.125 seconds.
􁁛  Test "Convertible note - cap vs discount" passed after 69.126 seconds.
􁁛  Test "Adjust to target capital structure" passed after 69.125 seconds.
􁁛  Test "M&M Proposition I - with taxes" passed after 69.125 seconds.
􁁛  Test "Validate positive constraint passes" passed after 69.125 seconds.
􁁛  Test "Multiple financing rounds" passed after 69.126 seconds.
􁁛  Test "WACC using market values" passed after 69.125 seconds.
􁁛  Test "Series A - basic dilution" passed after 69.125 seconds.
􁁛  Test "CAPM with low beta - dampened returns" passed after 69.125 seconds.
􁁛  Test "Basic trace captures errors" passed after 69.125 seconds.
􁁛  Test "OptimizationResult respects custom formatter" passed after 69.125 seconds.
􁁛  Test "Trace with NaN result" passed after 69.125 seconds.
􁁛  Test "Lever then unlever beta - round trip" passed after 69.125 seconds.
􁁛  Test "Bond price at par - coupon rate = yield" passed after 69.125 seconds.
􁁛  Test "Current yield calculation" passed after 69.125 seconds.
􁁛  Test "Basic calculation trace captures result" passed after 69.125 seconds.
􁁛  Test "Utility company - high debt structure" passed after 69.125 seconds.
􁁛  Test "Macaulay duration calculation" passed after 69.125 seconds.
􁁛  Test "Bond price with quarterly coupons" passed after 69.125 seconds.
􁁛  Test "Real-time tracing captures model calculations" passed after 69.125 seconds.
􁁛  Test "CAPM with high beta - amplified returns" passed after 69.125 seconds.
􁁛  Test "Validate multiple constraints with failures" passed after 69.125 seconds.
􁁛  Test "CAPM basic calculation" passed after 69.125 seconds.
􁁛  Test "Bond price at discount - yield > coupon rate" passed after 69.125 seconds.
􁁛  Test "Explain percentage difference" passed after 69.125 seconds.
􁁛  Test "After-tax cost of debt with zero tax" passed after 69.125 seconds.
􁁛  Test "Optimal capital structure - minimize WACC" passed after 69.125 seconds.
􁁛  Test "Compare two capital structures" passed after 69.125 seconds.
􁁛  Test "Validate non-negative constraint" passed after 69.125 seconds.
􁁛  Test "Bond price at premium - yield < coupon rate" passed after 69.125 seconds.
􁁛  Test "OptimizationResult provides formatted output" passed after 69.125 seconds.
􁁛  Test "WACC basic calculation" passed after 69.125 seconds.
􁁛  Test "Validate with NaN" passed after 69.125 seconds.
􁁛  Test "Cap table creation - single founder" passed after 69.125 seconds.
􁁛  Test "Detailed trace with no dependencies" passed after 69.125 seconds.
􁁛  Test "Valuation per share" passed after 69.125 seconds.
􁁛  Test "M&M Proposition I - no taxes" passed after 69.125 seconds.
􁁛  Test "Lever beta - add financial leverage" passed after 69.125 seconds.
􁁛  Test "Debt component of WACC" passed after 69.125 seconds.
􁁛  Test "Longer maturity → higher duration" passed after 69.125 seconds.
􁁛  Test "IntegerProgramResult properly rounds integers" passed after 69.125 seconds.
􁁛  Test "Validate positive constraint fails" passed after 69.125 seconds.
􁁛  Test "IntegerProgramResult handles binary variables" passed after 69.125 seconds.
􁁛  Test "Unlever beta with no debt equals levered beta" passed after 69.125 seconds.
􁁛  Test "CapitalStructure debt-to-equity ratio" passed after 69.125 seconds.
􁁛  Test "Complete diagnostic workflow" passed after 69.125 seconds.
􁁛  Test "CAPM with beta = 0 equals risk-free rate" passed after 69.125 seconds.
􁁛  Test "Validate multiple constraints" passed after 69.125 seconds.
􁁛  Test "Round-trip: Price → YTM → Price" passed after 69.125 seconds.
􁁛  Test "Duration as price sensitivity" passed after 69.125 seconds.
􁁛  Test "Validate max value constraint" passed after 69.125 seconds.
􁁛  Test "Modified duration calculation" passed after 69.125 seconds.
􁁛  Test "Convexity calculation" passed after 69.124 seconds.
􁁛  Test "WACC with high leverage" passed after 69.125 seconds.
􁁛  Test "Explain zero expected value" passed after 69.125 seconds.
􁁛  Test "Validate range constraint" passed after 69.124 seconds.
􁁛  Test "Bond with Float type" passed after 69.125 seconds.
􁁛  Test "YTM calculation - bond at par" passed after 69.124 seconds.
􁁛  Test "Default scenarios include common keys" passed after 69.124 seconds.
􁁛  Test "After-tax cost of debt" passed after 69.124 seconds.
􁁛  Test "Detailed trace captures complex calculations" passed after 69.124 seconds.
􁁛  Test "Validate finite constraint" passed after 69.124 seconds.
􁁛  Test "Very small tolerance" passed after 69.125 seconds.
􁁛  Test "Worst and best ScenarioResults identified by impact" passed after 69.124 seconds.
􁁛  Test "YTM calculation - bond at premium" passed after 69.124 seconds.
􁁛  Test "Short maturity bond (1 year)" passed after 69.124 seconds.
􁁛  Test "Zero coupon bond approximation" passed after 69.125 seconds.
􁁛  Test "Trace with infinity result" passed after 69.124 seconds.
􁁛  Test "Bond price between coupon payments" passed after 69.124 seconds.
􁁛  Test "Diagnose NaN values" passed after 69.124 seconds.
􁁛  Test "Debugger is sendable and thread-safe" passed after 69.124 seconds.
􁁛  Test "Diagnose outside tolerance" passed after 69.124 seconds.
􁁛  Test "Diagnose exact match" passed after 69.124 seconds.
􁁛  Test "Explain difference provides reasons" passed after 69.124 seconds.
􁁛  Test "Detailed trace captures dependencies" passed after 69.124 seconds.
􁁛  Test "Default scenarios have unique names" passed after 69.125 seconds.
􁁛  Test "Diagnose includes suggestions" passed after 69.124 seconds.
􁁛  Test "Long maturity bond (30 years)" passed after 69.125 seconds.
􁁛  Test "Permutation calculation" passed after 69.124 seconds.
􁁛  Test "ATM call price matches known value" passed after 69.124 seconds.
􁁛  Test "Combination calculation" passed after 69.124 seconds.
􁁛  Test "Covariance matrix is symmetric" passed after 69.124 seconds.
􁁛  Test "Higher coupon → higher price (same yield)" passed after 69.125 seconds.
􁁛  Test "Portfolio risk is positive" passed after 69.124 seconds.
􁁛  Test "Diagnose infinity values" passed after 69.124 seconds.
􁁛  Test "Explain exact match" passed after 69.125 seconds.
􁁛  Test "Efficient frontier returns multiple portfolios" passed after 69.124 seconds.
􁁛  Test "Sharpe ratio calculation" passed after 69.124 seconds.
􁁛  Test "Efficient frontier portfolios have increasing return" passed after 69.124 seconds.
􁁛  Test "Optimize portfolio returns valid allocation" passed after 69.124 seconds.
􁁛  Test worstCasePortfolioWithBoxUncertainty() passed after 69.151 seconds.
􁁛  Test "Bond price with annual coupons" passed after 69.124 seconds.
􁁛  Test "Very large tolerance" passed after 69.125 seconds.
􁁛  Test "Two asset portfolio can allocate to both" passed after 69.124 seconds.
􁁛  Test "Finite-difference Greeks roughly match closed-form" passed after 69.124 seconds.
􁁛  Test "Calculate expected returns" passed after 69.124 seconds.
􁁛  Test "YTM calculation - bond at discount" passed after 69.124 seconds.
􁁛  Test "Survival probability decreases over time" passed after 69.124 seconds.
􁁛  Test "Default probability calculation" passed after 69.124 seconds.
􁁛  Test "Default probability increases over time" passed after 69.124 seconds.
􁁛  Test "Handle flat spread curve" passed after 69.124 seconds.
􁁛  Test "Handle single tenor bootstrapping" passed after 69.124 seconds.
􁁛  Test "Portfolio return with equal weights" passed after 69.124 seconds.
􁁛  Test "Factorial function and extension" passed after 69.124 seconds.
􁁛  Test "Optimal portfolio has higher Sharpe than equal weights" passed after 69.125 seconds.
􁁛  Test "Bootstrapped curve reproduces market CDS quotes" passed after 69.124 seconds.
􁁛  Test "Calculate forward hazard rate" passed after 69.124 seconds.
􁁛  Test "Forward hazard with increasing spreads should increase" passed after 69.124 seconds.
􁁛  Test "Convexity improves duration approximation" passed after 69.125 seconds.
􁁛  Test "Upward sloping spread curve implies increasing hazard rates" passed after 69.124 seconds.
􁁛  Test "Validate min value constraint" passed after 69.124 seconds.
􁁛  Test "Calculate CDS spread from credit curve" passed after 69.124 seconds.
􁁛  Test "Diagnose within tolerance" passed after 69.125 seconds.
􁁛  Test "Greater than constraint" passed after 69.124 seconds.
􁁛  Test "Equal to constraint with tolerance" passed after 69.124 seconds.
􁁛  Test "Single asset portfolio" passed after 69.125 seconds.
􁁛  Test "Portfolio risk decreases with diversification" passed after 69.125 seconds.
􁁛  Test "Bootstrap hazard rate curve from CDS quotes" passed after 69.124 seconds.
􁁛  Test "filterValues can return empty series" passed after 69.124 seconds.
􁁛  Test "Bootstrap and price new CDS contract" passed after 69.124 seconds.
􁁛  Test "fillForward with no initial value leaves gaps" passed after 69.124 seconds.
􁁛  Test "filterValues keeps matching values" passed after 69.124 seconds.
􁁛  Test "Survival probability at time 0 is 1.0" passed after 69.124 seconds.
􁁛  Test "Iteration history tracks progress" passed after 69.124 seconds.
􁁛  Test "Correlation matrix diagonal is 1.0" passed after 69.125 seconds.
􁁛  Test "Less than constraint - satisfied" passed after 69.124 seconds.
􁁛  Test "Optimization result structure" passed after 69.124 seconds.
􁁛  Test "fillBackward propagates next known value" passed after 69.124 seconds.
􁁛  Test "Constraint with custom function" passed after 69.124 seconds.
􁁛  Test "map preserves periods and metadata" passed after 69.124 seconds.
􁁛  Test "interpolate fills gaps with linear interpolation" passed after 69.124 seconds.
􁁛  Test "interpolate with no endpoints leaves gaps" passed after 69.124 seconds.
􁁛  Test "map transforms all values" passed after 69.124 seconds.
􁁛  Test "aggregate preserves metadata" passed after 69.124 seconds.
􁁛  Test "aggregate using max method" passed after 69.124 seconds.
􁁛  Test "zip handles misaligned periods by keeping intersection" passed after 69.124 seconds.
􁁛  Test "Optimization result description" passed after 69.124 seconds.
􁁛  Test "zip with empty series returns empty" passed after 69.124 seconds.
􁁛  Test "filterValues preserves metadata" passed after 69.124 seconds.
􁁛  Test "fillMissing replaces gaps with constant" passed after 69.124 seconds.
􁁛  Test "mapValues on empty series returns empty" passed after 69.124 seconds.
􁁛  Test "Optimizer respects bounds" passed after 69.124 seconds.
􁁛  Test "Solvency: interest coverage equals EBIT/Interest, Q1" passed after 69.124 seconds.
􁁛  Test "aggregate monthly to quarterly using average" passed after 69.124 seconds.
􁁛  Test "aggregate using first method" passed after 69.125 seconds.
􁁛  Test "aggregate monthly to annual" passed after 69.124 seconds.
􁁛  Test "Diagnose with context" passed after 69.124 seconds.
􁁛  Test "Returned metrics have no NaN or Infinity values for present keys" passed after 69.124 seconds.
􁁛  Test "Correlation bounds and linear relationships" passed after 69.124 seconds.
􁁛  Test "Daily period has 1 day" passed after 69.124 seconds.
􁁛  Test "zip combines two time series with matching periods" passed after 69.124 seconds.
􁁛  Test "fillForward propagates last known value" passed after 69.124 seconds.
􁁛  Test "Constant data confidence intervals collapse to a point" passed after 69.124 seconds.
􁁛  Test "Covariance symmetry and constants" passed after 69.124 seconds.
􁁛  Test "Mismatched periods: functions operate on intersection" passed after 69.124 seconds.
􁁛  Test "Sample vs population covariance relationship" passed after 69.124 seconds.
􁁛  Test "Convert handles fractional results with precision" passed after 69.124 seconds.
􁁛  Test "Period types have readable string descriptions" passed after 69.124 seconds.
􁁛  Test "Window of 1 is naive last-value forecast" passed after 69.124 seconds.
􁁛  Test "Piotroski alias: score bounded and components within [0,1]" passed after 69.124 seconds.
􁁛  Test "Same period types are equal" passed after 69.124 seconds.
􁁛  Test "Forecast periods are contiguous with monthly training series" passed after 69.124 seconds.
􁁛  Test "aggregate using last method" passed after 69.124 seconds.
􁁛  Test "Different period types are not equal" passed after 69.124 seconds.
􁁛  Test "Period types are ordered correctly: daily < monthly" passed after 69.124 seconds.
􁁛  Test "Period types have correct string raw values" passed after 69.124 seconds.
􁁛  Test "aggregate using min method" passed after 69.124 seconds.
􁁛  Test "aggregate monthly to quarterly using sum" passed after 69.124 seconds.
􁁛  Test "Profitability: gross and net margin exact Q1 values; both periods present" passed after 69.124 seconds.
􁁛  Test "Monthly period is 1 month" passed after 69.124 seconds.
􁁛  Test "Convert quarterly to other periods" passed after 69.124 seconds.
􁁛  Test "Quarterly period has 91.3125 days" passed after 69.124 seconds.
􁁛  Test "Valuation ratios: P/E, P/S, P/B exact Q1 values" passed after 69.124 seconds.
􁁛  Test "Calculate survival probability at intermediate tenor" passed after 69.126 seconds.
􁁛  Test "Period types can be created from string raw values" passed after 69.123 seconds.
􁁛  Test "Annual period is 12 months" passed after 69.123 seconds.
􁁛  Test "Convert same period type returns same value" passed after 69.124 seconds.
􁁛  Test "Quarterly period is 3 months" passed after 69.123 seconds.
􁁛  Test "Annual period has 365.25 days" passed after 69.123 seconds.
􁁛  Test "Liquidity ratios: exact Q1 values" passed after 69.124 seconds.
􁁛  Test "Monthly period has 30.4375 days" passed after 69.123 seconds.
􁁛  Test "Convert annual to other periods" passed after 69.123 seconds.
􁁛  Test "Optimized TimeSeries CSV export is content-equivalent" passed after 69.124 seconds.
􁁛  Test "Convert zero periods returns zero" passed after 69.124 seconds.
􁁛  Test "Real-world scenario: oil production over 31-day month" passed after 69.123 seconds.
􁁛  Test "Daily period is approximately 0.0329 months" passed after 69.123 seconds.
􁁛  Test "Period type can be encoded to JSON" passed after 69.123 seconds.
􁁛  Test "Period type can be decoded from JSON" passed after 69.123 seconds.
􁁛  Test "All period types can be round-trip encoded and decoded" passed after 69.123 seconds.
􁁛  Test "Period types are ordered correctly: quarterly < annual" passed after 69.123 seconds.
􁁛  Test "Convert daily to other periods" passed after 69.123 seconds.
􁁛  Test "All cases can be iterated" passed after 69.123 seconds.
􁁛  Test "Period types are ordered correctly: monthly < quarterly" passed after 69.123 seconds.
􁁛  Test "Period types can be sorted" passed after 69.123 seconds.
􁁛  Test "Pareto distribution with low shape (high inequality)" passed after 69.123 seconds.
􁁛  Test "Pareto distribution heavy tail property" passed after 69.123 seconds.
􁁛  Test "Pareto distribution mean for shape > 1" passed after 69.123 seconds.
􁁛  Test "Pareto distribution struct random() method" passed after 69.123 seconds.
􁁛  Test "Convert large numbers maintains precision" passed after 69.123 seconds.
􁁛  Test "JSON export is valid JSON" passed after 69.124 seconds.
􁁛  Test "Convert monthly to other periods" passed after 69.124 seconds.
􁁛  Test "Optimized CSV export is content-equivalent" passed after 69.124 seconds.
􁁛  Test "Pareto distribution different scale parameters" passed after 69.123 seconds.
􁁛  Test "Multiplicative decomposition splits components" passed after 69.123 seconds.
􁁛  Test "Calculate quarterly seasonal indices" passed after 69.123 seconds.
􁁛  Test "Pareto distribution function statistical properties - shape=3" passed after 69.123 seconds.
􁁛  Test "Apply and remove seasonal are inverse operations" passed after 69.123 seconds.
􁁛  Test "Seasonally adjust removes variance" passed after 69.123 seconds.
􁁛  Test "Calculate monthly seasonal indices" passed after 69.123 seconds.
􁁛  Test "Pareto distribution median" passed after 69.123 seconds.
􁁛  Test "All period types are defined" passed after 69.123 seconds.
􁁛  Test "Seasonal indices with partial trailing year are stable" passed after 69.123 seconds.
􁁛  Test "Additive decomposition splits components" passed after 69.123 seconds.
􁁛  Test "Decomposition preserves time series metadata" passed after 69.123 seconds.
􁁛  Test "Less than constraint - not satisfied" passed after 69.123 seconds.
􁁛  Test "Seasonal indices are scale invariant" passed after 69.123 seconds.
􁁛  Test "Pareto distribution struct stores parameters" passed after 69.123 seconds.
􁁛  Test "Predict zero periods returns empty forecast" passed after 69.123 seconds.
􁁛  Test "Seasonally adjust with mismatched indices throws error" passed after 69.123 seconds.
􁁛  Test "Seasonal indices with insufficient data throws error" passed after 69.123 seconds.
􁁛  Test "Pareto distribution function produces values >= scale" passed after 69.123 seconds.
􁁛  Test "Decoding invalid JSON fails gracefully" passed after 69.123 seconds.
􁁛  Test "Flat data produces flat seasonal indices" passed after 69.123 seconds.
􁁛  Test "R^2 equals squared correlation for simple linear regression" passed after 69.122 seconds.
􁁛  Test "Decomposition with insufficient data throws error" passed after 69.123 seconds.
􁁛  Test "Regression line passes through (meanX, meanY)" passed after 69.122 seconds.
􁁛  Test "Seasonally adjust quarterly data" passed after 69.123 seconds.
􁁛  Test "Apply seasonal pattern to trend" passed after 69.122 seconds.
􁁛  Test "Decomposition with different periods per year" passed after 69.123 seconds.
􁁛  Test "Pareto distribution struct next() method" passed after 69.123 seconds.
􁁛  Test "Seasonal indices average to 1.0 for multiplicative" passed after 69.122 seconds.
􁁛  Test "Exponential distribution right-skewed property" passed after 69.122 seconds.
􁁛  Test "linearRegression function matches slope/intercept" passed after 69.123 seconds.
􁁛  Test "Exponential moment generating function" passed after 69.122 seconds.
􁁛  Test "Handle network error" passed after 69.122 seconds.
􁁛  Test "Exponential distribution rate parameter effects" passed after 69.122 seconds.
􁁛  Test "Fetch metrics returns dictionary" passed after 69.122 seconds.
􁁛  Test "Percentiles initialization from sorted data" passed after 69.122 seconds.
􁁛  Test "Pareto distribution with shape=1.5 (80/20 rule)" passed after 69.123 seconds.
􁁛  Test "Handle rate limiting" passed after 69.122 seconds.
􁁛  Test "Exponential distribution seeding produces deterministic results" passed after 69.122 seconds.
􁁛  Test "Yahoo Finance CSV parsing" passed after 69.122 seconds.
􁁛  Test "Exponential distribution struct stores rate parameter" passed after 69.122 seconds.
􁁛  Test "HTTP non-200 status yields error" passed after 69.122 seconds.
􁁛  Test "Fetch stock price returns time series" passed after 69.122 seconds.
􁁛  Test "Exponential distribution function produces non-negative values" passed after 69.122 seconds.
􁁛  Test "Pareto distribution with high shape (less inequality)" passed after 69.123 seconds.
􁁛  Test "Ice cream sales with summer seasonality" passed after 69.123 seconds.
􁁛  Test "Exponential distribution with λ=1" passed after 69.122 seconds.
􁁛  Test "Exponential distribution struct next() method" passed after 69.122 seconds.
􁁛  Test "Exponential distribution memoryless property reiterated" passed after 69.122 seconds.
􁁛  Test "multiplyVectors throws on length mismatch" passed after 69.122 seconds.
􁁛  Test "SaaS revenue with end-of-quarter spikes" passed after 69.122 seconds.
􁁛  Test "Fetch financials returns data" passed after 69.122 seconds.
􁁛  Test "Exponential distribution median" passed after 69.122 seconds.
􁁛  Test "Exponential distribution memoryless property" passed after 69.122 seconds.
􁁛  Test "Exponential parameter validation" passed after 69.123 seconds.
􁁛  Test "Exponential order statistics" passed after 69.122 seconds.
􁁛  Test "Exponential distribution 50th and 90th percentiles" passed after 69.122 seconds.
􁁛  Test "GeometricMean" passed after 69.122 seconds.
􁁛  Test "Exponential relationship to other distributions" passed after 69.122 seconds.
􁁛  Test "ExponentialDistribution" passed after 69.122 seconds.
􁁛  Test "Factorial" passed after 69.122 seconds.
􁁛  Test "HypergeometricProbability" passed after 69.122 seconds.
􁁛  Test "DataTable" passed after 69.122 seconds.
􁁛  Test "HarmonicMean" passed after 69.122 seconds.
􁁛  Test "Permutations" passed after 69.122 seconds.
􁁛  Test "WeightedAverage" passed after 69.122 seconds.
􁁛  Test "Exponential distribution statistical properties - mean = 1/λ" passed after 69.122 seconds.
􁁛  Test "GoalSeek" passed after 69.122 seconds.
􁁛  Test "LogNormalDistribution" passed after 69.122 seconds.
􁁛  Test "Exponential distribution CDF approximation" passed after 69.122 seconds.
􁁛  Test "Yahoo Finance URL construction" passed after 69.122 seconds.
􁁛  Test "Exponential distribution with different rates" passed after 69.122 seconds.
􁁛  Test "Credit spread increases with higher leverage" passed after 69.121 seconds.
􁁛  Test "Credit spread increases with asset volatility" passed after 69.121 seconds.
􁁛  Test "Minimum of exponential random variables" passed after 69.122 seconds.
􁁛  Test "Calibrated model has reasonable asset volatility" passed after 69.122 seconds.
􁁛  Test "Exponential constant hazard rate" passed after 69.123 seconds.
􁁛  Test "PoissonProbability" passed after 69.121 seconds.
􁁛  Test "BinomialProbability" passed after 69.121 seconds.
􁁛  Test "Exponential distribution extreme values are rare" passed after 69.123 seconds.
􁁛  Test "Beta distribution extreme parameter values" passed after 69.121 seconds.
􁁛  Test "Calculate default probability" passed after 69.121 seconds.
􁁛  Test "Combinations" passed after 69.122 seconds.
􁁛  Test "Equity value decreases with higher leverage" passed after 69.122 seconds.
􁁛  Test "Calculate distance to default" passed after 69.121 seconds.
􁁛  Test "Beta distribution with large alpha and beta" passed after 69.121 seconds.
􁁛  Test "Distance to default and default probability are inversely related" passed after 69.121 seconds.
􁁛  Test "Equity value calculated as call option on assets" passed after 69.122 seconds.
􁁛  Test "Beta distribution function produces values in [0, 1]" passed after 69.121 seconds.
􁁛  Test "Beta distribution struct random() method" passed after 69.121 seconds.
􁁛  Test "Equity value increases with asset volatility" passed after 69.122 seconds.
􁁛  Test "Calibrate Merton model from equity market data" passed after 69.121 seconds.
􁁛  Test "Exponential distribution stress test" passed after 69.122 seconds.
􁁛  Test stochasticVsRobustComparison() passed after 69.156 seconds.
􁁛  Test "Calculate credit spread from Merton model" passed after 69.121 seconds.
􁁛  Test "Initialize Merton Model with standard parameters" passed after 69.122 seconds.
􁁛  Test "rSquared is within [0, 1]" passed after 69.122 seconds.
􁁛  Test "Exponential distribution struct random() method" passed after 69.122 seconds.
􁁛  Test "Two-way sensitivity analysis with two inputs" passed after 69.121 seconds.
􁁛  Test "Sensitivity analysis with different output metrics" passed after 69.121 seconds.
􁁛  Test "Retail sales with holiday seasonality" passed after 69.121 seconds.
􁁛  Test "Debt value calculated as risk-free debt minus put option" passed after 69.121 seconds.
􁁛  Test "Sensitivity analysis with narrow range" passed after 69.121 seconds.
􁁛  Test "Beta distribution function statistical properties" passed after 69.121 seconds.
􁁛  Test "Default probability increases with higher leverage" passed after 69.122 seconds.
􁁛  Test "One-way sensitivity analysis with single input" passed after 69.121 seconds.
􁁛  Test "Sensitivity analysis finds base case in results" passed after 69.121 seconds.
􁁛  Test "Beta distribution with small alpha and beta" passed after 69.122 seconds.
􁁛  Test "Beta distribution independence" passed after 69.121 seconds.
􁁛  Test "Beta distribution symmetric case" passed after 69.122 seconds.
􁁛  Test "Resource utilization optimization" passed after 69.121 seconds.
􁁛  Test "Beta distribution struct next() method" passed after 69.121 seconds.
􁁛  Test "Very limited capacity resources" passed after 69.121 seconds.
􁁛  Test "Capital budgeting - 5 projects with multiple constraints" passed after 69.134 seconds.
􁁛  Test "Asset value equals equity plus debt" passed after 69.122 seconds.
􁁛  Test "Beta distribution variance properties" passed after 69.121 seconds.
􁁛  Test "Distance to default decreases with higher leverage" passed after 69.121 seconds.
􁁛  Test "Minimum production requirement" passed after 69.121 seconds.
􁁛  Test "Beta distribution uniform case (alpha = beta = 1)" passed after 69.121 seconds.
􁁛  Test "Required option must be selected" passed after 69.134 seconds.
􁁛  Test "Beta distribution skewed right (alpha > beta)" passed after 69.121 seconds.
􁁛  Test "Two-way sensitivity creates proper grid" passed after 69.121 seconds.
􁁛  Test "Beta distribution skewed left (alpha < beta)" passed after 69.121 seconds.
􁁛  Test "Weibull distribution function produces non-negative values" passed after 69.121 seconds.
􁁛  Test "Weibull distribution with shape = 2 (Rayleigh-like)" passed after 69.121 seconds.
􁁛  Test "Empty products throws error" passed after 69.121 seconds.
􁁛  Test "Weibull distribution exponential case (shape = 1)" passed after 69.121 seconds.
􁁛  Test "Weibull distribution with shape > 1 (increasing failure rate)" passed after 69.121 seconds.
􁁛  Test "Fixed demand constraint" passed after 69.121 seconds.
􁁛  Test "Weibull distribution struct next() method" passed after 69.121 seconds.
􁁛  Test "Two products competing for same resource" passed after 69.121 seconds.
􁁛  Test "Weibull distribution function statistical properties" passed after 69.121 seconds.
􁁛  Test "Weibull distribution with large scale parameter" passed after 69.121 seconds.
􁁛  Test "Apple fiscal calendar: calendar Q1 is fiscal Q2" passed after 69.121 seconds.
􁁛  Test "Single product with capacity constraint" passed after 69.121 seconds.
􁁛  Test "Weibull distribution with small scale parameter" passed after 69.121 seconds.
􁁛  Test "Weibull distribution with large shape parameter" passed after 69.121 seconds.
􁁛  Test "FiscalCalendar can be encoded to JSON" passed after 69.121 seconds.
􁁛  Test "Minimize costs objective" passed after 69.121 seconds.
􁁛  Test "Standard calendar: quarterly periods" passed after 69.121 seconds.
􁁛  Test "Apple fiscal year: January is in next fiscal year" passed after 69.121 seconds.
􁁛  Test "Apple fiscal year: October starts new fiscal year" passed after 69.121 seconds.
􁁛  Test "Apple fiscal calendar: Q3 is April-June" passed after 69.121 seconds.
􁁛  Test "Weibull distribution with shape < 1 (decreasing failure rate)" passed after 69.121 seconds.
􁁛  Test "Weibull distribution struct random() method" passed after 69.121 seconds.
􁁛  Test "Daily periods map to correct fiscal month" passed after 69.121 seconds.
􁁛  Test "Apple fiscal calendar creation" passed after 69.121 seconds.
􁁛  Test "Migration from v1 to v3" passed after 69.120 seconds.
􁁛  Test "Leap year February 29 handling" passed after 69.121 seconds.
􁁛  Test "MonthDay can be created with valid values" passed after 69.120 seconds.
􁁛  Test "No migration needed - same version" passed after 69.120 seconds.
􁁛  Test "FiscalCalendars with different year-ends are not equal" passed after 69.120 seconds.
􁁛  Test "Apple fiscal calendar: calendar January is fiscal period 4" passed after 69.121 seconds.
􁁛  Test "FiscalCalendar round-trip encoding" passed after 69.121 seconds.
􁁛  Test "Missing migration path throws error" passed after 69.120 seconds.
􁁛  Test "Migration chain with data transformation" passed after 69.120 seconds.
􁁛  Test "FiscalCalendars with same year-end are equal" passed after 69.121 seconds.
􁁛  Test "Standard calendar: Q4 is October-December" passed after 69.120 seconds.
􁁛  Test "Multiple migrations in sequence" passed after 69.120 seconds.
􁁛  Test "Year-end boundary: day after year-end" passed after 69.120 seconds.
􁁛  Test "June 30 fiscal year-end (Australian government)" passed after 69.120 seconds.
􁁛  Test "March 31 fiscal year-end (UK government)" passed after 69.120 seconds.
􁁛  Test "One-way sensitivity with more granular steps" passed after 69.121 seconds.
􁁛  Test "Migration throws error on invalid data" passed after 69.120 seconds.
􁁛  Test "Demand range constraint" passed after 69.121 seconds.
􁁛  Test "Standard calendar: December is in same fiscal year" passed after 69.120 seconds.
􁁛  Test "Single migration" passed after 69.120 seconds.
􁁛  Test "MonthDay June 30" passed after 69.120 seconds.
􁁛  Test "Standard calendar: period in fiscal year matches calendar period" passed after 69.120 seconds.
􁁛  Test "Standard calendar: Q1 is January-March" passed after 69.120 seconds.
􁁛  Test "MonthDay February 28" passed after 69.120 seconds.
􁁛  Test "Standard calendar: Q2 is April-June" passed after 69.120 seconds.
􁁛  Test "Apple fiscal calendar: September is fiscal month 12" passed after 69.120 seconds.
􁁛  Test "Apple fiscal calendar: Q4 is July-September" passed after 69.120 seconds.
􁁛  Test "Apple fiscal year: September is in current calendar year's fiscal year" passed after 69.120 seconds.
􁁛  Test "Apple fiscal calendar: Q1 is October-December" passed after 69.120 seconds.
􁁛  Test "Apple fiscal calendar: January is fiscal month 4" passed after 69.120 seconds.
􁁛  Test "Standard calendar has December 31 year-end" passed after 69.120 seconds.
􁁛  Test "Sensitivity analysis with single step" passed after 69.120 seconds.
􁁛  Test "FiscalCalendar can be decoded from JSON" passed after 69.120 seconds.
􁁛  Test "LogNormal distribution with different parameters" passed after 69.120 seconds.
􁁛  Test "Standard LogNormal distribution (mean=0, stdDev=1)" passed after 69.120 seconds.
􁁛  Test "LogNormal distribution percentiles" passed after 69.120 seconds.
􁁛  Test "LogNormal distribution extreme values" passed after 69.120 seconds.
􁁛  Test "LogNormal distribution seeding produces deterministic results" passed after 69.120 seconds.
􁁛  Test "Apple fiscal calendar: Q2 is January-March" passed after 69.120 seconds.
􁁛  Test "Year-end boundary: exact year-end date" passed after 69.120 seconds.
􁁛  Test "Maximize revenue objective" passed after 69.122 seconds.
􁁛  Test "LogNormal distribution median formula" passed after 69.120 seconds.
􁁛  Test "Standard calendar: fiscal month equals calendar month" passed after 69.120 seconds.
􁁛  Test "Apple fiscal calendar: calendar October is fiscal period 1" passed after 69.120 seconds.
􁁛  Test "Apple fiscal calendar: October is fiscal month 1" passed after 69.120 seconds.
􁁛  Test "LogNormal distribution right-skewed property" passed after 69.120 seconds.
􁁛  Test "LogNormal distribution struct random() method" passed after 69.120 seconds.
􁁛  Test "Tax Rate has zero impact when output metric is pre-tax net income" passed after 69.120 seconds.
􁁛  Test "Detailed report includes scenario name and counts" passed after 69.120 seconds.
􁁛  Test "Custom rule failing integrates into report" passed after 69.120 seconds.
􁁛  Test "LogNormal distribution function produces positive values" passed after 69.120 seconds.
􁁛  Test "Single year investment" passed after 69.120 seconds.
􁁛  Test "Investment with high discount rate" passed after 69.120 seconds.
􁁛  Test "Standard calendar: Q3 is July-September" passed after 69.120 seconds.
􁁛  Test "LogNormal distribution struct stores parameters" passed after 69.120 seconds.
􁁛  Test "Investment description formatting" passed after 69.120 seconds.
􁁛  Test "Investment never pays back" passed after 69.120 seconds.
􁁛  Test "MonthDay December 31" passed after 69.121 seconds.
􁁛  Test "LogNormal distribution with variance parameter" passed after 69.120 seconds.
􁁛  Test "NPV calculation accuracy" passed after 69.120 seconds.
􁁛  Test "Investment IRR no convergence" passed after 69.120 seconds.
􁁛  Test "Investment comparison IRR" passed after 69.120 seconds.
􁁛  Test "Portfolio ranking by IRR" passed after 69.120 seconds.
􁁛  Test "Minimal investment" passed after 69.120 seconds.
􁁛  Test "Migration preserves existing data" passed after 69.121 seconds.
􁁛  Test "Investment comparison PI" passed after 69.120 seconds.
􁁛  Test "LogNormal distribution relationship to Normal" passed after 69.121 seconds.
􁁛  Test "Growth rate application" passed after 69.120 seconds.
􁁛  Test "Cash flows automatically sorted" passed after 69.120 seconds.
􁁛  Test "Annual periods always map to fiscal period 1" passed after 69.121 seconds.
􁁛  Test "Basic investment builder" passed after 69.120 seconds.
􁁛  Test "LogNormal distribution increasing variance increases spread" passed after 69.120 seconds.
􁁛  Test "Simple investment creation" passed after 69.120 seconds.
􁁛  Test "Portfolio aggregations" passed after 69.120 seconds.
􁁛  Test "Portfolio ranking by PI" passed after 69.120 seconds.
􁁛  Test "Growing investment creation" passed after 69.120 seconds.
􁁛  Test "Total ROI calculation" passed after 69.120 seconds.
􁁛  Test "Empty portfolio" passed after 69.120 seconds.
􁁛  Test "Investment comparison NPV" passed after 69.120 seconds.
􁁛  Test "Investment with all components" passed after 69.120 seconds.
􁁛  Test "Portfolio ranking by NPV" passed after 69.120 seconds.
􁁛  Test "Fractional cash flows" passed after 69.120 seconds.
􁁛  Test "Cash flow arrow syntax" passed after 69.120 seconds.
􁁛  Test "Normal distribution struct random() method" passed after 69.120 seconds.
􁁛  Test "Total cash inflows" passed after 69.120 seconds.
􁁛  Test "LogNormal distribution comparison with Normal" passed after 69.120 seconds.
􁁛  Test "Discounted payback period calculation" passed after 69.120 seconds.
􁁛  Test "Portfolio filtering" passed after 69.120 seconds.
􁁛  Test "Profitability index calculation" passed after 69.120 seconds.
􁁛  Test "Normal distribution with variance parameter" passed after 69.120 seconds.
􁁛  Test "LogNormal distribution used in finance (stock price model)" passed after 69.121 seconds.
􁁛  Test "Normal distribution symmetry around mean" passed after 69.120 seconds.
􁁛  Test "LogNormal distribution struct next() method" passed after 69.120 seconds.
􁁛  Test "Normal distribution seeding produces deterministic results" passed after 69.120 seconds.
􁁛  Test "Standard normal distribution N(0,1) statistical properties" passed after 69.120 seconds.
􁁛  Test "Mean" passed after 69.120 seconds.
􁁛  Test "Normal distribution 68-95-99.7 rule (empirical rule)" passed after 69.120 seconds.
􁁛  Test "Normal distribution with extreme parameters" passed after 69.120 seconds.
􁁛  Test "Investment with zero discount rate" passed after 69.120 seconds.
􁁛  Test "GeometricMean" passed after 69.120 seconds.
􁁛  Test "Normal distribution z-score properties" passed after 69.120 seconds.
􁁛  Test "HarmonicMean" passed after 69.120 seconds.
􁁛  Test "Normal distribution with different standard deviations" passed after 69.120 seconds.
􁁛  Test "ArithmeticGeometricMean" passed after 69.120 seconds.
􁁛  Test "Normal distribution struct stores parameters" passed after 69.120 seconds.
􁁛  Test "Normal distribution function produces finite values" passed after 69.120 seconds.
􁁛  Test "IdentricMean" passed after 69.120 seconds.
􁁛  Test "Payback period calculation" passed after 69.120 seconds.
􁁛  Test "LogarithmicMean" passed after 69.120 seconds.
􁁛  Test "npvExcel reproduces Excel example from documentation" passed after 69.120 seconds.
􁁛  Test "Median" passed after 69.120 seconds.
􁁛  Test "NPV with very high discount rate" passed after 69.120 seconds.
􁁛  Test "Discounted payback period" passed after 69.120 seconds.
􁁛  Test "npvExcel with single cash flow" passed after 69.120 seconds.
􁁛  Test "npvExcel matches Excel NPV function exactly" passed after 69.120 seconds.
􁁛  Test "NPV with TimeSeries input" passed after 69.120 seconds.
􁁛  Test "Normal distribution struct next() method" passed after 69.120 seconds.
􁁛  Test "IRR calculation accuracy" passed after 69.120 seconds.
􁁛  Test "Standard calendar: fiscal year equals calendar year" passed after 69.121 seconds.
􁁛  Test "NPV with very small cash flows" passed after 69.120 seconds.
􁁛  Test "Multiple cash flows" passed after 69.120 seconds.
􁁛  Test "Profitability Index with no initial investment should return infinity" passed after 69.120 seconds.
􁁛  Test "Negative NPV means rate above IRR" passed after 69.120 seconds.
􁁛  Test "Comparing multiple projects with PI" passed after 69.120 seconds.
􁁛  Test "Payback period with early recovery" passed after 69.120 seconds.
􁁛  Test "NPV with zero discount rate" passed after 69.120 seconds.
􁁛  Test "Manufacturing equipment decision" passed after 69.120 seconds.
􁁛  Test "Discounted payback with zero rate matches regular payback" passed after 69.120 seconds.
􁁛  Test "Profitability Index with multiple investments" passed after 69.120 seconds.
􁁛  Test "ArithmeticHarmonicMean" passed after 69.120 seconds.
􁁛  Test "Mode" passed after 69.120 seconds.
􁁛  Test "Normal distribution can produce negative values" passed after 69.120 seconds.
􁁛  Test "npvExcel with zero rate" passed after 69.119 seconds.
􁁛  Test "Payback period with multiple investments" passed after 69.119 seconds.
􁁛  Test "npvExcel with initial investment added separately" passed after 69.119 seconds.
􁁛  Test "npvExcel vs standard npv comparison" passed after 69.119 seconds.
􁁛  Test "NPV with TimeSeries monthly data" passed after 69.119 seconds.
􁁛  Test "Minimize quadratic with linear equality constraint" passed after 69.119 seconds.
􁁛  Test "NPV for 3-year investment: -10000, +3000, +4200, +6800" passed after 69.119 seconds.
􁁛  Test "Discounted payback never achieved" passed after 69.119 seconds.
􁁛  Test "Query by action type" passed after 69.119 seconds.
􁁛  Test "Discounted payback longer than regular payback" passed after 69.119 seconds.
􁁛  Test "Software project with maintenance costs" passed after 69.119 seconds.
􁁛  Test "ContraHarmonicMean" passed after 69.120 seconds.
􁁛  Test "NPV equals zero at IRR" passed after 69.119 seconds.
􁁛  Test "Payback period with immediate recovery" passed after 69.119 seconds.
􁁛  Test "Real estate investment analysis" passed after 69.119 seconds.
􁁛  Test "NPV with single cash flow" passed after 69.119 seconds.
􁁛  Test "Normal distribution with mean=100, stdDev=15" passed after 69.120 seconds.
􁁛  Test "NPV with monthly compounding matches Excel" passed after 69.119 seconds.
􁁛  Test "Profitability Index for positive NPV project" passed after 69.119 seconds.
􁁛  Test "Profitability Index for negative NPV project" passed after 69.119 seconds.
􁁛  Test "Payback period for simple investment" passed after 69.119 seconds.
􁁛  Test "npvExcel with multi-year project" passed after 69.119 seconds.
􁁛  Test "Convergence history tracking" passed after 69.119 seconds.
􁁛  Test "Different starting points converge to same solution" passed after 69.119 seconds.
􁁛  Test "Payback period never achieved" passed after 69.119 seconds.
􁁛  Test "Record audit entry" passed after 69.119 seconds.
􁁛  Test "Reject empty constraints" passed after 69.119 seconds.
􁁛  Test "NPV for simple investment: -1000, +600, +600" passed after 69.119 seconds.
􁁛  Test "NPV equals zero cash flows" passed after 69.120 seconds.
􁁛  Test "Generate audit report" passed after 69.119 seconds.
􁁛  Test "Infeasible initial point" passed after 69.119 seconds.
􁁛  Test "Profitability Index equals 1 at break-even" passed after 69.119 seconds.
􁁛  Test "Query by user" passed after 69.119 seconds.
􁁛  Test "Feasible initial point" passed after 69.119 seconds.
􁁛  Test "Maximize with equality constraint" passed after 69.119 seconds.
􁁛  Test "Audit report format" passed after 69.119 seconds.
􁁛  Test "Realistic portfolio optimization with covariance" passed after 69.120 seconds.
􁁛  Test "Reject inequality constraints" passed after 69.119 seconds.
􁁛  Test "Multiple equality constraints" passed after 69.120 seconds.
􁁛  Test "Query by entity" passed after 69.119 seconds.
􁁛  Test "Save and load from disk" passed after 69.119 seconds.
􁁛  Test "Positive NPV means rate below IRR" passed after 69.119 seconds.
􁁛  Test "RI Model - book value convergence when ROE = Cost of Equity" passed after 69.119 seconds.
􁁛  Test "Three-way valuation comparison - same company" passed after 69.119 seconds.
􁁛  Test "Financial institution - book value matters" passed after 69.119 seconds.
􁁛  Test "Integrated valuation workflow completes quickly" passed after 69.119 seconds.
􁁛  Test "All models handle zero/minimal growth" passed after 69.119 seconds.
􁁛  Test "NPV calculation with Excel comparison" passed after 69.119 seconds.
􁁛  Test "NPV with negative ending cash flow" passed after 69.120 seconds.
􁁛  Test "Query by date range" passed after 69.119 seconds.
􁁛  Test "Mature utility - stable low growth" passed after 69.119 seconds.
􁁛  Test "Complete DCF workflow: FCFF → EV → Equity → Per Share" passed after 69.119 seconds.
􁁛  Test "F-distribution struct random() method" passed after 69.119 seconds.
􁁛  Test "Query with multiple filters" passed after 69.119 seconds.
􁁛  Test "Tech startup - high growth then maturity" passed after 69.119 seconds.
􁁛  Test "F-distribution struct next() method" passed after 69.119 seconds.
􁁛  Test "Clear audit trail" passed after 69.119 seconds.
􁁛  Test "High-dimensional problem" passed after 69.120 seconds.
􁁛  Test "Enterprise Value Bridge - pure equity company" passed after 69.119 seconds.
􁁛  Test "Sensitivity to growth rate - all models" passed after 69.119 seconds.
􁁛  Test "F-distribution function produces positive values" passed after 69.119 seconds.
􁁛  Test "Compare DDM vs FCFE - mature dividend-paying company" passed after 69.119 seconds.
􁁛  Test "F-distribution parameter validation" passed after 69.119 seconds.
􁁛  Test "Compare FCFE vs RI Model - accounting-based company" passed after 69.119 seconds.
􁁛  Test "F-distribution mean only defined for df2 > 2" passed after 69.119 seconds.
􁁛  Test "Portfolio variance minimization with budget constraint" passed after 69.119 seconds.
􁁛  Test "Multiple resources - machine and labor" passed after 69.125 seconds.
􁁛  Test "F-distribution with df1=1 (similar to squared t)" passed after 69.119 seconds.
􁁛  Test "Lagrange multiplier shadow price interpretation" passed after 69.119 seconds.
􁁛  Test "F-distribution variance formula" passed after 69.119 seconds.
􁁛  Test "All models reject invalid terminal growth >= cost" passed after 69.119 seconds.
􁁛  Test "Maximum production limit" passed after 69.125 seconds.
􁁛  Test "F-distribution function statistical properties - F(5, 20)" passed after 69.119 seconds.
􁁛  Test "F-distribution invalid parameter handling" passed after 69.119 seconds.
􁁛  Test "F-distribution reciprocal relationship" passed after 69.119 seconds.
􁁛  Test "F-distribution with large df1 and df2" passed after 69.119 seconds.
􁁛  Test "F-distribution approaches normal for large degrees of freedom" passed after 69.119 seconds.
􁁛  Test "F-distribution common quantiles" passed after 69.119 seconds.
􁁛  Test "F-distribution struct stores df parameters" passed after 69.119 seconds.
􁁛  Test "Sensitivity to cost of equity - all models" passed after 69.119 seconds.
􁁛  Test "Logger workflow simulation" passed after 69.118 seconds.
􁁛  Test "Model building logging" passed after 69.118 seconds.
􁁛  Test "Performance warning logging" passed after 69.118 seconds.
􁁛  Test "Logger categories are properly configured" passed after 69.118 seconds.
􁁛  Test "H-Model reduces to Gordon when initial growth = terminal growth" passed after 69.119 seconds.
􁁛  Test "F-distribution with small df1 and df2" passed after 69.119 seconds.
􁁛  Test "Calculation completed logging" passed after 69.118 seconds.
􁁛  Test "F-distribution in ANOVA context" passed after 69.119 seconds.
􁁛  Test "Signpost with custom ID" passed after 69.118 seconds.
􁁛  Test "F-distribution relationship to chi-squared" passed after 69.119 seconds.
􁁛  Test "Signpost event logging" passed after 69.118 seconds.
􁁛  Test "Generate deterministic sequence of normal values" passed after 69.118 seconds.
􁁛  Test "Signpost interval logging" passed after 69.118 seconds.
􁁛  Test "Seeding works across different distribution parameter sets" passed after 69.118 seconds.
􁁛  Test "Calculation started logging" passed after 69.118 seconds.
􁁛  Test "boxMullerSeed produces valid normal distribution characteristics" passed after 69.118 seconds.
􁁛  Test "seedArray provides uniform coverage of [0,1]" passed after 69.119 seconds.
􁁛  Test "seedArray is deterministic" passed after 69.119 seconds.
􁁛  Test "Deterministic sequence has expected statistical properties" passed after 69.118 seconds.
􁁛  Test "Concurrent logging safety" passed after 69.118 seconds.
􁁛  Test "Performance logging" passed after 69.119 seconds.
􁁛  Test "Validation warning logging" passed after 69.118 seconds.
􁁛  Test "DistributionNormal.next() with seeded uniform produces deterministic values" passed after 69.118 seconds.
􁁛  Test "distributionUniform with same seed produces identical values" passed after 69.118 seconds.
􁁛  Test "Seeds at boundary values work correctly" passed after 69.119 seconds.
􁁛  Test "distributionUniform with seed produces deterministic sequence" passed after 69.118 seconds.
􁁛  Test "F-distribution right-skewed" passed after 69.120 seconds.
􁁛  Test "Performance_TimeSeriesExport" passed after 69.118 seconds.
􁁛  Test "Monte Carlo with seed array produces exact results" passed after 69.118 seconds.
􁁛  Test "Calculation failed logging" passed after 69.119 seconds.
􁁛  Test "Box-Muller with boundary uniform values" passed after 69.118 seconds.
􁁛  Test "VaR consistency test with seeded values is exact" passed after 69.119 seconds.
􁁛  Test "boxMullerSeed with same seeds produces identical normal values" passed after 69.118 seconds.
􁁛  Test "Performance_JSONExportLargeModel" passed after 69.118 seconds.
􁁛  Test "Performance_RepeatedCalculations" passed after 69.118 seconds.
􁁛  Test "Performance_CalculationTracing" passed after 69.118 seconds.
􁁛  Test "distributionUniform with different seeds produces different values" passed after 69.118 seconds.
􁁛  Test "seedArray generates correct number of seeds" passed after 69.118 seconds.
􁁛  Test "Two-Stage DDM reduces to Gordon Growth with zero high growth periods" passed after 69.118 seconds.
􁁛  Test "Performance_TimeSeriesValidation" passed after 69.118 seconds.
􁁛  Test "CVaR calculation with seeded distribution is exact and reproducible" passed after 69.119 seconds.
􁁛  Test "Performance_SummaryGeneration" passed after 69.118 seconds.
􁁛  Test "Performance_CSVExportLargeModel" passed after 69.118 seconds.
􁁛  Test "Performance_LargeModelCalculation" passed after 69.119 seconds.
􁁛  Test "Performance_ModelInspectionOnLargeModel" passed after 69.118 seconds.
􁁛  Test "Complex formula: Total Cost = Fixed + (Variable × Units)" passed after 69.118 seconds.
􁁛  Test "Complex formula: Revenue = Quantity × Price" passed after 69.118 seconds.
􁁛  Test "SumDriver adds probabilistic drivers" passed after 69.118 seconds.
􁁛  Test "DeterministicDriver returns same value multiple times" passed after 69.118 seconds.
􁁛  Test "pairedSeedArrays generates matching pairs" passed after 69.119 seconds.
􁁛  Test "Complex formula: Profit = Revenue - Cost" passed after 69.118 seconds.
􁁛  Test "SumDriver subtracts with operator overloading" passed after 69.118 seconds.
􁁛  Test "SumDriver adds with operator overloading" passed after 69.118 seconds.
􁁛  Test "DeterministicDriver returns fixed value" passed after 69.118 seconds.
􁁛  Test "ProductDriver with operator overloading" passed after 69.118 seconds.
􁁛  Test "Callable bond with Float type" passed after 69.118 seconds.
􁁛  Test "ProbabilisticDriver generates different samples" passed after 69.118 seconds.
􁁛  Test "F-distribution mode property" passed after 69.121 seconds.
􁁛  Test "ProbabilisticDriver convenience initializers" passed after 69.118 seconds.
􁁛  Test "Performance_DependencyGraphConstruction" passed after 69.119 seconds.
􁁛  Test "Higher volatility increases call option value" passed after 69.118 seconds.
􁁛  Test "Performance_MemoryEfficiency" passed after 69.118 seconds.
􁁛  Test "Callable bond effective duration" passed after 69.118 seconds.
􁁛  Test "Multiple call dates in schedule" passed after 69.118 seconds.
􁁛  Test "Free cash flow equals operating + investing per period" passed after 69.118 seconds.
􁁛  Test "Call option value is positive" passed after 69.118 seconds.
􁁛  Test "OAS calculation" passed after 69.118 seconds.
􁁛  Test "Call option value with zero volatility is lower" passed after 69.118 seconds.
􁁛  Test "Performance_BatchModelCalculations" passed after 69.118 seconds.
􁁛  Test "Performance_TraceFormatting" passed after 69.118 seconds.
􁁛  Test "ProductDriver multiplies two deterministic drivers" passed after 69.118 seconds.
􁁛  Test "Accounting equation holds for all periods" passed after 69.118 seconds.
􁁛  Test "ProbabilisticDriver samples from distribution" passed after 69.118 seconds.
􁁛  Test "boxMuller function with seeded uniform produces deterministic output" passed after 69.118 seconds.
􁁛  Test "CAGR with beginning value = 0 should be undefined (NaN/inf)" passed after 69.118 seconds.
􁁛  Test "Apply negative growth (decline)" passed after 69.118 seconds.
􁁛  Test "Business valuation CAGR" passed after 69.118 seconds.
􁁛  Test "F-distribution variance exists only for df2 > 4" passed after 69.120 seconds.
􁁛  Test "Callable bond prices less than non-callable" passed after 69.118 seconds.
􁁛  Test "SumDriver adds two deterministic drivers" passed after 69.118 seconds.
􁁛  Test "Performance_ModelValidation" passed after 69.118 seconds.
􁁛  Test "CAGR over 3 years" passed after 69.118 seconds.
􁁛  Test "CAGR and applyGrowth are consistent" passed after 69.118 seconds.
􁁛  Test "SimulationResults initialization from values" passed after 69.119 seconds.
􁁛  Test "CAGR with negative growth" passed after 69.118 seconds.
􁁛  Test "Income statement sums multiple revenue accounts" passed after 69.118 seconds.
􁁛  Test "Apply growth with monthly compounding" passed after 69.118 seconds.
􁁛  Test "Apply growth with continuous compounding" passed after 69.118 seconds.
􁁛  Test "CAGR over 1 year equals simple growth" passed after 69.118 seconds.
􁁛  Test "Performance_InvestmentCalculations" passed after 69.118 seconds.
􁁛  Test "ProductDriver multiplies deterministic and probabilistic" passed after 69.118 seconds.
􁁛  Test "Apply growth with quarterly compounding" passed after 69.118 seconds.
􁁛  Test "Growth rate with decimal values" passed after 69.118 seconds.
􁁛  Test "Growth rate doubling" passed after 69.118 seconds.
􁁛  Test "Growth rate from 100 to 80 (negative)" passed after 69.118 seconds.
􁁛  Test "Growth rate with equal values is zero" passed after 69.118 seconds.
􁁛  Test "Validation error logging" passed after 69.120 seconds.
􁁛  Test "Apply growth with -100% annual rate collapses to zero after first period" passed after 69.118 seconds.
􁁛  Test "Growth rate over 1 period equals CAGR over 1 year" passed after 69.118 seconds.
􁁛  Test "Threshold boundary behavior toggles detection" passed after 69.118 seconds.
􁁛  Test "Apply 0% growth (no change)" passed after 69.118 seconds.
􁁛  Test "Inflation adjustment" passed after 69.118 seconds.
􁁛  Test "Apply growth with zero periods returns base only" passed after 69.118 seconds.
􁁛  Test "Quarterly vs monthly compounding ordering at same nominal APR" passed after 69.118 seconds.
􁁛  Test "CAGR with very small values" passed after 69.118 seconds.
􁁛  Test "Anomalies before warm-up window are ignored" passed after 69.118 seconds.
􁁛  Test "Apply growth with daily compounding" passed after 69.118 seconds.
􁁛  Test "CAGR with very large values" passed after 69.118 seconds.
􁁛  Test "Investment with monthly contributions" passed after 69.118 seconds.
􁁛  Test "CAGR matches known example" passed after 69.118 seconds.
􁁛  Test "Population growth" passed after 69.118 seconds.
􁁛  Test "CAGR with zero years should handle gracefully" passed after 69.118 seconds.
􁁛  Test "Monitor multiple covenants" passed after 69.118 seconds.
􁁛  Test "Debt-to-EBITDA - compliant" passed after 69.117 seconds.
􁁛  Test "CAGR over fractional years" passed after 69.118 seconds.
􁁛  Test "Minimum EBITDA threshold - met" passed after 69.118 seconds.
􁁛  Test "DSCR - insufficient coverage" passed after 69.118 seconds.
􁁛  Test "Revenue growth projection" passed after 69.118 seconds.
􁁛  Test "Apply growth with large periods" passed after 69.118 seconds.
􁁛  Test "Severity and deviation are monotonic in magnitude" passed after 69.118 seconds.
􁁛  Test "Growth rate from 100 to 110" passed after 69.118 seconds.
􁁛  Test "Interest coverage - calculate exact ratio" passed after 69.118 seconds.
􁁛  Test "Interest coverage ratio - failing covenant" passed after 69.118 seconds.
􁁛  Test "Covenant violations - report generation" passed after 69.117 seconds.
􁁛  Test "Interest coverage ratio - healthy company" passed after 69.118 seconds.
􁁛  Test "BusinessMathError_NumericalInstability" passed after 69.118 seconds.
􁁛  Test "CAGR with equal values is zero" passed after 69.118 seconds.
􁁛  Test "Covenant with cure period" passed after 69.118 seconds.
􁁛  Test "Maximum leverage ratio" passed after 69.118 seconds.
􁁛  Test "BusinessMathError_MismatchedPeriods" passed after 69.118 seconds.
􁁛  Test "Apply 10% growth for 3 periods (annual)" passed after 69.118 seconds.
􁁛  Test "Covenant headroom calculation" passed after 69.118 seconds.
􁁛  Test "Current ratio - below minimum" passed after 69.118 seconds.
􁁛  Test "Current ratio - minimum requirement met" passed after 69.118 seconds.
􁁛  Test "Validation_OutlierDetection" passed after 69.118 seconds.
􁁛  Test "Covenant waiver" passed after 69.118 seconds.
􁁛  Test "Minimum EBITDA threshold - not met" passed after 69.118 seconds.
􁁛  Test "Validatable_TimeSeriesImplementation" passed after 69.118 seconds.
􁁛  Test "Validatable_FinancialModelImplementation" passed after 69.118 seconds.
􁁛  Test "DSCR - adequate coverage" passed after 69.118 seconds.
􁁛  Test "Error_IncludesContext" passed after 69.118 seconds.
􁁛  Test "Error_ProvidesFillForwardSuggestion" passed after 69.118 seconds.
􁁛  Test "Minimum net worth covenant" passed after 69.118 seconds.
􁁛  Test "Compounding frequency affects final value" passed after 69.118 seconds.
􁁛  Test "Growth rate from zero should handle gracefully" passed after 69.118 seconds.
􁁛  Test "Covenant headroom - near breach" passed after 69.118 seconds.
􁁛  Test "Custom covenant - complex condition" passed after 69.118 seconds.
􁁛  Test "Debt-to-EBITDA - breached" passed after 69.117 seconds.
􁁛  Test "Validation_TimeSeriesGaps" passed after 69.117 seconds.
􁁛  Test "Validation_NaNValues" passed after 69.117 seconds.
􁁛  Test "BusinessMathError_EmptyCashFlows" passed after 69.117 seconds.
􁁛  Test "BusinessMathError_DivisionByZero" passed after 69.117 seconds.
􁁛  Test "Validation_InfiniteValues" passed after 69.117 seconds.
􁁛  Test "BusinessMathError_NegativeInitialCost" passed after 69.118 seconds.
􁁛  Test "BusinessMathError_IRRNonConvergence" passed after 69.118 seconds.
􁁛  Test "Lump sum investment: $10,000 for 20 years at 8%" passed after 69.117 seconds.
􁁛  Test "FV of annuity due: $1000/month for 12 months at 1%/month" passed after 69.117 seconds.
􁁛  Test "Semiannual compounding" passed after 69.118 seconds.
􁁛  Test "Error_IncludesExpectedRange" passed after 69.118 seconds.
􁁛  Test "Annuity with zero payment" passed after 69.117 seconds.
􁁛  Test "Future value with zero rate equals present value" passed after 69.117 seconds.
􁁛  Test "Future value with zero present value" passed after 69.117 seconds.
􁁛  Test "Large number of periods" passed after 69.117 seconds.
􁁛  Test "Future value of $1000 in 5 years at 10%" passed after 69.117 seconds.
􁁛  Test "FV annuity and PV annuity are reciprocal" passed after 69.117 seconds.
􁁛  Test "Future value with high rate" passed after 69.117 seconds.
􁁛  Test "Future value with very small rate" passed after 69.117 seconds.
􁁛  Test "Annuity due equals ordinary times (1 + rate)" passed after 69.117 seconds.
􁁛  Test "FV of ordinary annuity with zero rate" passed after 69.117 seconds.
􁁛  Test "Compound growth verification" passed after 69.117 seconds.
􁁛  Test "FV of annuity due with zero rate equals FV ordinary" passed after 69.117 seconds.
􁁛  Test "401k contributions: $500/month for 30 years at 7% annual (0.583%/month)" passed after 69.117 seconds.
􁁛  Test "FV of annuity due: single period" passed after 69.117 seconds.
􁁛  Test "College savings: $300/month for 18 years at 6% annual" passed after 69.117 seconds.
􁁛  Test "FV of annuity due: $100/year for 5 years at 10%" passed after 69.117 seconds.
􁁛  Test "FV of PV equals original FV" passed after 69.117 seconds.
􁁛  Test "Annuity due is always greater than ordinary annuity" passed after 69.117 seconds.
􁁛  Test "FV of ordinary annuity: $100/year for 5 years at 10%" passed after 69.117 seconds.
􁁛  Test "Future value of $1000 in 1 year at 10%" passed after 69.117 seconds.
􁁛  Test "Error_ProvidesInterpolateSuggestion" passed after 69.118 seconds.
􁁛  Test cacPaybackUsesArpu() passed after 69.117 seconds.
􁁛  Test "Error_ProvidesAlternativeMethodSuggestion" passed after 69.118 seconds.
􁁛  Test "Probability boundary semantics are strict" passed after 69.117 seconds.
􁁛  Test "Optimize allocation - zero budget" passed after 69.117 seconds.
􁁛  Test "BusinessMathError_InvalidDiscountRate" passed after 69.118 seconds.
􁁛  Test "FV of ordinary annuity: single period" passed after 69.118 seconds.
􁁛  Test "Single project" passed after 69.117 seconds.
􁁛  Test "Detect exact anomaly positions deterministically" passed after 69.120 seconds.
􁁛  Test "Negative rate should be handled" passed after 69.117 seconds.
􁁛  Test "FV of ordinary annuity: $1000/month for 12 months at 1%/month" passed after 69.118 seconds.
􁁛  Test "Project ROI calculation" passed after 69.117 seconds.
􁁛  Test "No projects" passed after 69.117 seconds.
􁁛  Test "Allocation result description" passed after 69.117 seconds.
􁁛  Test "Future value with zero periods" passed after 69.118 seconds.
􁁛  Test "Optimize allocation - very limited budget" passed after 69.118 seconds.
􁁛  Test "Optimize allocation - limited budget" passed after 69.117 seconds.
􁁛  Test "OAS is positive for credit risk" passed after 69.121 seconds.
􁁛  Test "All projects too expensive" passed after 69.118 seconds.
􁁛  Test "Integer allocation vs greedy comparison" passed after 69.118 seconds.
􁁛  Test "Marketing channel allocation" passed after 69.143 seconds.
􁁛  Test "Simple target seeking - single driver, single target" passed after 69.117 seconds.
􁁛  Test "Exact target matching" passed after 69.117 seconds.
􁁛  Test "Target range constraint" passed after 69.117 seconds.
􁁛  Test "Error_MessageIsHumanReadable" passed after 69.118 seconds.
􁁛  Test "Multi-driver optimization - find price and volume" passed after 69.117 seconds.
􁁛  Test "First and last values" passed after 69.117 seconds.
􁁛  Test "Accessing values with default" passed after 69.117 seconds.
􁁛  Test "Linear growth time series" passed after 69.117 seconds.
􁁛  Test "Map operation on builder-created series" passed after 69.117 seconds.
􁁛  Test "Maximum allocation cap" passed after 69.143 seconds.
􁁛  Test "Percentage change constraint" passed after 69.117 seconds.
􁁛  Test "Absolute change constraint" passed after 69.118 seconds.
􁁛  Test "SaaS revenue model - optimize MRR" passed after 69.118 seconds.
􁁛  Test "Annuity with zero periods" passed after 69.117 seconds.
􁁛  Test "TimeSeries with custom generator" passed after 69.117 seconds.
􁁛  Test "Optimize allocation - unlimited budget" passed after 69.118 seconds.
􁁛  Test "Multiple targets with different priorities" passed after 69.117 seconds.
􁁛  Test "Empty series first and last" passed after 69.118 seconds.
􁁛  Test "Zero coupon bond price calculation" passed after 69.117 seconds.
􁁛  Test "Conditional building" passed after 69.117 seconds.
􁁛  Test priceIncreaseAdjustsARPUAtBoundary() passed after 69.117 seconds.
􁁛  Test "Zero starting value" passed after 69.117 seconds.
􁁛  Test "Savings account: $200/month for 60 months at 0.5%/month" passed after 69.118 seconds.
􁁛  Test "Monthly time series with explicit months" passed after 69.117 seconds.
􁁛  Test "Zero coupon bond cash flow schedule" passed after 69.117 seconds.
􁁛  Test "Integer allocation - all or nothing" passed after 69.118 seconds.
􁁛  Test "Negative starting value" passed after 69.117 seconds.
􁁛  Test "Accessing values by period subscript" passed after 69.117 seconds.
􁁛  Test "Zero coupon bond at different yields" passed after 69.117 seconds.
􁁛  Test "Custom generator takes priority over growth" passed after 69.117 seconds.
􁁛  Test "Constant time series" passed after 69.117 seconds.
􁁛  Test "TimeSeries with basic arrow syntax" passed after 69.117 seconds.
􁁛  Test "Zero growth rate" passed after 69.117 seconds.
􁁛  Test "Very large values" passed after 69.117 seconds.
􁁛  Test "TimeSeries with starting value only" passed after 69.117 seconds.
􁁛  Test "Single value TimeSeries" passed after 69.117 seconds.
􁁛  Test "Zero coupon bond duration equals maturity" passed after 69.117 seconds.
􁁛  Test "Large year range" passed after 69.117 seconds.
􁁛  Test "Single year range" passed after 69.117 seconds.
􁁛  Test "TimeSeries with growth rate" passed after 69.117 seconds.
􁁛  Test "Filter operation on builder-created series" passed after 69.117 seconds.
􁁛  Test "Negative growth rate" passed after 69.117 seconds.
􁁛  Test "Quarterly time series" passed after 69.117 seconds.
􁁛  Test "Longer forecast horizon" passed after 69.117 seconds.
􁁛  Test "Predict using simple moving average" passed after 69.117 seconds.
􁁛  Test "Very small values" passed after 69.117 seconds.
􁁛  Test "Zero coupon bond YTM calculation" passed after 69.118 seconds.
􁁛  Test "TimeSeries with mixed period types" passed after 69.117 seconds.
􁁛  Test "Exponential growth time series" passed after 69.117 seconds.
􁁛  Test "Confidence interval width" passed after 69.117 seconds.
􁁛  Test "Array-based building" passed after 69.117 seconds.
􁁛  Test "Insufficient data for window size" passed after 69.117 seconds.
􁁛  Test "Fractional growth rate" passed after 69.117 seconds.
􁁛  Test "Train model with sufficient data" passed after 69.117 seconds.
􁁛  Test "Window size equals data length" passed after 69.117 seconds.
􁁛  Test "Constant data" passed after 69.117 seconds.
􁁛  Test "Empty TimeSeries" passed after 69.117 seconds.
􁁛  Test rosenbrockOptimization() passed after 69.117 seconds.
􁁛  Test "Forecast with confidence intervals" passed after 69.117 seconds.
􁁛  Test smallUnconstrainedSelection() passed after 69.117 seconds.
􁁛  Test accuracyPreference() passed after 69.117 seconds.
􁁛  Test "E-commerce optimization - balance price and conversion" passed after 69.118 seconds.
􁁛  Test "MarketplaceModel_TakeRateImpactOnRevenue" passed after 69.117 seconds.
􁁛  Test "MarketplaceModel_BuyerSellerRatio" passed after 69.117 seconds.
􁁛  Test equalityConstraintSelection() passed after 69.117 seconds.
􁁛  Test problemAnalysis() passed after 69.117 seconds.
􁁛  Test "MarketplaceModel_AverageSellerRevenue" passed after 69.117 seconds.
􁁛  Test "MarketplaceModel_BuyerGrowth" passed after 69.117 seconds.
􁁛  Test speedPreference() passed after 69.117 seconds.
􁁛  Test "MarketplaceModel_SellerGrowth" passed after 69.117 seconds.
􁁛  Test customTolerance() passed after 69.117 seconds.
􁁛  Test "High growth rate" passed after 69.117 seconds.
􁁛  Test constrainedPortfolio() passed after 69.117 seconds.
􁁛  Test maxIterations() passed after 69.117 seconds.
􁁛  Test "MarketplaceModel_Liquidity" passed after 69.116 seconds.
􁁛  Test "MarketplaceModel_Projection12Months" passed after 69.117 seconds.
􁁛  Test convergenceOnQuadratic() passed after 69.117 seconds.
􁁛  Test "Minimize cost objective" passed after 69.119 seconds.
􁁛  Test "MarketplaceModel_TransactionsPerSeller" passed after 69.117 seconds.
􁁛  Test "MarketplaceModel_BasicSetup" passed after 69.117 seconds.
􁁛  Test "Operating income is gross profit minus operating expenses" passed after 69.117 seconds.
􁁛  Test "EBITDA adds back depreciation and amortization" passed after 69.117 seconds.
􁁛  Test "MarketplaceModel_GMVCalculation" passed after 69.116 seconds.
􁁛  Test "Net margin is net income divided by revenue" passed after 69.117 seconds.
􁁛  Test "Total revenue is sum of all revenue accounts" passed after 69.117 seconds.
􁁛  Test "MarketplaceModel_RevenueCalculation" passed after 69.117 seconds.
􁁛  Test "Gross profit is revenue minus COGS" passed after 69.117 seconds.
􁁛  Test "Gross margin is gross profit divided by revenue" passed after 69.117 seconds.
􁁛  Test "Calculate interest coverage ratio correctly" passed after 69.117 seconds.
􁁛  Test "Net income is revenue minus expenses" passed after 69.117 seconds.
􁁛  Test "EBITDA margin is EBITDA divided by revenue" passed after 69.117 seconds.
􁁛  Test "Income statement handles empty expense accounts" passed after 69.117 seconds.
􁁛  Test "MarketplaceModel_TotalTransactions" passed after 69.117 seconds.
􁁛  Test "Calculate debt to equity ratio correctly" passed after 69.117 seconds.
􁁛  Test "Materialized income statement has all metrics pre-computed" passed after 69.117 seconds.
􁁛  Test "Calculate net income growth rates" passed after 69.117 seconds.
􁁛  Test "Income statement can be created with revenue and expense accounts" passed after 69.117 seconds.
􁁛  Test "Access period summary by period" passed after 69.116 seconds.
􁁛  Test "Small window vs large window" passed after 69.116 seconds.
􁁛  Test "Income statement creation fails with wrong account type in revenue" passed after 69.116 seconds.
􁁛  Test "Total expenses is sum of all expense accounts" passed after 69.117 seconds.
􁁛  Test "Multi-period report with annual summary" passed after 69.116 seconds.
􁁛  Test "Income statement creation fails with wrong account type in expenses" passed after 69.116 seconds.
􁁛  Test "Multi-period report is Codable" passed after 69.116 seconds.
􁁛  Test "Income statement handles empty revenue accounts" passed after 69.117 seconds.
􁁛  Test "Operating margin is operating income divided by revenue" passed after 69.116 seconds.
􁁛  Test "Create multi-period report from quarterly data" passed after 69.116 seconds.
􁁛  Test "Track ROE and ROA trends" passed after 69.116 seconds.
􁁛  Test "Track valuation multiples over time" passed after 69.116 seconds.
􁁛  Test "Track leverage ratios over time" passed after 69.116 seconds.
􁁛  Test "Multi-period report rejects entity mismatch" passed after 69.116 seconds.
􁁛  Test "Access period summary by index" passed after 69.116 seconds.
􁁛  Test "Track margin trends across periods" passed after 69.116 seconds.
􁁛  Test "VaR/CVaR become more conservative when extreme tail loss added" passed after 69.116 seconds.
􁁛  Test "Calculate EBITDA growth rates" passed after 69.116 seconds.
􁁛  Test "Max drawdown exact check (≈ 33.333%)" passed after 69.116 seconds.
􁁛  Test "Sharpe/Sortino handle constant returns (zero volatility)" passed after 69.116 seconds.
􁁛  Test "Clamped driver enforces both min and max" passed after 69.116 seconds.
􁁛  Test "Infeasible target" passed after 69.120 seconds.
􁁛  Test "Positive driver ensures non-negative values" passed after 69.116 seconds.
􁁛  Test "Income statement can be created with multiple accounts" passed after 69.116 seconds.
􁁛  Test "Multi-period report automatically sorts periods" passed after 69.116 seconds.
􁁛  Test "Transformed driver with complex logic" passed after 69.116 seconds.
􁁛  Test "Utilization rate bounded to [0, 1]" passed after 69.116 seconds.
􁁛  Test "Clamped driver enforces maximum" passed after 69.116 seconds.
􁁛  Test "Skewness near zero for symmetric distribution" passed after 69.116 seconds.
􁁛  Test "Revenue model with positive constraint" passed after 69.116 seconds.
􁁛  Test inequalityConstraintSelection() passed after 69.118 seconds.
􁁛  Test "Constrained drivers work with ProductDriver" passed after 69.116 seconds.
􁁛  Test "Income statement creation fails with entity mismatch" passed after 69.117 seconds.
􁁛  Test "Headcount must be positive integer" passed after 69.116 seconds.
􁁛  Test "Constrained drivers work with time-varying drivers" passed after 69.116 seconds.
􁁛  Test "Validate date type - invalid strings rejected" passed after 69.116 seconds.
􁁛  Test "Validate data - aggregates multiple errors" passed after 69.116 seconds.
􁁛  Test "Validate data - extraneous fields are ignored" passed after 69.116 seconds.
􁁛  Test "Multiple constraints can be chained" passed after 69.116 seconds.
􁁛  Test "Optional field present as NSNull is invalid" passed after 69.116 seconds.
􁁛  Test "Cumulative principal for first year" passed after 69.116 seconds.
􁁛  Test "Payment annuity due vs ordinary" passed after 69.116 seconds.
􁁛  Test "Payment equals principal plus interest" passed after 69.116 seconds.
􁁛  Test "Income statement is Codable" passed after 69.116 seconds.
􁁛  Test "Interest payment in last period" passed after 69.116 seconds.
􁁛  Test "Calculate revenue growth rates" passed after 69.116 seconds.
􁁛  Test "Growth rate constrained to realistic bounds" passed after 69.116 seconds.
􁁛  Test "Mortgage amortization first vs last payment" passed after 69.116 seconds.
􁁛  Test "Multi-period report rejects empty periods" passed after 69.117 seconds.
􁁛  Test "Validate arrays - element types and nesting" passed after 69.116 seconds.
􁁛  Test "Enterprise Value - cash-rich company has lower EV than market cap" passed after 69.116 seconds.
􁁛  Test "Interest payment at period zero" passed after 69.116 seconds.
􁁛  Test "Enterprise Value - accounts for debt and cash" passed after 69.115 seconds.
􁁛  Test "Price-to-Sales - revenue multiple" passed after 69.115 seconds.
􁁛  Test "Rounded driver produces integers" passed after 69.116 seconds.
􁁛  Test "Transformed driver applies custom function" passed after 69.116 seconds.
􁁛  Test "Payment for single period" passed after 69.115 seconds.
􁁛  Test "Floored driver rounds down" passed after 69.115 seconds.
􁁛  Test "EV/EBITDA - capital-structure-neutral valuation" passed after 69.115 seconds.
􁁛  Test "Interest payment decreases over time" passed after 69.115 seconds.
􁁛  Test "Payment for $250,000 mortgage at 4% for 30 years" passed after 69.116 seconds.
􁁛  Test "Clamped driver enforces minimum" passed after 69.115 seconds.
􁁛  Test "Price-to-Earnings - growth stock with high P/E" passed after 69.115 seconds.
􁁛  Test "Compare P/E vs EV/EBITDA for leveraged company" passed after 69.115 seconds.
􁁛  Test "Principal payment in first period" passed after 69.115 seconds.
􁁛  Test "Principal/Interest payment beyond final period is zero" passed after 69.115 seconds.
􁁛  Test "Payment with zero rate" passed after 69.115 seconds.
􁁛  Test "Principal payment in last period" passed after 69.115 seconds.
􁁛  Test "Cumulative interest for entire loan" passed after 69.115 seconds.
􁁛  Test "Price-to-Book - value stock comparison" passed after 69.115 seconds.
􁁛  Test "Interest payment in first period" passed after 69.115 seconds.
􁁛  Test "Cumulative interest for first year" passed after 69.115 seconds.
􁁛  Test "Payment for $10,000 loan at 5% for 60 months" passed after 69.115 seconds.
􁁛  Test "Car loan amortization analysis" passed after 69.115 seconds.
􁁛  Test "Principal payment at period zero" passed after 69.115 seconds.
􁁛  Test "Cumulative interest for last year" passed after 69.115 seconds.
􁁛  Test "Interest paid in first 5 years vs last 5 years" passed after 69.115 seconds.
􁁛  Test "Constrained drivers in full Monte Carlo projection" passed after 69.117 seconds.
􁁛  Test "Validate Q4 seasonal boost" passed after 69.115 seconds.
􁁛  Test "Clamped values affect Monte Carlo statistics" passed after 69.116 seconds.
􁁛  Test "Cumulative principal and interest sum to total payments" passed after 69.115 seconds.
􁁛  Test "Verify total costs are in reasonable range" passed after 69.115 seconds.
􁁛  Test "Performance_TimeSeriesMemoryEfficiency" passed after 69.125 seconds.
􁁛  Test "Cumulative principal for last year" passed after 69.115 seconds.
􁁛  Test "Payment with zero periods" passed after 69.115 seconds.
􁁛  Test "Headcount scales with user base" passed after 69.115 seconds.
􁁛  Test "Ceiling driver rounds up" passed after 69.115 seconds.
􁁛  Test "Principal payment increases over time" passed after 69.115 seconds.
􁁛  Test "Earnings yield is inverse of P/E" passed after 69.115 seconds.
􁁛  Test "Create SaaS financial model" passed after 69.115 seconds.
􁁛  Test "Payment with future value" passed after 69.116 seconds.
􁁛  Test "Sample all model components for a single period" passed after 69.115 seconds.
􁁛  Test "ScenarioRunner handles multiple drivers" passed after 69.115 seconds.
􁁛  Test "Verify revenue is in reasonable range" passed after 69.115 seconds.
􁁛  Test "EV/Sales - alternative to P/S" passed after 69.115 seconds.
􁁛  Test "Validate users and headcount are positive integers" passed after 69.115 seconds.
􁁛  Test "ScenarioRunner preserves scenario metadata in projection" passed after 69.115 seconds.
􁁛  Test "ScenarioRunner with probabilistic drivers samples correctly" passed after 69.115 seconds.
􁁛  Test "Run complete example from documentation" passed after 69.115 seconds.
􁁛  Test "Validate 30% annual user growth" passed after 69.115 seconds.
􁁛  Test "Mutually exclusive options" passed after 69.146 seconds.
􁁛  Test "Custom objective function" passed after 69.120 seconds.
􁁛  Test productionPlanningWithUncertainDemand() passed after 69.115 seconds.
􁁛  Test "Validate price per user is in triangular range" passed after 69.115 seconds.
􁁛  Test "ScenarioRunner executes simple scenario" passed after 69.115 seconds.
􁁛  Test "Cumulative principal for entire loan" passed after 69.115 seconds.
􁁛  Test normalScenarioGeneration() passed after 69.115 seconds.
􁁛  Test uniformScenarioGeneration() passed after 69.114 seconds.
􁁛  Test meanVarianceOptimization() passed after 69.115 seconds.
􁁛  Test "Adam optimizer on Rosenbrock" passed after 69.114 seconds.
􁁛  Test "Convergence detection" passed after 69.114 seconds.
􁁛  Test largeProblemSelection() passed after 69.119 seconds.
􁁛  Test "Gradient descent with momentum" passed after 69.114 seconds.
􁁛  Test "All principal payments sum to loan amount" passed after 69.115 seconds.
􁁛  Test "Portfolio variance minimization" passed after 69.115 seconds.
􁁛  Test "Minimize with automatic gradient computation" passed after 69.114 seconds.
􁁛  Test stochasticPortfolioOptimization() passed after 69.115 seconds.
􁁛  Test bootstrapScenarioGeneration() passed after 69.114 seconds.
􁁛  Test degenerateTowardsDeterministic() passed after 69.115 seconds.
􁁛  Test constraintSatisfactionUnderUncertainty() passed after 69.115 seconds.
􁁛  Test discreteScenarios() passed after 69.115 seconds.
􁁛  Test "Minimize 2D quadratic bowl" passed after 69.114 seconds.
􁁛  Test "Adam with automatic gradient computation" passed after 69.114 seconds.
􁁛  Test "Minimize N-dimensional sphere" passed after 69.114 seconds.
􁁛  Test "Line search improves convergence" passed after 69.114 seconds.
􁁛  Test "Report sorting by execution count" passed after 69.114 seconds.
􁁛  Test "Convenience factory methods" passed after 69.114 seconds.
􁁛  Test "Measure simple operation" passed after 69.114 seconds.
􁁛  Test "ScenarioRunner with empty scenario uses all provided drivers" passed after 69.114 seconds.
􁁛  Test convergenceWithVaryingScenarios() passed after 69.115 seconds.
􁁛  Test "Minimize 3D sphere function" passed after 69.114 seconds.
􁁛  Test "Statistics calculation for single measurement" passed after 69.114 seconds.
􁁛  Test "Detect bottlenecks with custom threshold" passed after 69.114 seconds.
􁁛  Test "Max iterations without convergence" passed after 69.115 seconds.
􁁛  Test "Minimize Rosenbrock function" passed after 69.114 seconds.
􁁛  Test "Optimize with Vector2D" passed after 69.114 seconds.
􁁛  Test "ScenarioRunner applies driver overrides" passed after 69.115 seconds.
􁁛  Test "Cash flow reconciles with balance sheet - valid" passed after 69.114 seconds.
􁁛  Test "Balance sheet with tolerance" passed after 69.114 seconds.
􁁛  Test "Report filtering specific operations" passed after 69.114 seconds.
􁁛  Test "Reset specific operation" passed after 69.114 seconds.
􁁛  Test "Report sorting by total time" passed after 69.114 seconds.
􁁛  Test "Positive revenue - valid" passed after 69.114 seconds.
􁁛  Test "Negative revenue - invalid" passed after 69.114 seconds.
􁁛  Test "Adam optimizer on quadratic" passed after 69.114 seconds.
􁁛  Test "Balance sheet balances - valid" passed after 69.114 seconds.
􁁛  Test "Reasonable gross margin - valid" passed after 69.114 seconds.
􁁛  Test "Statistics calculation for multiple measurements" passed after 69.114 seconds.
􁁛  Test "Cash flow reconciliation with tolerance" passed after 69.114 seconds.
􁁛  Test "Complete profiling workflow" passed after 69.114 seconds.
􁁛  Test "Cash flow doesn't reconcile - invalid" passed after 69.114 seconds.
􁁛  Test "Custom warning threshold" passed after 69.114 seconds.
􁁛  Test "Measure same operation multiple times" passed after 69.114 seconds.
􁁛  Test "No bottlenecks when all operations are fast" passed after 69.114 seconds.
􁁛  Test "Empty report" passed after 69.114 seconds.
􁁛  Test "Measure operation that throws" passed after 69.114 seconds.
􁁛  Test "Measure multiple operations" passed after 69.114 seconds.
􁁛  Test "Reset all metrics" passed after 69.114 seconds.
􁁛  Test "Measure operation with work" passed after 69.114 seconds.
􁁛  Test "Memory usage tracking" passed after 69.114 seconds.
􁁛  Test "Measure operation with category" passed after 69.114 seconds.
􁁛  Test "WACC with 100% debt" passed after 69.114 seconds.
􁁛  Test "History recording" passed after 69.115 seconds.
􁁛  Test "CAPM when market return below risk-free" passed after 69.114 seconds.
􁁛  Test "Validate int type" passed after 69.114 seconds.
􁁛  Test "Report formatting" passed after 69.114 seconds.
􁁛  Test "Balance sheet doesn't balance - invalid" passed after 69.114 seconds.
􁁛  Test "Optional fields validated if present" passed after 69.114 seconds.
􁁛  Test "Unusual gross margin - warning" passed after 69.114 seconds.
􁁛  Test "CAPM with negative beta" passed after 69.114 seconds.
􁁛  Test "Seasonality repeats year-over-year" passed after 69.114 seconds.
􁁛  Test "Percentile calculations" passed after 69.114 seconds.
􁁛  Test "Validate data against schema - all fields present" passed after 69.114 seconds.
􁁛  Test "Report CSV export" passed after 69.114 seconds.
􁁛  Test "Validate object type" passed after 69.114 seconds.
􁁛  Test "SaaSModel_MRRCalculation_MultipleMonths" passed after 69.113 seconds.
􁁛  Test "Validate array type" passed after 69.113 seconds.
􁁛  Test "SaaSModel_MRRCalculation_FirstMonth" passed after 69.113 seconds.
􁁛  Test "Validate data - missing required field" passed after 69.114 seconds.
􁁛  Test "Lever/Unlever beta with zero tax" passed after 69.113 seconds.
􁁛  Test "Create schema with required fields" passed after 69.114 seconds.
􁁛  Test "Validate double type" passed after 69.114 seconds.
􁁛  Test "SaaSModel_ChurnImpact_ZeroChurn" passed after 69.113 seconds.
􁁛  Test "SaaSModel_PriceIncrease" passed after 69.114 seconds.
􁁛  Test "Binomial converges to BS within 1% at high steps" passed after 69.114 seconds.
􁁛  Test "SaaSModel_BasicSetup" passed after 69.113 seconds.
􁁛  Test "SaaSModel_UnitEconomics_LTVtoCAC" passed after 69.114 seconds.
􁁛  Test "SaaSModel_CustomerGrowth" passed after 69.113 seconds.
􁁛  Test "Verify Q4 seasonal boost in expected values" passed after 69.117 seconds.
􁁛  Test "SaaSModel_LTVCalculation_WithGrossMargin" passed after 69.113 seconds.
􁁛  Test "SaaSModel_ARRCalculation" passed after 69.113 seconds.
􁁛  Test "forecastWithConfidence(timeSeries:periods:confidenceLevel:) combines train and predictWithConfidence" passed after 69.113 seconds.
􁁛  Test "SaaSModel_ChurnImpact_HighChurn" passed after 69.114 seconds.
􁁛  Test "Convenience methods propagate errors correctly" passed after 69.113 seconds.
􁁛  Test "VarianceP" passed after 69.113 seconds.
􁁛  Test "Validate string type" passed after 69.114 seconds.
􁁛  Test "forecast(timeSeries:periods:) combines train and predict" passed after 69.114 seconds.
􁁛  Test "StdDevP" passed after 69.113 seconds.
􁁛  Test "Validate date type" passed after 69.114 seconds.
􁁛  Test "IndexOfDispersion" passed after 69.113 seconds.
􁁛  Test "SumOfSquaredAvgDiff" passed after 69.113 seconds.
􁁛  Test "Validate bool type" passed after 69.113 seconds.
􁁛  Test "SaaSModel_LTVCalculation" passed after 69.114 seconds.
􁁛  Test "CoefficientOfVariation" passed after 69.113 seconds.
􁁛  Test "Edge modes c == a and c == b produce valid samples in [a,b]" passed after 69.113 seconds.
􁁛  Test "Discount rate - incremental borrowing rate" passed after 69.113 seconds.
􁁛  Test "Right-of-use asset with prepayments" passed after 69.113 seconds.
􁁛  Test "Validate data - incorrect type" passed after 69.114 seconds.
􁁛  Test "Mean equals (a + b + c) / 3" passed after 69.113 seconds.
􁁛  Test "Discount rate - implicit rate in lease" passed after 69.113 seconds.
􁁛  Test "Lease modification - extension" passed after 69.113 seconds.
􁁛  Test "Optional fields not required" passed after 69.114 seconds.
􁁛  Test "Interest expense - first period" passed after 69.113 seconds.
􁁛  Test "Payment breakdown - principal plus interest" passed after 69.113 seconds.
􁁛  Test "SaaSModel_CACPayback" passed after 69.113 seconds.
􁁛  Test "SaaSModel_Projection36Months" passed after 69.114 seconds.
􁁛  Test "Sale and leaseback - deferred gain" passed after 69.113 seconds.
􁁛  Test "TStatistic" passed after 69.113 seconds.
􁁛  Test "Lease liability - amortization over time" passed after 69.113 seconds.
􁁛  Test "Low-value lease - exemption test" passed after 69.113 seconds.
􁁛  Test "Interest expense - declining over time" passed after 69.113 seconds.
􁁛  Test "Principal increasing over time" passed after 69.113 seconds.
􁁛  Test "Operating lease comparison - old vs new standard" passed after 69.113 seconds.
􁁛  Test "StdDevS" passed after 69.113 seconds.
􁁛  Test "Custom stress scenario" passed after 69.113 seconds.
􁁛  Test "SaaSModel_NegativeGrowth_HighChurnLowAcquisition" passed after 69.114 seconds.
􁁛  Test "Stress test report identifies best case" passed after 69.113 seconds.
􁁛  Test "Probability of X ≤ c equals (c − a) / (b − a)" passed after 69.113 seconds.
􁁛  Test "Right-of-use asset - basic calculation" passed after 69.113 seconds.
􁁛  Test "Lease vs buy decision analysis" passed after 69.113 seconds.
􁁛  Test "VarianceTDist" passed after 69.113 seconds.
􁁛  Test "Principal reduction per period" passed after 69.113 seconds.
􁁛  Test "Right-of-use asset with initial direct costs" passed after 69.113 seconds.
􁁛  Test "Scenarios sorted by severity" passed after 69.113 seconds.
􁁛  Test "Negative shock decreases values" passed after 69.113 seconds.
􁁛  Test "StdDev" passed after 69.114 seconds.
􁁛  Test "Short-term lease - exemption test" passed after 69.113 seconds.
􁁛  Test "Stress test runs multiple scenarios" passed after 69.113 seconds.
􁁛  Test "Lease disclosure - total commitments" passed after 69.113 seconds.
􁁛  Test "Scenario result tracks impact" passed after 69.113 seconds.
􁁛  Test "Supply shock scenario targets operations" passed after 69.113 seconds.
􁁛  Test "Lease liability - initial recognition" passed after 69.113 seconds.
􁁛  Test "Lease modification - rent reduction" passed after 69.113 seconds.
􁁛  Test "Sale and leaseback - gain recognition" passed after 69.113 seconds.
􁁛  Test "Recession scenario has expected shocks" passed after 69.113 seconds.
􁁛  Test "VarianceS" passed after 69.114 seconds.
􁁛  Test "Zero shock maintains values" passed after 69.113 seconds.
􁁛  Test "Stress test report identifies worst case" passed after 69.113 seconds.
􁁛  Test "Piotroski F-Score - boundary case with zero values" passed after 69.113 seconds.
􁁛  Test "Piotroski F-Score - individual signal calculations" passed after 69.113 seconds.
􁁛  Test "ROU asset carrying value over time" passed after 69.113 seconds.
􁁛  Test "Financial crisis scenario more severe than recession" passed after 69.113 seconds.
􁁛  Test "Monthly payment frequency" passed after 69.113 seconds.
􁁛  Test "Altman Z-Score - single period with scalar values" passed after 69.113 seconds.
􁁛  Test "Piotroski F-Score - year-over-year improvement detection" passed after 69.112 seconds.
􁁛  Test "Custom amortization - specified payments" passed after 69.112 seconds.
􁁛  Test "Lease disclosure - maturity analysis" passed after 69.113 seconds.
􁁛  Test "MonteCarloSimulation basic initialization" passed after 69.113 seconds.
􁁛  Test "Balance continuity - ending equals next beginning" passed after 69.112 seconds.
􁁛  Test "Lease with variable payments" passed after 69.113 seconds.
􁁛  Test "Custom schedule underpays and leaves residual balance" passed after 69.112 seconds.
􁁛  Test "Zero interest rate - principal only" passed after 69.112 seconds.
􁁛  Test "Altman Z-Score - healthy company in safe zone" passed after 69.112 seconds.
􁁛  Test "ROU asset depreciation - straight line" passed after 69.113 seconds.
􁁛  Test "Piotroski F-Score - weak company scores low" passed after 69.113 seconds.
􁁛  Test "Altman Z-Score - grey zone detection" passed after 69.112 seconds.
􁁛  Test "Bullet payment - balance remains constant until maturity" passed after 69.112 seconds.
􁁛  Test "Custom amortization - varying payments still pay off loan" passed after 69.112 seconds.
􁁛  Test "Quarterly payment frequency" passed after 69.112 seconds.
􁁛  Test "Bullet payment - interest only during term" passed after 69.112 seconds.
􁁛  Test "Model statistics are reasonable" passed after 69.118 seconds.
􁁛  Test "Altman Z-Score - distressed company in danger zone" passed after 69.112 seconds.
􁁛  Test "Piotroski F-Score - strong company scores high" passed after 69.113 seconds.
􁁛  Test "Level payment - payment calculation formula" passed after 69.112 seconds.
􁁛  Test "Straight line - declining interest" passed after 69.112 seconds.
􁁛  Test "High interest rate - substantial interest component" passed after 69.112 seconds.
􁁛  Test "Single payment loan" passed after 69.112 seconds.
􁁛  Test "Large principal - millions" passed after 69.112 seconds.
􁁛  Test "Very short term loan - 1 month" passed after 69.112 seconds.
􁁛  Test "Create time series from dictionary" passed after 69.112 seconds.
􁁛  Test "Balance calculation - beginning minus principal equals ending" passed after 69.112 seconds.
􁁛  Test "Revenue grows faster than costs" passed after 69.118 seconds.
􁁛  Test "Effective annual rate calculation" passed after 69.112 seconds.
􁁛  Test "Create time series with metadata" passed after 69.112 seconds.
􁁛  Test "Annual payment frequency" passed after 69.113 seconds.
􁁛  Test "Straight line - declining total payment" passed after 69.113 seconds.
􁁛  Test "Range with start > end returns empty" passed after 69.112 seconds.
􁁛  Test "TimeSeriesMetadata has default empty values" passed after 69.112 seconds.
􁁛  Test "first returns nil for empty time series" passed after 69.112 seconds.
􁁛  Test "Level payment amortization - basic calculation" passed after 69.112 seconds.
􁁛  Test "Positive shock increases values" passed after 69.112 seconds.
􁁛  Test "Time series with very large values" passed after 69.112 seconds.
􁁛  Test "Can use filter on time series" passed after 69.112 seconds.
􁁛  Test "Level payment - total interest paid" passed after 69.112 seconds.
􁁛  Test "Daily production time series" passed after 69.112 seconds.
􁁛  Test "Time series works with Float type" passed after 69.112 seconds.
􁁛  Test "Subscript returns value for existing period" passed after 69.112 seconds.
􁁛  Test "Straight line amortization - equal principal" passed after 69.112 seconds.
􁁛  Test "Bullet payment - constant interest payments" passed after 69.112 seconds.
􁁛  Test "Time series with negative values" passed after 69.112 seconds.
􁁛  Test "Altman Z-Score - components calculation verification" passed after 69.112 seconds.
􁁛  Test "rollingSum window equal to length returns single sum" passed after 69.112 seconds.
􁁛  Test "count returns number of periods" passed after 69.112 seconds.
􁁛  Test "Round-trip: Spread → Implied Recovery → Credit Spread" passed after 69.112 seconds.
􁁛  Test "Expected loss scales with exposure" passed after 69.112 seconds.
􁁛  Test "Single period time series" passed after 69.112 seconds.
􁁛  Test "Initialization handles duplicate periods by keeping last value" passed after 69.112 seconds.
􁁛  Test "Time series with zero values" passed after 69.112 seconds.
􁁛  Test "LGD for full recovery" passed after 69.112 seconds.
􁁛  Test "TimeSeriesMetadata can be created" passed after 69.112 seconds.
􁁛  Test "Empty time series" passed after 69.112 seconds.
􁁛  Test "Initialization sorts periods chronologically" passed after 69.112 seconds.
􁁛  Test "last returns last value" passed after 69.112 seconds.
􁁛  Test "Expected loss is zero with full recovery" passed after 69.112 seconds.
􁁛  Test "range extracts subset of time series" passed after 69.112 seconds.
􁁛  Test "periods returns all periods in order" passed after 69.111 seconds.
􁁛  Test "Implied recovery rate consistency" passed after 69.111 seconds.
􁁛  Test "Expected loss is zero with zero PD" passed after 69.111 seconds.
􁁛  Test "Subscript returns nil for missing period" passed after 69.112 seconds.
􁁛  Test "Expected loss calculation" passed after 69.111 seconds.
􁁛  Test "range includes both endpoints" passed after 69.111 seconds.
􁁛  Test "Can use map on time series" passed after 69.112 seconds.
􁁛  Test "Expected loss increases with default probability" passed after 69.111 seconds.
􁁛  Test "Recovery model with Float type" passed after 69.111 seconds.
􁁛  Test "fillForward and fillBackward preserve metadata" passed after 69.111 seconds.
􁁛  Test "first returns first value" passed after 69.112 seconds.
􁁛  Test "Expected loss decreases with recovery rate" passed after 69.111 seconds.
􁁛  Test "last returns nil for empty time series" passed after 69.112 seconds.
􁁛  Test "Monthly revenue time series" passed after 69.112 seconds.
􁁛  Test "range with same start and end returns single period" passed after 69.111 seconds.
􁁛  Test "Create time series from arrays" passed after 69.111 seconds.
􁁛  Test "LGD for zero recovery" passed after 69.111 seconds.
􁁛  Test "Quarterly earnings time series" passed after 69.111 seconds.
􁁛  Test "isEmpty returns false for non-empty time series" passed after 69.111 seconds.
􁁛  Test "Can iterate over time series values" passed after 69.111 seconds.
􁁛  Test "Recovery rates ordered by seniority" passed after 69.111 seconds.
􁁛  Test "Standard recovery rate - senior secured" passed after 69.112 seconds.
􁁛  Test "valuesArray returns values in order" passed after 69.111 seconds.
􁁛  Test "Subscript with default returns default for missing period" passed after 69.111 seconds.
􁁛  Test "Subscript with default returns value for existing period" passed after 69.112 seconds.
􁁛  Test "Standard recovery rate - senior unsecured" passed after 69.111 seconds.
􁁛  Test "Loss given default calculation" passed after 69.111 seconds.
􁁛  Test "AGM symmetry and bounds" passed after 69.111 seconds.
􁁛  Test "Can use reduce on time series" passed after 69.112 seconds.
􁁛  Test "Implied recovery rate from spread" passed after 69.111 seconds.
􁁛  Test "range preserves metadata" passed after 69.111 seconds.
􁁛  Test "Standard recovery rate - subordinated" passed after 69.111 seconds.
􁁛  Test "Project dependencies - must select prerequisite" passed after 69.111 seconds.
􁁛  Test "Level payment - increasing principal ratio over time" passed after 69.113 seconds.
􁁛  Test "Identric mean lies between geometric and arithmetic" passed after 69.111 seconds.
􁁛  Test "Standard recovery rate - junior" passed after 69.112 seconds.
􁁛  Test "presentValue with rate = -1 and odd period should be undefined" passed after 69.111 seconds.
􁁛  Test "Present value with zero rate equals future value" passed after 69.111 seconds.
􁁛  Test "Annuity with zero payment" passed after 69.111 seconds.
􁁛  Test "Single-element means return the element" passed after 69.111 seconds.
􁁛  Test "Car loan: $30,000 for 60 months at 5% APR" passed after 69.111 seconds.
􁁛  Test "isEmpty returns true for empty time series" passed after 69.111 seconds.
􁁛  Test "PV of ordinary annuity: single period" passed after 69.111 seconds.
􁁛  Test "Annuity with zero periods" passed after 69.111 seconds.
􁁛  Test "Bond valuation: $1000 face value, 5% coupon, 10 years, 6% yield" passed after 69.111 seconds.
􁁛  Test "PV of annuity due: $100/year for 5 years at 10%" passed after 69.111 seconds.
􁁛  Test "PV of annuity due with zero rate equals PV ordinary" passed after 69.111 seconds.
􁁛  Test "Lottery annuity: $1M paid over 20 years at 6%" passed after 69.111 seconds.
􁁛  Test "PV of ordinary annuity with zero rate" passed after 69.111 seconds.
􁁛  Test "Annuity due equals ordinary times (1 + rate)" passed after 69.111 seconds.
􁁛  Test "Present value of $1000 in 5 years at 10%" passed after 69.111 seconds.
􁁛  Test "npv with rate = -1 should be undefined due to zero denominators" passed after 69.111 seconds.
􁁛  Test "PV of annuity due: $1000/month for 12 months at 1%/month" passed after 69.111 seconds.
􁁛  Test "Negative rate should be handled" passed after 69.111 seconds.
􁁛  Test "All projects exceed budget individually" passed after 69.112 seconds.
􁁛  Test "Present value with zero periods" passed after 69.111 seconds.
􁁛  Test "PV of ordinary annuity: $1000/month for 12 months at 1%/month" passed after 69.111 seconds.
􁁛  Test "Present value with zero future value" passed after 69.111 seconds.
􁁛  Test "Mutually exclusive projects" passed after 69.111 seconds.
􁁛  Test "Inequality chain: H ≤ G ≤ L ≤ A ≤ C for positive values" passed after 69.111 seconds.
􁁛  Test "Annuity due is always greater than ordinary annuity" passed after 69.111 seconds.
􁁛  Test "PV of annuity due: single period" passed after 69.111 seconds.
􁁛  Test "Maximize profitability index (NPV per dollar)" passed after 69.112 seconds.
􁁛  Test "Retirement income: Need $50k/year for 30 years at 4%" passed after 69.111 seconds.
􁁛  Test "PV of ordinary annuity: $100/year for 5 years at 10%" passed after 69.111 seconds.
􁁛  Test "Present value with high rate" passed after 69.111 seconds.
􁁛  Test "Present value with very small rate" passed after 69.111 seconds.
􁁛  Test "Present value of $1000 in 1 year at 10%" passed after 69.111 seconds.
􁁛  Test "Large number of periods" passed after 69.111 seconds.
􁁛  Test "Simple project selection - 3 projects, limited budget" passed after 69.111 seconds.
􁁛  Test "Maximization problem (minimize negative)" passed after 69.111 seconds.
􁁛  Test "Multi-period capital budgeting" passed after 69.112 seconds.
􁁛  Test "t-distribution struct random() method" passed after 69.110 seconds.
􁁛  Test "Constraint satisfaction in final solution" passed after 69.110 seconds.
􁁛  Test "Simple knapsack problem (5 items)" passed after 69.111 seconds.
􁁛  Test "Infeasible integer program" passed after 69.110 seconds.
􁁛  Test "SimplexSolver integration - 2D linear program" passed after 69.111 seconds.
􁁛  Test "t-distribution fat tails (df=3)" passed after 69.111 seconds.
􁁛  Test "t-distribution symmetric around zero" passed after 69.110 seconds.
􁁛  Test "t-distribution function produces reasonable values" passed after 69.110 seconds.
􁁛  Test "SimplexSolver integration - knapsack with linear constraints" passed after 69.110 seconds.
􁁛  Test "SimplexSolver integration - infeasible LP relaxation" passed after 69.110 seconds.
􁁛  Test "t-distribution function statistical properties - df=30" passed after 69.110 seconds.
􁁛  Test "Optimality gap calculation" passed after 69.110 seconds.
􁁛  Test "t-distribution with df=2" passed after 69.110 seconds.
􁁛  Test "Binary variable problem - already integer at root" passed after 69.105 seconds.
􁁛  Test "Depth-first node selection" passed after 69.111 seconds.
􁁛  Test "t-distribution with df=1 (Cauchy distribution)" passed after 69.105 seconds.
􁁛  Test "t-distribution struct stores df parameter" passed after 69.105 seconds.
􁁛  Test "Breadth-first node selection" passed after 69.105 seconds.
􁁛  Test "Performance: 10-variable problem solves quickly" passed after 69.105 seconds.
􁁛  Test "t-distribution struct next() method" passed after 69.105 seconds.
􁁛  Test "Mixed integer problem (not all binary)" passed after 69.104 seconds.
􁁛  Test "SimplexSolver integration - validates solution feasibility" passed after 69.104 seconds.
􁁛  Test "Solution status reporting" passed after 69.105 seconds.
􁁛  Test "SimplexSolver integration - simple binary problem" passed after 69.104 seconds.
􁁛  Test "SimplexSolver integration - equality constraints" passed after 69.104 seconds.
􁁛  Test "Best-bound node selection finds optimum" passed after 69.104 seconds.
􁁛  Test "t-distribution approaches normal as df increases" passed after 69.110 seconds.
􁁛  Test "Profitability ratios remain consistent across periods" passed after 69.103 seconds.
􁁛  Test "solvencyRatios() returns all solvency metrics" passed after 69.102 seconds.
􁁛  Test "liquidityRatios() returns all liquidity metrics" passed after 69.102 seconds.
􁁛  Test "piotroskiFScore() alias works correctly" passed after 69.102 seconds.
􁁛  Test "Service company without inventory/payables/interest handles gracefully" passed after 69.102 seconds.
􁁛  Test "profitabilityRatios() returns all profitability metrics" passed after 69.102 seconds.
􁁛  Test "solvencyRatios() calculates DSCR when payments provided" passed after 69.102 seconds.
􁁛  Test "efficiencyRatios() returns all efficiency metrics including CCC" passed after 69.102 seconds.
􁁛  Test weightedOptimization() passed after 69.102 seconds.
􁁛  Test "valuationMetrics() returns all market-based metrics" passed after 69.102 seconds.
􁁛  Test "Production scheduling with setup costs and demand constraints" passed after 69.105 seconds.
􁁛  Test equalProbabilityScenarios() passed after 69.101 seconds.
􁁛  Test bullBaseBearScenarios() passed after 69.101 seconds.
􁁛  Test probabilityWeighting() passed after 69.101 seconds.
􁁛  Test minimization() passed after 69.101 seconds.
􁁛  Test "Detect bottlenecks with default threshold" passed after 69.118 seconds.
􁁛  Test maximization() passed after 69.101 seconds.
􁁛  Test singleScenario() passed after 69.100 seconds.
􁁛  Test varianceCalculation() passed after 69.100 seconds.
􁁛  Test "Extract time series at different confidence levels" passed after 69.120 seconds.
􁁛  Test "Apply scenario with direct value" passed after 69.098 seconds.
􁁛  Test "All parameter types" passed after 69.098 seconds.
􁁛  Test "Standard five-way template" passed after 69.098 seconds.
􁁛  Test "t-distribution with df=5 vs df=30" passed after 69.105 seconds.
􁁛  Test "Extreme positive adjustments" passed after 69.098 seconds.
􁁛  Test "ScenarioSet scenario lookup" passed after 69.098 seconds.
􁁛  Test "Range calculation" passed after 69.095 seconds.
􁁛  Test "ScenarioSet with multiple scenarios" passed after 69.090 seconds.
􁁛  Test "Zero values" passed after 69.090 seconds.
􁁛  Test "Probability sum validation in expected value" passed after 69.090 seconds.
􁁛  Test zeroProbabilityScenario() passed after 69.101 seconds.
􁁛  Test "Baseline scenario creation" passed after 69.090 seconds.
􁁛  Test "Very large numbers" passed after 69.089 seconds.
􁁛  Test "Standard deviation calculation" passed after 69.095 seconds.
􁁛  Test perScenarioAnalysis() passed after 69.102 seconds.
􁁛  Test "Negative parameter values" passed after 69.089 seconds.
􁁛  Test "Scenario with description" passed after 69.089 seconds.
􁁛  Test "Standard five-way with custom variability" passed after 69.089 seconds.
􁁛  Test "Variance calculation" passed after 69.089 seconds.
􁁛  Test "Revenue adjustments" passed after 69.081 seconds.
􁁛  Test "Apply scenario with no matching parameter" passed after 69.081 seconds.
􁁛  Test "Custom parameter" passed after 69.089 seconds.
􁁛  Test "Expected value with missing probabilities" passed after 69.075 seconds.
􁁛  Test "Empty ScenarioSet" passed after 69.075 seconds.
􁁛  Test "Multiple adjustments" passed after 69.075 seconds.
􁁛  Test "Scenario with probability and description" passed after 69.069 seconds.
􁁛  Test "Pessimistic scenario creation" passed after 69.067 seconds.
􁁛  Test "Mixed parameters and adjustments" passed after 69.067 seconds.
􁁛  Test "Expected value calculation" passed after 69.089 seconds.
􁁛  Test "Very small fractional values" passed after 69.069 seconds.
􁁛  Test "Extreme negative adjustments" passed after 69.067 seconds.
􁁛  Test "Standard three-way template" passed after 69.067 seconds.
􁁛  Test "Apply scenario with adjustment" passed after 69.067 seconds.
􁁛  Test "Cost adjustments" passed after 69.067 seconds.
􁁛  Test "Apply non-existent scenario" passed after 69.067 seconds.
􁁛  Test "Duplicate parameter overwriting" passed after 69.067 seconds.
􁁛  Test "Standard three-way with custom variability" passed after 69.067 seconds.
􁁛  Test "Custom named scenario" passed after 69.067 seconds.
􁁛  Test "Range with single scenario" passed after 69.067 seconds.
􁁛  Test "Scenario with probability" passed after 69.067 seconds.
􁁛  Test "Optimistic scenario creation" passed after 69.058 seconds.
􁁛  Test "Empty scenario" passed after 69.058 seconds.
􁁛  Test "Custom parameter adjustments" passed after 69.058 seconds.
􁁛  Test "Corporate bond yield calculation" passed after 69.058 seconds.
􁁛  Test "Default probability from Z-Score - distress zone" passed after 69.057 seconds.
􁁛  Test "Round-trip: Z-Score → PD → Spread" passed after 69.058 seconds.
􁁛  Test "Default probability from Z-Score - grey zone" passed after 69.056 seconds.
􁁛  Test "Default probability from Z-Score - investment grade" passed after 69.056 seconds.
􁁛  Test "Credit spread with zero recovery rate" passed after 69.056 seconds.
􁁛  Test "Credit spread from default probability" passed after 69.056 seconds.
􁁛  Test "Default probability increases as Z-Score decreases" passed after 69.057 seconds.
􁁛  Test "Credit spread decreases with recovery rate" passed after 69.057 seconds.
􁁛  Test "Credit spread increases with default probability" passed after 69.057 seconds.
􁁛  Test "Two-Stage DDM - invalid when stable g >= r" passed after 69.044 seconds.
􁁛  Test convergenceWithTolerance() passed after 69.102 seconds.
􁁛  Test "Gordon Growth Model - invalid when g > r" passed after 69.043 seconds.
􁁛  Test "H-Model - short half-life" passed after 69.043 seconds.
􁁛  Test "H-Model - reduces to Gordon Growth when initial = terminal" passed after 69.042 seconds.
􁁛  Test "Gordon Growth Model - generic over Real types" passed after 69.042 seconds.
􁁛  Test "Compare all three DDM models" passed after 69.042 seconds.
􁁛  Test "H-Model - generic over Real types" passed after 69.041 seconds.
􁁛  Test "Gordon Growth Model - zero growth" passed after 69.041 seconds.
􁁛  Test "Two-Stage DDM - reduces to Gordon Growth with zero high growth periods" passed after 69.041 seconds.
􁁛  Test "H-Model - linearly declining growth" passed after 69.040 seconds.
􁁛  Test "Gordon Growth Model - invalid when g >= r" passed after 69.040 seconds.
􁁛  Test "Gordon Growth Model - high dividend yield" passed after 69.040 seconds.
􁁛  Test "Two-Stage DDM - growth then mature phase" passed after 69.040 seconds.
􁁛  Test "Gordon Growth Model - low growth rate" passed after 69.040 seconds.
􁁛  Test "Two-Stage DDM - high growth company" passed after 69.038 seconds.
􁁛  Test "Gordon Growth Model - sensitivity to required return" passed after 69.026 seconds.
􁁛  Test "Gordon Growth Model - basic calculation" passed after 69.025 seconds.
􁁛  Test "Accounts with same identity behave as one in a Set" passed after 68.554 seconds.
􁁛  Test "Entities with same ID behave as one in a Set" passed after 68.554 seconds.
􁁛  Test "Growth rate returns nil for missing metric" passed after 68.550 seconds.
􀢄  Test "Verify parallel execution completes faster" recorded an issue at ParallelOptimizerTests.swift:459:3: Expectation failed: (elapsed → 67.66930902004242) < 15.0
􀄵  // With serialized execution, should have full CPU access and complete quickly
􀄵  // Increased threshold to 15s to be safe on slower CI systems
􀄵  Should complete in reasonable time with full CPU access
􁁛  Test "Analyze profit uncertainty across quarters" passed after 69.123 seconds.
􁁛  Suite "Financial Scenario Tests" passed after 69.214 seconds.
􁁛  Suite "Constrained Driver Additional Tests" passed after 69.214 seconds.
􁁛  Suite "Account Type Tests" passed after 69.214 seconds.
􁁛  Suite "Comprehensive Risk Metrics Tests" passed after 69.214 seconds.
􁁛  Suite "Gradient Descent Tests" passed after 69.214 seconds.
􁁛  Suite "Scenario Runner Error Propagation Tests" passed after 69.214 seconds.
􁁛  Suite "SimulationInput Tests" passed after 69.214 seconds.
􁁛  Suite "Floating Point Formatter Tests" passed after 69.214 seconds.
􁁛  Suite "Financial Simulation Tests" passed after 69.214 seconds.
􁁛  Suite "DocumentationExamplesTests" passed after 69.214 seconds.
􁁛  Suite "DuPont Analysis Tests" passed after 69.214 seconds.
􁁛  Suite "CDS Pricing Tests" passed after 69.214 seconds.
􁁛  Suite "SubscriptionBoxModelTests" passed after 69.214 seconds.
􁁛  Suite "Formatted Domain Results Tests" passed after 69.214 seconds.
􀢄  Suite "CommandLineVisualizationTests" failed after 69.214 seconds with 3 issues.
􁁛  Suite "Binomial descriptors - Edge cases" passed after 69.214 seconds.
􁁛  Suite "Additional Holt-Winters Tests" passed after 69.214 seconds.
􁁛  Suite "DataExportTests" passed after 69.214 seconds.
􁁛  Suite "IRR Tests" passed after 69.214 seconds.
􁁛  Suite "JSON Serialization Tests" passed after 69.214 seconds.
􁁛  Suite "Additional MigrationManager Tests" passed after 69.214 seconds.
􁁛  Suite "Validation Rule Tests" passed after 69.214 seconds.
􁁛  Suite "Period Arithmetic Tests" passed after 69.214 seconds.
􁁛  Suite "Period Tests" passed after 69.214 seconds.
􁁛  Suite "Visualization - Additional Tests (Swift Testing)" passed after 69.214 seconds.
􁁛  Suite "Descriptives Tests" passed after 69.215 seconds.
􁁛  Suite "Entity Tests" passed after 69.214 seconds.
􁁛  Suite "Portfolio Optimizer Tests" passed after 69.214 seconds.
􁁛  Suite "Financial Ratios Tests" passed after 69.214 seconds.
􁁛  Suite "Model Validator Tests" passed after 69.214 seconds.
􁁛  Suite "Dispersion - Invariants and Edge Cases" passed after 69.214 seconds.
􁁛  Suite "Integer Specification Tests" passed after 69.214 seconds.
􁁛  Suite "Driver Projection Tests" passed after 69.214 seconds.
􁁛  Suite "BusinessMathError Tests" passed after 69.215 seconds.
􁁛  Suite "TemplateRegistry Tests" passed after 69.214 seconds.
􁁛  Suite "Chesapeake Energy - Complete Financial Reporting" passed after 69.214 seconds.
􁁛  Suite "Trend Model Tests" passed after 69.214 seconds.
􁁛  Suite "Capital Allocation Additional Tests" passed after 69.214 seconds.
􁁛  Suite "Numerical Differentiation Tests" passed after 69.214 seconds.
􁁛  Suite "SubscriptionBoxModel - Additional" passed after 69.214 seconds.
􁁛  Suite "Unassorted Tests" passed after 69.215 seconds.
􁁛  Suite "Constraint Tests" passed after 69.214 seconds.
􁁛  Suite "Balance Sheet Tests" passed after 69.214 seconds.
􁁛  Suite "XNPV and XIRR Tests" passed after 69.214 seconds.
􁁛  Suite "Integration Tests" passed after 69.214 seconds.
􁁛  Suite "MarketplaceModel - Additional" passed after 69.215 seconds.
􁁛  Suite "Simplex Solver Tests" passed after 69.214 seconds.
􁁛  Suite "CalculationTraceTests" passed after 69.215 seconds.
􁁛  Suite "Normal distribution" passed after 69.214 seconds.
􁁛  Suite "MultivariateOptimizer Protocol Tests" passed after 69.215 seconds.
􁁛  Suite "Cutting Plane Generation Tests" passed after 69.215 seconds.
􁁛  Suite "Efficiency Ratios Tests" passed after 69.215 seconds.
􁁛  Suite "ManufacturingModelTests" passed after 69.215 seconds.
􁁛  Suite "Black-Scholes Option Pricing Tests" passed after 69.215 seconds.
􁁛  Suite "Binomial Descriptor Tests" passed after 69.215 seconds.
􁁛  Suite "Triangular Distribution Tests" passed after 69.215 seconds.
􁁛  Suite "TornadoDiagramVisualizationTests" passed after 69.215 seconds.
􁁛  Suite "CSV Export Tests" passed after 69.215 seconds.
􁁛  Suite "Risk Aggregation Additional Tests" passed after 69.215 seconds.
􁁛  Suite "Bond Valuation Integration Tests" passed after 69.215 seconds.
􁁛  Suite "Rayleigh Distribution Tests" passed after 69.215 seconds.
􁁛  Suite "Deterministic Portfolio Tests" passed after 69.215 seconds.
􁁛  Suite PerformanceBenchmarkTests passed after 69.215 seconds.
􁁛  Suite "RetailModelTests" passed after 69.215 seconds.
􁁛  Suite "Skewness - Properties" passed after 69.215 seconds.
􁁛  Suite "SimulationTests" passed after 69.215 seconds.
􁁛  Suite "CSV Import Tests" passed after 69.215 seconds.
􁁛  Suite "Debt Covenants Extras" passed after 69.215 seconds.
􁁛  Suite MultiPeriodOptimizationTests passed after 69.215 seconds.
􁁛  Suite "Holt-Winters Forecasting Tests" passed after 69.215 seconds.
􁁛  Suite "Bayes' Theorem Tests" passed after 69.215 seconds.
􁁛  Suite "Error Handling – Additional Tests" passed after 69.215 seconds.
􁁛  Suite "Geometric Distribution Tests" passed after 69.215 seconds.
􁁛  Suite "Financial Validation - Additional Tests" passed after 69.215 seconds.
􁁛  Suite "LinearRegressionTests" passed after 69.215 seconds.
􁁛  Suite "SkewnessTests" passed after 69.215 seconds.
􁁛  Suite "t Distribution Tests" passed after 69.215 seconds.
􁁛  Suite AdditionalFinancialSimulationTests passed after 69.215 seconds.
􁁛  Suite "Uniform distribution" passed after 69.215 seconds.
􁁛  Suite "Cash Flow Statement Tests" passed after 69.215 seconds.
􁁛  Suite "Financial Projection Tests" passed after 69.215 seconds.
􁁛  Suite "Standard Templates Tests" passed after 69.215 seconds.
􀢄  Test "Verify parallel execution completes faster" failed after 69.177 seconds with 1 issue.
􀄵  /// Test that parallel execution uses multiple cores
􀄵  /// This test requires exclusive CPU access to measure parallel speedup accurately
􁁛  Suite "Inequality Optimizer Tests" passed after 69.215 seconds.
􁁛  Suite "Liquidity Ratios Tests" passed after 69.215 seconds.
􁁛  Suite "Hazard Rate Model Tests" passed after 69.215 seconds.
􁁛  Suite "Credit Curve Tests" passed after 69.215 seconds.
􁁛  Suite "Binomial Tree Option Pricing Tests" passed after 69.215 seconds.
􁁛  Suite "Amortizing Bond Tests" passed after 69.215 seconds.
􁁛  Suite "Residual Income Model Tests" passed after 69.215 seconds.
􁁛  Suite "Driver Projection Additional Tests" passed after 69.215 seconds.
􁁛  Test "Handle narrow search region" passed after 69.170 seconds.
􁁛  Test "Select best result from all starts" passed after 69.170 seconds.
􁁛  Suite "TimeSeries Analytics Tests" passed after 69.215 seconds.
􁁛  Test "Use Newton-Raphson algorithm" passed after 69.170 seconds.
􁁛  Test "Solve simple quadratic with multiple starts" passed after 69.170 seconds.
􁁛  Test "Handle inequality constraints" passed after 69.170 seconds.
􁁛  Test "Handle single starting point" passed after 69.170 seconds.
􁁛  Test "Track all optimization results" passed after 69.170 seconds.
􁁛  Test "Calculate success rate correctly" passed after 69.170 seconds.
􁁛  Suite "Chi-Squared Distribution Tests" passed after 69.215 seconds.
􁁛  Test "Use gradient descent algorithm" passed after 69.170 seconds.
􁁛  Test "Handle equality constraints" passed after 69.170 seconds.
􁁛  Suite "ScenarioAnalysis Tests" passed after 69.215 seconds.
􁁛  Suite "Normal Distribution Function Tests" passed after 69.215 seconds.
􁁛  Test "Track best starting point" passed after 69.169 seconds.
􁁛  Suite "FCFE Model Tests" passed after 69.215 seconds.
􁁛  Suite "ModelBuilder DSL Tests" passed after 69.215 seconds.
􁁛  Suite "Multivariate Newton-Raphson Tests" passed after 69.215 seconds.
􁁛  Suite "Tornado Diagram Tests" passed after 69.218 seconds.
􁁛  Suite "Logistic Distribution Tests" passed after 69.218 seconds.
􁁛  Suite "Anomaly Detection Tests" passed after 69.218 seconds.
􁁛  Suite "ManufacturingModel - Additional" passed after 69.218 seconds.
􁁛  Suite "Data Cache Tests" passed after 69.218 seconds.
􁁛  Suite "InferenceTests" passed after 69.218 seconds.
􁁛  Suite "Gamma Distribution Tests" passed after 69.218 seconds.
􁁛  Suite "Risk Parity Optimization Tests" passed after 69.218 seconds.
􁁛  Suite "SimulationStatistics – Additional" passed after 69.218 seconds.
􁁛  Suite "Time-Varying Driver Tests" passed after 69.218 seconds.
􁁛  Suite "CovarianceandCorrelationTests" passed after 69.218 seconds.
􁁛  Suite "Risk Parity Deterministic Tests" passed after 69.218 seconds.
􁁛  Suite "Newton-Raphson Tests" passed after 69.218 seconds.
􁁛  Suite "Real Options Analysis Tests" passed after 69.218 seconds.
􁁛  Suite "Profitability Ratios Tests" passed after 69.218 seconds.
􁁛  Suite "Sparse Matrix Tests" passed after 69.218 seconds.
􁁛  Suite "Enterprise Value Bridge Tests" passed after 69.218 seconds.
􁁛  Suite "Debug Branch and Bound" passed after 69.218 seconds.
􁁛  Suite "Risk Aggregation Tests" passed after 69.218 seconds.
􁁛  Suite "RetailModel - Additional" passed after 69.218 seconds.
􁁛  Suite "Resource Allocation Tests" passed after 69.218 seconds.
􁁛  Suite "Equity Financing Tests" passed after 69.218 seconds.
􁁛  Suite "Formatted Optimization Result Tests" passed after 69.217 seconds.
􁁛  Suite "Bond Pricing Tests" passed after 69.218 seconds.
􁁛  Suite "Stress Testing Additional Tests" passed after 69.218 seconds.
􁁛  Suite "Black-Scholes Additional Tests" passed after 69.218 seconds.
􁁛  Suite "Combination and Permutation Tests" passed after 69.218 seconds.
􁁛  Suite "Portfolio Optimization Tests" passed after 69.218 seconds.
􁁛  Suite "Credit Term Structure Tests" passed after 69.218 seconds.
􁁛  Suite "Optimizer Tests" passed after 69.218 seconds.
􁁛  Suite RatioConvenienceFunctionsAdditionalTests passed after 69.218 seconds.
􁁛  Suite "TimeSeries Operations Tests" passed after 69.218 seconds.
􁁛  Suite "Capital Structure Tests" passed after 69.218 seconds.
􁁛  Suite "Covariance and Correlation - Properties" passed after 69.218 seconds.
􁁛  Suite "Exporter Equivalence (Swift Testing)" passed after 69.218 seconds.
􁁛  Suite "PeriodType Tests" passed after 69.218 seconds.
􁁛  Suite "Additional Moving Average Tests" passed after 69.218 seconds.
􁁛  Suite "Pareto Distribution Tests" passed after 69.218 seconds.
􁁛  Suite "Seasonality Tests" passed after 69.218 seconds.
􁁛  Suite "Linear Regression - Properties" passed after 69.218 seconds.
􁁛  Suite "Market Data Tests" passed after 69.218 seconds.
􁁛  Suite "AdvancedStatisticsTests" passed after 69.218 seconds.
􁁛  Suite "Merton Model Tests" passed after 69.218 seconds.
􁁛  Suite "Beta Distribution Tests" passed after 69.218 seconds.
􁁛  Suite "Scenario Sensitivity Analysis Tests" passed after 69.218 seconds.
􁁛  Suite "Weibull Distribution Tests" passed after 69.218 seconds.
􁁛  Suite "Schema Migration Tests" passed after 69.218 seconds.
􁁛  Suite "FiscalCalendar Tests" passed after 69.218 seconds.
􁁛  Suite "LogNormal Distribution Tests" passed after 69.218 seconds.
􁁛  Suite "Model Validator - Additional Tests" passed after 69.218 seconds.
􁁛  Suite "Tornado Diagram Additional Tests" passed after 69.218 seconds.
􁁛  Suite "Exponential Distribution Tests" passed after 69.218 seconds.
􁁛  Suite "Normal Distribution Tests" passed after 69.218 seconds.
􁁛  Suite "InvestmentBuilder DSL Tests" passed after 69.218 seconds.
􁁛  Suite "CentralTendencyTests" passed after 69.218 seconds.
􁁛  Suite "Constrained Optimizer Tests" passed after 69.218 seconds.
􁁛  Suite "Audit Trail Tests" passed after 69.218 seconds.
􁁛  Suite "Equity Valuation Integration Tests" passed after 69.218 seconds.
􁁛  Suite "F-Distribution Tests" passed after 69.218 seconds.
􁁛  Suite "Logger Tests" passed after 69.218 seconds.
􁁛  Suite "PerformanceOptimizationTests" passed after 69.218 seconds.
􁁛  Suite "Operational Driver Tests" passed after 69.218 seconds.
􁁛  Suite "Distribution Seeding Tests" passed after 69.218 seconds.
􁁛  Suite "Callable Bond Tests" passed after 69.218 seconds.
􁁛  Suite "Financial Projection Additional Tests" passed after 69.218 seconds.
􁁛  Suite "Additional Anomaly Detection – Deterministic" passed after 69.218 seconds.
􁁛  Suite "Growth Rate Tests" passed after 69.218 seconds.
􁁛  Suite "Debt Covenants Tests" passed after 69.218 seconds.
􁁛  Suite "NPV and Related Metrics Tests" passed after 69.218 seconds.
􁁛  Suite "ErrorHandlingTests" passed after 69.218 seconds.
􁁛  Suite "Future Value Tests" passed after 69.218 seconds.
􁁛  Suite "Capital Allocation Tests" passed after 69.218 seconds.
􁁛  Suite "SaaSModel - Additional" passed after 69.218 seconds.
􁁛  Suite "Driver Optimization Tests" passed after 69.218 seconds.
􁁛  Suite "Zero Coupon Bond Tests" passed after 69.218 seconds.
􁁛  Suite "TimeSeriesBuilder DSL Tests" passed after 69.218 seconds.
􁁛  Suite AdaptiveOptimizerTests passed after 69.218 seconds.
􁁛  Suite "MarketplaceModelTests" passed after 69.218 seconds.
􁁛  Suite "Solvency Ratios Tests" passed after 69.218 seconds.
􁁛  Suite "Income Statement Tests" passed after 69.218 seconds.
􁁛  Suite "Multi-Period Report Tests" passed after 69.218 seconds.
􁁛  Suite "Comprehensive Risk Metrics Additional Tests" passed after 69.218 seconds.
􁁛  Suite "Additional DataSchema Tests" passed after 69.218 seconds.
􁁛  Suite "Constrained Driver Tests" passed after 69.218 seconds.
􁁛  Suite "Valuation Metrics Tests" passed after 69.218 seconds.
􁁛  Suite "Payment Tests" passed after 69.218 seconds.
􁁛  Suite "Scenario Runner Tests" passed after 69.218 seconds.
􁁛  Suite "Integration Example Tests" passed after 69.218 seconds.
􁁛  Suite StochasticOptimizationTests passed after 69.218 seconds.
􁁛  Suite "Multivariate Gradient Descent Tests" passed after 69.218 seconds.
􁁛  Test "Measure async operation" passed after 69.133 seconds.
􁁛  Suite "Financial Validation Tests" passed after 69.218 seconds.
􁁛  Suite "Capital Structure Edge Cases" passed after 69.218 seconds.
􁁛  Suite "Data Schema Tests" passed after 69.218 seconds.
􁁛  Suite "Time-Varying Driver Additional Tests" passed after 69.218 seconds.
􁁛  Suite "Binomial Tree Additional Tests" passed after 69.218 seconds.
􁁛  Suite "Convenience Methods (forecast and forecastWithConfidence)" passed after 69.218 seconds.
􁁛  Suite "DispersionAroundtheMeanTests" passed after 69.218 seconds.
􁁛  Suite "Triangular distribution" passed after 69.218 seconds.
􁁛  Suite "Lease Accounting Tests" passed after 69.218 seconds.
􁁛  Suite "Stress Testing Tests" passed after 69.218 seconds.
􁁛  Suite "Credit Metrics Tests" passed after 69.218 seconds.
􁁛  Suite "Moving Average Forecast Tests" passed after 69.218 seconds.
􁁛  Suite "SaaSModelTests" passed after 69.218 seconds.
􁁛  Suite "Recovery Model Tests" passed after 69.218 seconds.
􁁛  Suite "Central Tendency - Properties" passed after 69.218 seconds.
􁁛  Suite "TimeSeries Tests" passed after 69.218 seconds.
􁁛  Suite "Capital Budgeting Tests" passed after 69.218 seconds.
􁁛  Suite "Branch and Bound Tests" passed after 69.218 seconds.
􁁛  Suite "Student's t-Distribution Tests" passed after 69.218 seconds.
􁁛  Suite "Present Value Tests" passed after 69.218 seconds.
􁁛  Suite RatioConvenienceFunctionsTests2 passed after 69.218 seconds.
􁁛  Suite "ScenarioBuilder DSL Tests" passed after 69.219 seconds.
􁁛  Suite DebtInstrumentTests passed after 69.218 seconds.
􁁛  Suite "Hashability Semantics Tests" passed after 69.220 seconds.
􁁛  Suite "Operational Metrics Edge Cases" passed after 69.219 seconds.
􁁛  Suite "Credit Spread Model Tests" passed after 69.225 seconds.
􀟈  Test "SimulationStatistics with normal distribution data" started.
􀟈  Test "Two-Stage DDM - single calculation performance" started.
􀟈  Test "runCorrelated rejects ρ=1 (singular) for two normals" started.
􀟈  Test "Performance - Algorithm factory overhead" started.
􁁛  Suite "Dividend Discount Model Tests" passed after 69.225 seconds.
􁁛  Suite "Account Tests" passed after 69.229 seconds.
􁁛  Test "Sendable conformance" passed after 69.187 seconds.
􁁛  Suite "Operational Metrics Tests" passed after 69.229 seconds.
􀟈  Test "3×3 correlations: check 1–3 as well" started.
􀟈  Test "CorrelatedNormals rejects mismatched dimensions" started.
􀟈  Test "MultivariateNewtonRaphson - Protocol conformance" started.
􀢄  Suite "Parallel Optimizer Performance Tests" failed after 69.229 seconds with 1 issue.
􀄵  /// Performance tests that need exclusive CPU access
􀄵  /// Note: Serialized to avoid CPU contention with other parallel tests
􀟈  Test "Boundary percentiles p=0 and p=1" started.
􀟈  Test "Percentiles initialization from unsorted data" started.
􀟈  Test "SimulationResults probability calculations" started.
􀟈  Test "Multi-variable simulation with positive correlation" started.
􀟈  Test "Histogram bin coverage at exact bounds" started.
􁁛  Test "Multi-start finds better solution than single start" passed after 69.183 seconds.
􀟈  Test "MonteCarloSimulation adding inputs" started.
􁁛  Test "Concurrent measurements" passed after 69.142 seconds.
􁁛  Test "runCorrelated rejects ρ=1 (singular) for two normals" passed after 0.120 seconds.
􁁛  Suite "VectorSpace Protocol" passed after 69.349 seconds.
􁁛  Test "Two-Stage DDM - single calculation performance" passed after 0.120 seconds.
􁁛  Test "CorrelatedNormals rejects mismatched dimensions" passed after 0.120 seconds.
􁁛  Test "MultivariateNewtonRaphson - Protocol conformance" passed after 0.120 seconds.
􁁛  Test "Boundary percentiles p=0 and p=1" passed after 0.120 seconds.
􁁛  Test "Percentiles initialization from unsorted data" passed after 0.120 seconds.
􁁛  Test "SimulationResults probability calculations" passed after 0.120 seconds.
􁁛  Test "SimulationStatistics with normal distribution data" passed after 0.120 seconds.
􁁛  Test "Histogram bin coverage at exact bounds" passed after 0.120 seconds.
􁁛  Suite "Parallel Multi-Start Optimizer Tests" passed after 69.349 seconds.
􁁛  Test "MonteCarloSimulation adding inputs" passed after 0.120 seconds.
􁁛  Suite "ModelProfiler Tests" passed after 69.347 seconds.
􁁛  Suite "MonteCarloSimulation – Additional" passed after 69.350 seconds.
􁁛  Suite "SimulationResults – Additional" passed after 69.347 seconds.
􀟈  Test "H-Model - single calculation performance" started.
􀟈  Test "CorrelatedNormals rejects invalid correlation matrix" started.
􀟈  Test "ConstrainedOptimizer - Equality constraints via protocol" started.
􀟈  Test "Percentile argument outside [0, 1] is rejected or clamped" started.
􀟈  Test "Percentiles with small dataset" started.
􀟈  Test "SimulationResults probability edge cases" started.
􀟈  Test "SimulationStatistics with uniform distribution data" started.
􀟈  Test "MonteCarloSimulation simple model execution" started.
􁁛  Test "H-Model - single calculation performance" passed after 0.003 seconds.
􁁛  Test "CorrelatedNormals rejects invalid correlation matrix" passed after 0.003 seconds.
􁁛  Test comparisonWithStochastic() passed after 69.248 seconds.
􁁛  Test "Percentile argument outside [0, 1] is rejected or clamped" passed after 0.003 seconds.
􁁛  Test "Percentiles with small dataset" passed after 0.003 seconds.
􁁛  Test "SimulationResults probability edge cases" passed after 0.003 seconds.
􁁛  Test "ConstrainedOptimizer - Equality constraints via protocol" passed after 0.004 seconds.
􁁛  Test "MonteCarloSimulation simple model execution" passed after 0.003 seconds.
􀟈  Test "Gordon Growth - value 1000 stocks" started.
􀟈  Test "CorrelatedNormals sample() generates correct dimensions" started.
􀟈  Test "Non-finite values should throw" started.
􀟈  Test "Percentiles with single value" started.
􀟈  Test "SimulationResults histogram generation" started.
􀟈  Test "InequalityOptimizer - Mixed constraints via protocol" started.
􀟈  Test "MonteCarloSimulation sum of normals" started.
􁁛  Test "Gordon Growth - value 1000 stocks" passed after 0.039 seconds.
􁁛  Test "CorrelatedNormals sample() generates correct dimensions" passed after 0.039 seconds.
􁁛  Test "Non-finite values should throw" passed after 0.039 seconds.
􁁛  Test "Percentiles with single value" passed after 0.039 seconds.
􁁛  Test "SimulationResults histogram generation" passed after 0.039 seconds.
􁁛  Test "InequalityOptimizer - Mixed constraints via protocol" passed after 0.039 seconds.
􁁛  Test "SimulationStatistics with uniform distribution data" passed after 0.043 seconds.
􀟈  Test "Two-Stage DDM - value 100 stocks with 10-year growth" started.
􀟈  Test "CorrelatedNormals with zero correlation (independent variables)" started.
􀟈  Test "Happy path still works with non-empty finite data" started.
􀟈  Test "Percentiles with all same values" started.
􀟈  Test "SimulationResults histogram with different bin counts" started.
􀟈  Test "AdaptiveOptimizer - Automatic algorithm selection" started.
􀟈  Test "SimulationStatistics confidence intervals" started.
􁁛  Test "Two-Stage DDM - value 100 stocks with 10-year growth" passed after 0.029 seconds.
􁁛  Test constraintSatisfaction() passed after 69.318 seconds.
􁁛  Test "Happy path still works with non-empty finite data" passed after 0.029 seconds.
􁁛  Test "Percentiles with all same values" passed after 0.029 seconds.
􁁛  Test "SimulationResults histogram with different bin counts" passed after 0.029 seconds.
􁁛  Test "AdaptiveOptimizer - Automatic algorithm selection" passed after 0.029 seconds.
􁁛  Test "Performance - Algorithm factory overhead" passed after 0.194 seconds.
􁁛  Suite ScenarioOptimizationTests passed after 69.420 seconds.
􁁛  Suite "Percentiles – Additional" passed after 69.422 seconds.
􀟈  Test "H-Model - value 500 stocks" started.
􀟈  Test "Interquartile range (IQR) calculation" started.
􀟈  Test "SimulationResults confidence intervals" started.
􀟈  Test "Protocol - Unconstrained optimizer rejects equality constraints" started.
􀟈  Test "Performance - Small problem (2D)" started.
􁁛  Test "H-Model - value 500 stocks" passed after 0.094 seconds.
􁁛  Test "Interquartile range (IQR) calculation" passed after 0.094 seconds.
􁁛  Test "SimulationResults confidence intervals" passed after 0.094 seconds.
􁁛  Test "Protocol - Unconstrained optimizer rejects equality constraints" passed after 0.094 seconds.
􁁛  Test "Performance - Small problem (2D)" passed after 0.094 seconds.
􀟈  Test "Sensitivity analysis - vary growth rate 100 times" started.
􀟈  Test "Custom percentile calculation" started.
􀟈  Test "SimulationResults with small dataset" started.
􀟈  Test "Protocol - Unconstrained optimizer rejects inequality constraints" started.
􀟈  Test "Performance - Medium problem (10D)" started.
􁁛  Test "Sensitivity analysis - vary growth rate 100 times" passed after 0.010 seconds.
􁁛  Test "Custom percentile calculation" passed after 0.010 seconds.
􁁛  Test "SimulationResults with small dataset" passed after 0.010 seconds.
􁁛  Test "Protocol - Unconstrained optimizer rejects inequality constraints" passed after 0.010 seconds.
􁁛  Test "Performance - Medium problem (10D)" passed after 0.010 seconds.
􀟈  Test "Sensitivity analysis - two-variable grid 10x10" started.
􀟈  Test "Percentiles with negative values" started.
􀟈  Test "SimulationResults with single value" started.
􀟈  Test "Protocol - ConstrainedOptimizer rejects inequality constraints" started.
􀟈  Test "Performance - Large problem (50D)" started.
􁁛  Test "Sensitivity analysis - two-variable grid 10x10" passed after 0.041 seconds.
􁁛  Test "Percentiles with negative values" passed after 0.041 seconds.
􁁛  Test "SimulationResults with single value" passed after 0.041 seconds.
􁁛  Test "Protocol - ConstrainedOptimizer rejects inequality constraints" passed after 0.041 seconds.
􁁛  Test "SimulationStatistics confidence intervals" passed after 0.176 seconds.
􀟈  Test "Two-Stage DDM - 30-year high growth period" started.
􀟈  Test "Percentiles with large dataset" started.
􀟈  Test "SimulationResults with large dataset" started.
􀟈  Test "Protocol - InequalityOptimizer accepts both constraint types" started.
􀟈  Test "SimulationStatistics convenience CI properties" started.
􁁛  Test "Two-Stage DDM - 30-year high growth period" passed after 0.167 seconds.
􁁛  Test "MonteCarloSimulation sum of normals" passed after 0.384 seconds.
􁁛  Test "CorrelatedNormals with zero correlation (independent variables)" passed after 0.345 seconds.
􁁛  Test "Percentiles with large dataset" passed after 0.168 seconds.
􁁛  Test "Multi-variable simulation with positive correlation" passed after 0.510 seconds.
􀟈  Test "Two-Stage DDM - 100-year high growth period" started.
􀟈  Test "MonteCarloSimulation revenue minus costs model" started.
􀟈  Test "CorrelatedNormals with positive correlation" started.
􀟈  Test "Percentiles accuracy with known distribution" started.
􁁛  Test "Protocol - InequalityOptimizer accepts both constraint types" passed after 0.169 seconds.
􀟈  Test "Multi-variable simulation with negative correlation" started.
􁁛  Test "Two-Stage DDM - 100-year high growth period" passed after 0.055 seconds.
􁁛  Test "SimulationStatistics convenience CI properties" passed after 0.224 seconds.
􁁛  Test "Percentiles accuracy with known distribution" passed after 0.104 seconds.
􁁛  Test "MonteCarloSimulation revenue minus costs model" passed after 0.105 seconds.
􀟈  Test "Protocol - Rosenbrock function optimization" started.
􀟈  Test "Performance comparison - Double vs Float" started.
􀟈  Test "SimulationStatistics with single value" started.
􀟈  Test "Percentiles ordering invariant" started.
Double: 1.3190507888793945 ms, Float: 1.1750459671020508 ms
􁁛  Test "Protocol - Rosenbrock function optimization" passed after 0.004 seconds.
􀟈  Test "MonteCarloSimulation convergence with iterations" started.
􁁛  Test "Performance comparison - Double vs Float" passed after 0.005 seconds.
􁁛  Test "SimulationStatistics with single value" passed after 0.003 seconds.
􁁛  Test "Percentiles ordering invariant" passed after 0.008 seconds.
􁁛  Test "Performance - Large problem (50D)" passed after 0.325 seconds.
􀟈  Test "Protocol - Portfolio variance minimization" started.
􀟈  Test "Memory efficiency - create 10000 models" started.
􀟈  Test "SimulationStatistics with all same values" started.
􀟈  Test "Percentiles with duplicates" started.
􀢄  Test "Memory efficiency - create 10000 models" recorded an issue at DDMPerformanceTests.swift:295:9: Expectation failed: (elapsed → 0.010968923568725586) < 0.01
􀄵  // Creating 10000 lightweight structs should be instant (< 10 milliseconds)
􀄵  Creating 10000 models took 10.968923568725586 ms, expected < 10 ms
􁁛  Test "Protocol - Portfolio variance minimization" passed after 0.023 seconds.
􀟈  Test "Performance - Single constraint optimization" started.
􀢄  Test "Memory efficiency - create 10000 models" failed after 0.023 seconds with 1 issue.
􁁛  Test "SimulationStatistics with all same values" passed after 0.013 seconds.
􁁛  Test "Percentiles with duplicates" passed after 0.015 seconds.
􁁛  Test "Performance - Single constraint optimization" passed after 0.001 seconds.
􁁛  Suite "Percentiles Tests" passed after 69.879 seconds.
􀟈  Test "Protocol - Multi-dimensional optimization (10D)" started.
􀟈  Test "Real-world scenario - portfolio screening" started.
􀟈  Test "SimulationStatistics skewness calculation" started.
􁁛  Test "3×3 correlations: check 1–3 as well" passed after 0.678 seconds.
􀟈  Test "Performance - Multiple constraints (5 constraints)" started.
􁁛  Test "Real-world scenario - portfolio screening" passed after 0.026 seconds.
􁁛  Test "SimulationStatistics skewness calculation" passed after 0.001 seconds.
􁁛  Suite "CorrelatedNormals – Additional" passed after 69.915 seconds.
􁁛  Test "Performance - Multiple constraints (5 constraints)" passed after 0.007 seconds.
􀟈  Test "Performance vs manual calculation" started.
􀟈  Test "SimulationStatistics with negative values" started.
􀟈  Test "Performance - Gradient Descent efficiency" started.
􁁛  Test "Protocol - Multi-dimensional optimization (10D)" passed after 0.048 seconds.
􁁛  Test "SimulationStatistics with negative values" passed after 0.013 seconds.
􁁛  Test "Performance - Gradient Descent efficiency" passed after 0.003 seconds.
􀟈  Test "Protocol - Vector2D optimization" started.
􀟈  Test "SimulationStatistics with large dataset" started.
Struct: 10.715961456298828 ms, Manual: 9.05001163482666 ms, Ratio: 1.1840826165417495x
􀟈  Test "Performance - Newton-Raphson efficiency" started.
􁁛  Test "Protocol - Vector2D optimization" passed after 0.002 seconds.
􁁛  Test "Performance vs manual calculation" passed after 0.019 seconds.
􁁛  Test "Performance - Newton-Raphson efficiency" passed after 0.001 seconds.
􀢄  Suite "DDM Performance Tests" failed after 69.936 seconds with 1 issue.
􀟈  Test "Protocol - Vector3D optimization" started.
􀟈  Test "Performance - Adaptive optimizer selection time" started.
􁁛  Test "Protocol - Vector3D optimization" passed after 0.001 seconds.
􁁛  Test "Performance - Adaptive optimizer selection time" passed after 0.001 seconds.
􀟈  Test "Protocol - Algorithm comparison on same problem" started.
􀟈  Test "Performance - Repeated optimization without memory growth" started.
􁁛  Test "Protocol - Algorithm comparison on same problem" passed after 0.001 seconds.
􁁛  Test "MonteCarloSimulation convergence with iterations" passed after 0.165 seconds.
􀟈  Test "Protocol - Multiple equality constraints" started.
􀟈  Test "MonteCarloSimulation with custom sampling function" started.
􁁛  Test "CorrelatedNormals with positive correlation" passed after 0.358 seconds.
􁁛  Test "MonteCarloSimulation with custom sampling function" passed after 0.002 seconds.
􀟈  Test "CorrelatedNormals with negative correlation" started.
􀟈  Test "MonteCarloSimulation error handling - no inputs" started.
􁁛  Test "Multi-variable simulation with negative correlation" passed after 0.407 seconds.
􁁛  Test "MonteCarloSimulation error handling - no inputs" passed after 0.001 seconds.
􀟈  Test "Multi-variable simulation with three correlated variables" started.
􀟈  Test "MonteCarloSimulation error handling - zero iterations" started.
􁁛  Test "Performance - Repeated optimization without memory growth" passed after 0.345 seconds.
􁁛  Test "MonteCarloSimulation error handling - zero iterations" passed after 0.001 seconds.
􀟈  Test "Performance - Convergence rate for well-conditioned problems" started.
􀟈  Test "MonteCarloSimulation with single iteration" started.
􁁛  Test "Performance - Convergence rate for well-conditioned problems" passed after 0.002 seconds.
􁁛  Test "MonteCarloSimulation with single iteration" passed after 0.001 seconds.
􀟈  Test "Performance - Convergence rate for ill-conditioned problems" started.
􀟈  Test "MonteCarloSimulation complex financial model" started.
􁁛  Test "SimulationResults with large dataset" passed after 0.719 seconds.
􁁛  Test "Performance - Convergence rate for ill-conditioned problems" passed after 0.006 seconds.
􀟈  Test "SimulationResults probability between - order independence" started.
􀟈  Test "Performance - Portfolio optimization with 10 assets" started.
􁁛  Test "SimulationResults probability between - order independence" passed after 0.011 seconds.
􁁛  Test "CorrelatedNormals with negative correlation" passed after 0.338 seconds.
􀟈  Test "SimulationResults histogram with extreme values" started.
􀟈  Test "CorrelatedNormals with three variables" started.
􁁛  Test "SimulationResults histogram with extreme values" passed after 0.001 seconds.
􁁛  Test "MonteCarloSimulation complex financial model" passed after 0.159 seconds.
􀟈  Test "SimulationResults integration with real simulation" started.
􀟈  Test "MonteCarloSimulation performance - 10K iterations" started.
􁁛  Test "Performance - Portfolio optimization with 10 assets" passed after 0.301 seconds.
􁁛  Test "Protocol - Multiple equality constraints" passed after 0.592 seconds.
􀟈  Test "Performance - Extreme initial guess" started.
􀟈  Test "Protocol - Box constraints (mixed inequality)" started.
􁁛  Test "Performance - Extreme initial guess" passed after 0.022 seconds.
􁁛  Test "Multi-variable simulation with three correlated variables" passed after 0.482 seconds.
􀟈  Test "Performance - Near-zero gradients" started.
􀟈  Test "Multi-variable simulation rejects mismatched dimensions" started.
􁁛  Test "Performance - Near-zero gradients" passed after 0.001 seconds.
􁁛  Test "Multi-variable simulation rejects mismatched dimensions" passed after 0.001 seconds.
􁁛  Suite "MultivariateOptimizer Performance Tests" passed after 70.642 seconds.
􀟈  Test "Multi-variable simulation rejects invalid correlation matrix" started.
􁁛  Test "Multi-variable simulation rejects invalid correlation matrix" passed after 0.001 seconds.
􀟈  Test "Multi-variable simulation with uniform distributions" started.
􁁛  Test "SimulationResults integration with real simulation" passed after 0.201 seconds.
􀟈  Test "SimulationResults percentile-based analysis" started.
􁁛  Test "SimulationResults percentile-based analysis" passed after 0.062 seconds.
􀟈  Test "SimulationResults statistics integration" started.
􁁛  Test "SimulationResults statistics integration" passed after 0.011 seconds.
􀟈  Test "SimulationResults histogram coverage" started.
􁁛  Test "SimulationResults histogram coverage" passed after 0.017 seconds.
􀟈  Test "SimulationResults automatic bin calculation" started.
􁁛  Test "MonteCarloSimulation performance - 10K iterations" passed after 0.263 seconds.
􀟈  Test "MonteCarloSimulation with triangular distribution" started.
􁁛  Test "Multi-variable simulation with uniform distributions" passed after 0.259 seconds.
􁁛  Test "Concurrent debugging operations" passed after 70.844 seconds.
􁁛  Suite "ModelDebugger Tests" passed after 70.900 seconds.
􀟈  Test "Multi-variable simulation with mixed distributions" started.
􁁛  Test "MonteCarloSimulation with triangular distribution" passed after 0.035 seconds.
􀟈  Test "MonteCarloSimulation multiple independent runs" started.
􁁛  Test "SimulationResults automatic bin calculation" passed after 0.168 seconds.
􀟈  Test "SimulationResults automatic bins vs manual bins" started.
􁁛  Test "CorrelatedNormals with three variables" passed after 0.484 seconds.
􀟈  Test "CorrelatedNormals generates different samples" started.
􁁛  Test "CorrelatedNormals generates different samples" passed after 0.001 seconds.
􀟈  Test "CorrelatedNormals with non-zero means" started.
􁁛  Test "MonteCarloSimulation multiple independent runs" passed after 0.030 seconds.
􀟈  Test "MonteCarloSimulation input order matters" started.
􁁛  Test "MonteCarloSimulation input order matters" passed after 0.001 seconds.
􀟈  Test "MonteCarloSimulation with weibull reliability analysis" started.
􁁛  Test "SimulationResults automatic bins vs manual bins" passed after 0.059 seconds.
􀟈  Test "SimulationResults automatic bins with small dataset" started.
􁁛  Test "SimulationResults automatic bins with small dataset" passed after 0.001 seconds.
􀟈  Test "SimulationResults automatic bins with large dataset" started.
􁁛  Test "MonteCarloSimulation with weibull reliability analysis" passed after 0.057 seconds.
􁁛  Suite "MonteCarloSimulation Tests" passed after 70.990 seconds.
􁁛  Test "SimulationStatistics with large dataset" passed after 1.085 seconds.
􀟈  Test "SimulationStatistics variance-stdDev relationship" started.
􁁛  Test "SimulationStatistics variance-stdDev relationship" passed after 0.001 seconds.
􀟈  Test "SimulationStatistics with exponential distribution" started.
􁁛  Test "Protocol - Box constraints (mixed inequality)" passed after 0.396 seconds.
􀟈  Test "Protocol - Result contains all required fields" started.
􁁛  Test "Protocol - Result contains all required fields" passed after 0.003 seconds.
􀟈  Test "Protocol - Convergence reason is informative" started.
􁁛  Test "Protocol - Convergence reason is informative" passed after 0.001 seconds.
􁁛  Suite "MultivariateOptimizer Integration Tests" passed after 71.030 seconds.
􁁛  Test "CorrelatedNormals with non-zero means" passed after 0.132 seconds.
􀟈  Test "CorrelatedNormals variance approximately 1 with identity correlation" started.
􁁛  Test "SimulationStatistics with exponential distribution" passed after 0.058 seconds.
􁁛  Suite "SimulationStatistics Tests" passed after 71.077 seconds.
􁁛  Test "Multi-variable simulation with mixed distributions" passed after 0.219 seconds.
􀟈  Test "Multi-variable simulation produces different results with different correlations" started.
􁁛  Test "CorrelatedNormals variance approximately 1 with identity correlation" passed after 0.090 seconds.
􁁛  Suite "CorrelatedNormals Tests" passed after 71.148 seconds.
􁁛  Test "Manufacturing optimization - 3 products, 2 resources" passed after 71.329 seconds.
􁁛  Suite "Production Planning Tests" passed after 71.395 seconds.
􁁛  Test "Multi-variable simulation produces different results with different correlations" passed after 0.306 seconds.
􀟈  Test "Multi-variable simulation maintains sample count" started.
􁁛  Test "Multi-variable simulation maintains sample count" passed after 0.221 seconds.
􀟈  Test "Multi-variable simulation with four variables" started.
􁁛  Test "Multi-variable simulation with four variables" passed after 0.208 seconds.
􀟈  Test "Multi-variable simulation calculates correct percentiles" started.
􁁛  Test "Multi-variable simulation calculates correct percentiles" passed after 0.221 seconds.
􁁛  Suite "Multi-Variable Monte Carlo Tests" passed after 72.079 seconds.
􁁛  Test "SimulationResults automatic bins with large dataset" passed after 1.823 seconds.
􀟈  Test "SimulationResults automatic bins with outliers" started.
􁁛  Test "SimulationResults automatic bins with outliers" passed after 0.019 seconds.
􀟈  Test "SimulationResults automatic bins with constant values" started.
􁁛  Test "SimulationResults automatic bins with constant values" passed after 0.001 seconds.
􁁛  Suite "SimulationResults Tests" passed after 72.811 seconds.
􁁛  Test convergenceWithSampleSizes() passed after 78.963 seconds.
􁁛  Test constraintSatisfactionInAllScenarios() passed after 79.550 seconds.
􁁛  Suite RobustOptimizationTests passed after 79.583 seconds.

═══════════════════════════════════════════════════════
  Sparse vs Dense Benchmark (500×500, 0.6% density)
═══════════════════════════════════════════════════════
  Sparse time: 1230.882ms
  Dense time:  46875.639ms
  Speedup:     38.1×
  Non-zeros:   1498
  Sparsity:    99.4%
═══════════════════════════════════════════════════════
􁁛  Test "Sparse vs Dense: 500×500 matrix (0.1% density)" passed after 114.916 seconds.
􀟈  Test "Large sparse matrix: 5,000×5,000 (0.06% density)" started.

═══════════════════════════════════════════════════════
  Large Sparse Matrix Benchmark (5,000×5,000)
═══════════════════════════════════════════════════════
  Matrix size:     5000×5000
  Non-zeros:       14998
  Sparsity:        99.94%
  Avg multiply:    3.969ms
  Throughput:      252.0 mult/sec
═══════════════════════════════════════════════════════
􁁛  Test "Large sparse matrix: 5,000×5,000 (0.06% density)" passed after 0.406 seconds.
􀟈  Test "CG Solver: 100×100 SPD system" started.

═══════════════════════════════════════════════════════
  Conjugate Gradient Solver Benchmark (100×100)
═══════════════════════════════════════════════════════
  System size:     100×100
  Solve time:      3.854ms
  Final residual:  6.30e-09
  Converged:       ✓
═══════════════════════════════════════════════════════
􁁛  Test "CG Solver: 100×100 SPD system" passed after 0.004 seconds.
􀟈  Test "BiCG Solver: 50×50 non-symmetric system" started.

═══════════════════════════════════════════════════════
  Biconjugate Gradient Benchmark (50×50)
═══════════════════════════════════════════════════════
  System size:     50×50
  Solve time:      2.147ms
  Final residual:  9.80e-07
  Converged:       ✓
═══════════════════════════════════════════════════════
􁁛  Test "BiCG Solver: 50×50 non-symmetric system" passed after 0.002 seconds.
􀟈  Test "Memory efficiency: 1,000×1,000 sparse matrix" started.

═══════════════════════════════════════════════════════
  Memory Efficiency (1,000×1,000, 0.3% density)
═══════════════════════════════════════════════════════
  Dense memory:    7MB
  Sparse memory:   0MB
  Memory saved:    99.3%
  Non-zeros:       2998
  Compression:     142.9×
═══════════════════════════════════════════════════════
􁁛  Test "Memory efficiency: 1,000×1,000 sparse matrix" passed after 0.001 seconds.
􁁛  Suite "Sparse Matrix Performance Benchmarks" passed after 115.416 seconds.
􀢄  Test run with 3013 tests in 240 suites failed after 115.421 seconds with 5 issues.
